Archive member included to satisfy reference by file (symbol)

/home/shoop/Documents/MCUXpresso_10.2.0_759/workspace/lpc_board_nxp_lpcxpresso_4337/Debug/liblpc_board_nxp_lpcxpresso_4337.a(board.o)
                              ./src/systick.o (Board_LED_Toggle)
/home/shoop/Documents/MCUXpresso_10.2.0_759/workspace/lpc_board_nxp_lpcxpresso_4337/Debug/liblpc_board_nxp_lpcxpresso_4337.a(board_sysinit.o)
                              ./src/sysinit.o (Board_SystemInit)
/home/shoop/Documents/MCUXpresso_10.2.0_759/workspace/lpc_board_nxp_lpcxpresso_4337/Debug/liblpc_board_nxp_lpcxpresso_4337.a(wm8904.o)
                              /home/shoop/Documents/MCUXpresso_10.2.0_759/workspace/lpc_board_nxp_lpcxpresso_4337/Debug/liblpc_board_nxp_lpcxpresso_4337.a(board.o) (WM8904_Init)
/home/shoop/Documents/MCUXpresso_10.2.0_759/workspace/lpc_chip_43xx/Debug/liblpc_chip_43xx.a(chip_18xx_43xx.o)
                              ./src/systick.o (SystemCoreClock)
/home/shoop/Documents/MCUXpresso_10.2.0_759/workspace/lpc_chip_43xx/Debug/liblpc_chip_43xx.a(clock_18xx_43xx.o)
                              /home/shoop/Documents/MCUXpresso_10.2.0_759/workspace/lpc_chip_43xx/Debug/liblpc_chip_43xx.a(chip_18xx_43xx.o) (Chip_Clock_GetClockInputHz)
/home/shoop/Documents/MCUXpresso_10.2.0_759/workspace/lpc_chip_43xx/Debug/liblpc_chip_43xx.a(fpu_init.o)
                              ./src/sysinit.o (fpuInit)
/home/shoop/Documents/MCUXpresso_10.2.0_759/workspace/lpc_chip_43xx/Debug/liblpc_chip_43xx.a(gpio_18xx_43xx.o)
                              /home/shoop/Documents/MCUXpresso_10.2.0_759/workspace/lpc_board_nxp_lpcxpresso_4337/Debug/liblpc_board_nxp_lpcxpresso_4337.a(board.o) (Chip_GPIO_Init)
/home/shoop/Documents/MCUXpresso_10.2.0_759/workspace/lpc_chip_43xx/Debug/liblpc_chip_43xx.a(i2c_18xx_43xx.o)
                              /home/shoop/Documents/MCUXpresso_10.2.0_759/workspace/lpc_board_nxp_lpcxpresso_4337/Debug/liblpc_board_nxp_lpcxpresso_4337.a(wm8904.o) (Chip_I2C_EventHandlerPolling)
/home/shoop/Documents/MCUXpresso_10.2.0_759/workspace/lpc_chip_43xx/Debug/liblpc_chip_43xx.a(ssp_18xx_43xx.o)
                              /home/shoop/Documents/MCUXpresso_10.2.0_759/workspace/lpc_board_nxp_lpcxpresso_4337/Debug/liblpc_board_nxp_lpcxpresso_4337.a(board.o) (Chip_SSP_WriteFrames_Blocking)
/home/shoop/Documents/MCUXpresso_10.2.0_759/workspace/lpc_chip_43xx/Debug/liblpc_chip_43xx.a(sysinit_18xx_43xx.o)
                              /home/shoop/Documents/MCUXpresso_10.2.0_759/workspace/lpc_board_nxp_lpcxpresso_4337/Debug/liblpc_board_nxp_lpcxpresso_4337.a(board_sysinit.o) (Chip_SetupCoreClock)
/home/shoop/Documents/MCUXpresso_10.2.0_759/workspace/lpc_chip_43xx/Debug/liblpc_chip_43xx.a(uart_18xx_43xx.o)
                              /home/shoop/Documents/MCUXpresso_10.2.0_759/workspace/lpc_board_nxp_lpcxpresso_4337/Debug/liblpc_board_nxp_lpcxpresso_4337.a(board.o) (Chip_UART_Init)
/home/shoop/Documents/MCUXpresso_10.2.0_759/workspace/lpc_chip_43xx/Debug/liblpc_chip_43xx.a(ring_buffer.o)
                              /home/shoop/Documents/MCUXpresso_10.2.0_759/workspace/lpc_chip_43xx/Debug/liblpc_chip_43xx.a(uart_18xx_43xx.o) (RingBuffer_Insert)
/usr/local/mcuxpresso-ide/ide/tools/bin/../lib/gcc/arm-none-eabi/7.2.1/../../../../arm-none-eabi/lib/thumb/v7e-m/fpv4-sp/softfp/libcr_nohost.a(_cr__main.o)
                              ./src/cr_startup_lpc43xx.o (__main)
/usr/local/mcuxpresso-ide/ide/tools/bin/../lib/gcc/arm-none-eabi/7.2.1/../../../../arm-none-eabi/lib/thumb/v7e-m/fpv4-sp/softfp/libcr_c.a(memcpy.o)
                              /home/shoop/Documents/MCUXpresso_10.2.0_759/workspace/lpc_board_nxp_lpcxpresso_4337/Debug/liblpc_board_nxp_lpcxpresso_4337.a(board.o) (memcpy)
/usr/local/mcuxpresso-ide/ide/tools/bin/../lib/gcc/arm-none-eabi/7.2.1/../../../../arm-none-eabi/lib/thumb/v7e-m/fpv4-sp/softfp/libcr_c.a(memset.o)
                              /home/shoop/Documents/MCUXpresso_10.2.0_759/workspace/lpc_chip_43xx/Debug/liblpc_chip_43xx.a(clock_18xx_43xx.o) (memset)
/usr/local/mcuxpresso-ide/ide/tools/bin/../lib/gcc/arm-none-eabi/7.2.1/../../../../arm-none-eabi/lib/thumb/v7e-m/fpv4-sp/softfp/libcr_c.a(initio.o)
                              /usr/local/mcuxpresso-ide/ide/tools/bin/../lib/gcc/arm-none-eabi/7.2.1/../../../../arm-none-eabi/lib/thumb/v7e-m/fpv4-sp/softfp/libcr_nohost.a(_cr__main.o) (_initio)
/usr/local/mcuxpresso-ide/ide/tools/bin/../lib/gcc/arm-none-eabi/7.2.1/../../../../arm-none-eabi/lib/thumb/v7e-m/fpv4-sp/softfp/libcr_c.a(setvbuf.o)
                              /usr/local/mcuxpresso-ide/ide/tools/bin/../lib/gcc/arm-none-eabi/7.2.1/../../../../arm-none-eabi/lib/thumb/v7e-m/fpv4-sp/softfp/libcr_c.a(initio.o) (setvbuf)
/usr/local/mcuxpresso-ide/ide/tools/bin/../lib/gcc/arm-none-eabi/7.2.1/../../../../arm-none-eabi/lib/thumb/v7e-m/fpv4-sp/softfp/libcr_c.a(_fdopen.o)
[...]
Memory Configuration

Name             Origin             Length             Attributes
MFlashA512       0x000000001a000000 0x0000000000080000 xr
MFlashB512       0x000000001b000000 0x0000000000080000 xr
RamLoc32         0x0000000010000000 0x0000000000008000 xrw
RamLoc40         0x0000000010080000 0x000000000000a000 xrw
RamAHB32         0x0000000020000000 0x0000000000008000 xrw
RamAHB16         0x0000000020008000 0x0000000000004000 xrw
RamAHB_ETB16     0x000000002000c000 0x0000000000004000 xrw
*default*        0x0000000000000000 0xffffffffffffffff

Linker script and memory map

LOAD ./src/cr_startup_lpc43xx.o
LOAD ./src/sysinit.o
LOAD ./src/systick.o
LOAD /home/shoop/Documents/MCUXpresso_10.2.0_759/workspace/lpc_board_nxp_lpcxpresso_4337/Debug/liblpc_board_nxp_lpcxpresso_4337.a
LOAD /home/shoop/Documents/MCUXpresso_10.2.0_759/workspace/lpc_chip_43xx/Debug/liblpc_chip_43xx.a
START GROUP
LOAD /usr/local/mcuxpresso-ide/ide/tools/bin/../lib/gcc/arm-none-eabi/7.2.1/../../../../arm-none-eabi/lib/thumb/v7e-m/fpv4-sp/softfp/libcr_nohost.a
LOAD /usr/local/mcuxpresso-ide/ide/tools/bin/../lib/gcc/arm-none-eabi/7.2.1/../../../../arm-none-eabi/lib/thumb/v7e-m/fpv4-sp/softfp/libcr_c.a
LOAD /usr/local/mcuxpresso-ide/ide/tools/bin/../lib/gcc/arm-none-eabi/7.2.1/thumb/v7e-m/fpv4-sp/softfp/libcr_eabihelpers.a
END GROUP
                0x000000001a000000                __base_MFlashA512 = 0x1a000000
                0x000000001a000000                __base_Flash = 0x1a000000
                0x000000001a080000                __top_MFlashA512 = 0x1a080000
                0x000000001a080000                __top_Flash = 0x1a080000
                0x000000001b000000                __base_MFlashB512 = 0x1b000000
                0x000000001b000000                __base_Flash2 = 0x1b000000
                0x000000001b080000                __top_MFlashB512 = 0x1b080000
                0x000000001b080000                __top_Flash2 = 0x1b080000
                0x0000000010000000                __base_RamLoc32 = 0x10000000
                0x0000000010000000                __base_RAM = 0x10000000
                0x0000000010008000                __top_RamLoc32 = 0x10008000
                0x0000000010008000                __top_RAM = 0x10008000
                0x0000000010080000                __base_RamLoc40 = 0x10080000
                0x0000000010080000                __base_RAM2 = 0x10080000
                0x000000001008a000                __top_RamLoc40 = 0x1008a000
                0x000000001008a000                __top_RAM2 = 0x1008a000
                0x0000000020000000                __base_RamAHB32 = 0x20000000
                0x0000000020000000                __base_RAM3 = 0x20000000
                0x0000000020008000                __top_RamAHB32 = 0x20008000
                0x0000000020008000                __top_RAM3 = 0x20008000
                0x0000000020008000                __base_RamAHB16 = 0x20008000
                0x0000000020008000                __base_RAM4 = 0x20008000
                0x000000002000c000                __top_RamAHB16 = 0x2000c000
                0x000000002000c000                __top_RAM4 = 0x2000c000
                0x000000002000c000                __base_RamAHB_ETB16 = 0x2000c000
                0x000000002000c000                __base_RAM5 = 0x2000c000
                0x0000000020010000                __top_RamAHB_ETB16 = 0x20010000
                0x0000000020010000                __top_RAM5 = 0x20010000

.text_Flash2    0x000000001b000000        0x0
 FILL mask 0xff
 *(.text_Flash2*)
 *(.text_MFlashB512*)
 *(.text.$Flash2*)
 *(.text.$MFlashB512*)
 *(.rodata.$Flash2*)
 *(.rodata.$MFlashB512*)

.text           0x000000001a000000     0x1fe8
 FILL mask 0xff
                0x000000001a000000                __vectors_start__ = ABSOLUTE (.)
 *(.isr_vector)
 .isr_vector    0x000000001a000000      0x114 ./src/cr_startup_lpc43xx.o
                0x000000001a000000                g_pfnVectors
                0x000000001a000114                . = ALIGN (0x4)
                0x000000001a000114                __section_table_start = .
                0x000000001a000114                __data_section_table = .
                0x000000001a000114        0x4 LONG 0x1a001fe8 LOADADDR (.data)
                0x000000001a000118        0x4 LONG 0x10000000 ADDR (.data)
                0x000000001a00011c        0x4 LONG 0x0 SIZEOF (.data)
                0x000000001a000120        0x4 LONG 0x1a001fe8 LOADADDR (.data_RAM2)
                0x000000001a000124        0x4 LONG 0x10080000 ADDR (.data_RAM2)
                0x000000001a000128        0x4 LONG 0x0 SIZEOF (.data_RAM2)
                0x000000001a00012c        0x4 LONG 0x1a001fe8 LOADADDR (.data_RAM3)
                0x000000001a000130        0x4 LONG 0x20000000 ADDR (.data_RAM3)
                0x000000001a000134        0x4 LONG 0x0 SIZEOF (.data_RAM3)
                0x000000001a000138        0x4 LONG 0x1a001fe8 LOADADDR (.data_RAM4)
                0x000000001a00013c        0x4 LONG 0x20008000 ADDR (.data_RAM4)
                0x000000001a000140        0x4 LONG 0x0 SIZEOF (.data_RAM4)
                0x000000001a000144        0x4 LONG 0x1a001fe8 LOADADDR (.data_RAM5)
                0x000000001a000148        0x4 LONG 0x2000c000 ADDR (.data_RAM5)
                0x000000001a00014c        0x4 LONG 0x0 SIZEOF (.data_RAM5)
                0x000000001a000150                __data_section_table_end = .
                0x000000001a000150                __bss_section_table = .
                0x000000001a000150        0x4 LONG 0x10000000 ADDR (.bss)
                0x000000001a000154        0x4 LONG 0x1f4 SIZEOF (.bss)
                0x000000001a000158        0x4 LONG 0x10080000 ADDR (.bss_RAM2)
                0x000000001a00015c        0x4 LONG 0x0 SIZEOF (.bss_RAM2)
                0x000000001a000160        0x4 LONG 0x20000000 ADDR (.bss_RAM3)
                0x000000001a000164        0x4 LONG 0x0 SIZEOF (.bss_RAM3)
                0x000000001a000168        0x4 LONG 0x20008000 ADDR (.bss_RAM4)
                0x000000001a00016c        0x4 LONG 0x0 SIZEOF (.bss_RAM4)
                0x000000001a000170        0x4 LONG 0x2000c000 ADDR (.bss_RAM5)
                0x000000001a000174        0x4 LONG 0x0 SIZEOF (.bss_RAM5)
                0x000000001a000178                __bss_section_table_end = .
                0x000000001a000178                __section_table_end = .
 *(.after_vectors*)
 .after_vectors
                0x000000001a000178       0xb8 ./src/cr_startup_lpc43xx.o
                0x000000001a000178                data_init
                0x000000001a0001bc                bss_init
                0x000000001a0001f4                NMI_Handler
                0x000000001a0001fa                HardFault_Handler
                0x000000001a000200                MemManage_Handler
                0x000000001a000206                BusFault_Handler
                0x000000001a00020c                UsageFault_Handler
                0x000000001a000212                SVC_Handler
                0x000000001a000218                DebugMon_Handler
                0x000000001a00021e                PendSV_Handler
                0x000000001a00022a                TIMER2_IRQHandler
                0x000000001a00022a                RIT_IRQHandler
                0x000000001a00022a                ADCHS_IRQHandler
                0x000000001a00022a                FLASH_EEPROM_IRQHandler
                0x000000001a00022a                I2C0_IRQHandler
                0x000000001a00022a                SDIO_IRQHandler
                0x000000001a00022a                ATIMER_IRQHandler
                0x000000001a00022a                I2C1_IRQHandler
                0x000000001a00022a                UART1_IRQHandler
                0x000000001a00022a                GPIO5_IRQHandler
                0x000000001a00022a                CAN1_IRQHandler
                0x000000001a00022a                USB1_IRQHandler
                0x000000001a00022a                I2S0_IRQHandler
                0x000000001a00022a                TIMER3_IRQHandler
                0x000000001a00022a                UART0_IRQHandler
                0x000000001a00022a                SGPIO_IRQHandler
                0x000000001a00022a                ADC0_IRQHandler
                0x000000001a00022a                GPIO6_IRQHandler
                0x000000001a00022a                IntDefaultHandler
                0x000000001a00022a                GPIO1_IRQHandler
                0x000000001a00022a                SSP0_IRQHandler
                0x000000001a00022a                ADC1_IRQHandler
                0x000000001a00022a                RTC_IRQHandler
                0x000000001a00022a                TIMER0_IRQHandler
                0x000000001a00022a                SPI_IRQHandler
                0x000000001a00022a                LCD_IRQHandler
                0x000000001a00022a                TIMER1_IRQHandler
                0x000000001a00022a                UART2_IRQHandler
                0x000000001a00022a                GPIO2_IRQHandler
                0x000000001a00022a                I2S1_IRQHandler
                0x000000001a00022a                SSP1_IRQHandler
                0x000000001a00022a                USB0_IRQHandler
                0x000000001a00022a                GPIO3_IRQHandler
                0x000000001a00022a                SCT_IRQHandler
                0x000000001a00022a                WDT_IRQHandler
                0x000000001a00022a                GPIO7_IRQHandler
                0x000000001a00022a                SPIFI_IRQHandler
                0x000000001a00022a                QEI_IRQHandler
                0x000000001a00022a                ETH_IRQHandler
                0x000000001a00022a                CAN0_IRQHandler
                0x000000001a00022a                GINT0_IRQHandler
                0x000000001a00022a                DAC_IRQHandler
                0x000000001a00022a                M0SUB_IRQHandler
                0x000000001a00022a                GPIO0_IRQHandler
                0x000000001a00022a                DMA_IRQHandler
                0x000000001a00022a                EVRT_IRQHandler
                0x000000001a00022a                UART3_IRQHandler
                0x000000001a00022a                MCPWM_IRQHandler
                0x000000001a00022a                M0APP_IRQHandler
                0x000000001a00022a                GINT1_IRQHandler
                0x000000001a00022a                GPIO4_IRQHandler
 *(.text*)
 .text.ResetISR
                0x000000001a000230       0xc4 ./src/cr_startup_lpc43xx.o
                0x000000001a000230                ResetISR
 .text.SystemInit
                0x000000001a0002f4       0x28 ./src/sysinit.o
                0x000000001a0002f4                SystemInit
 .text.NVIC_SetPriority
                0x000000001a00031c       0x54 ./src/systick.o
 .text.SysTick_Config
                0x000000001a000370       0x44 ./src/systick.o
 .text.SysTick_Handler
                0x000000001a0003b4       0x38 ./src/systick.o
                0x000000001a0003b4                SysTick_Handler
 .text.main     0x000000001a0003ec       0x2c ./src/systick.o
                0x000000001a0003ec                main
 .text.Chip_SCU_PinMuxSet
                0x000000001a000418       0x34 /home/shoop/Documents/MCUXpresso_10.2.0_759/workspace/lpc_board_nxp_lpcxpresso_4337/Debug/liblpc_board_nxp_lpcxpresso_4337.a(board.o)
 .text.Chip_ENET_RMIIEnable
                0x000000001a00044c       0x28 /home/shoop/Documents/MCUXpresso_10.2.0_759/workspace/lpc_board_nxp_lpcxpresso_4337/Debug/liblpc_board_nxp_lpcxpresso_4337.a(board.o)
 .text.Chip_GPIO_SetPinState
                0x000000001a000474       0x38 /home/shoop/Documents/MCUXpresso_10.2.0_759/workspace/lpc_board_nxp_lpcxpresso_4337/Debug/liblpc_board_nxp_lpcxpresso_4337.a(board.o)
 .text.Chip_GPIO_GetPinState
                0x000000001a0004ac       0x36 /home/shoop/Documents/MCUXpresso_10.2.0_759/workspace/lpc_board_nxp_lpcxpresso_4337/Debug/liblpc_board_nxp_lpcxpresso_4337.a(board.o)
 .text.Chip_GPIO_SetPinDIROutput
                0x000000001a0004e2       0x3e /home/shoop/Documents/MCUXpresso_10.2.0_759/workspace/lpc_board_nxp_lpcxpresso_4337/Debug/liblpc_board_nxp_lpcxpresso_4337.a(board.o)
 .text.Chip_UART_TXEnable
                0x000000001a000520       0x1a /home/shoop/Documents/MCUXpresso_10.2.0_759/workspace/lpc_board_nxp_lpcxpresso_4337/Debug/liblpc_board_nxp_lpcxpresso_4337.a(board.o)
 .text.Chip_UART_SendByte
                0x000000001a00053a       0x1e /home/shoop/Documents/MCUXpresso_10.2.0_759/workspace/lpc_board_nxp_lpcxpresso_4337/Debug/liblpc_board_nxp_lpcxpresso_4337.a(board.o)
 .text.Chip_UART_ConfigData
                0x000000001a000558       0x1c /home/shoop/Documents/MCUXpresso_10.2.0_759/workspace/lpc_board_nxp_lpcxpresso_4337/Debug/liblpc_board_nxp_lpcxpresso_4337.a(board.o)
 .text.Chip_UART_ReadLineStatus
                0x000000001a000574       0x18 /home/shoop/Documents/MCUXpresso_10.2.0_759/workspace/lpc_board_nxp_lpcxpresso_4337/Debug/liblpc_board_nxp_lpcxpresso_4337.a(board.o)
 .text.__sys_write
                0x000000001a00058c       0x38 /home/shoop/Documents/MCUXpresso_10.2.0_759/workspace/lpc_board_nxp_lpcxpresso_4337/Debug/liblpc_board_nxp_lpcxpresso_4337.a(board.o)
                0x000000001a00058c                __sys_write
 .text.Board_UART_Init
                0x000000001a0005c4       0x24 /home/shoop/Documents/MCUXpresso_10.2.0_759/workspace/lpc_board_nxp_lpcxpresso_4337/Debug/liblpc_board_nxp_lpcxpresso_4337.a(board.o)
                0x000000001a0005c4                Board_UART_Init
 .text.Board_Debug_Init
                0x000000001a0005e8       0x30 /home/shoop/Documents/MCUXpresso_10.2.0_759/workspace/lpc_board_nxp_lpcxpresso_4337/Debug/liblpc_board_nxp_lpcxpresso_4337.a(board.o)
                0x000000001a0005e8                Board_Debug_Init
 .text.Board_UARTPutChar
                0x000000001a000618       0x34 /home/shoop/Documents/MCUXpresso_10.2.0_759/workspace/lpc_board_nxp_lpcxpresso_4337/Debug/liblpc_board_nxp_lpcxpresso_4337.a(board.o)
                0x000000001a000618                Board_UARTPutChar
 .text.Board_LED_Init
                0x000000001a00064c       0x5c /home/shoop/Documents/MCUXpresso_10.2.0_759/workspace/lpc_board_nxp_lpcxpresso_4337/Debug/liblpc_board_nxp_lpcxpresso_4337.a(board.o)
 .text.Board_LED_Set
                0x000000001a0006a8       0x48 /home/shoop/Documents/MCUXpresso_10.2.0_759/workspace/lpc_board_nxp_lpcxpresso_4337/Debug/liblpc_board_nxp_lpcxpresso_4337.a(board.o)
                0x000000001a0006a8                Board_LED_Set
 .text.Board_LED_Test
                0x000000001a0006f0       0x48 /home/shoop/Documents/MCUXpresso_10.2.0_759/workspace/lpc_board_nxp_lpcxpresso_4337/Debug/liblpc_board_nxp_lpcxpresso_4337.a(board.o)
                0x000000001a0006f0                Board_LED_Test
 .text.Board_LED_Toggle
                0x000000001a000738       0x3c /home/shoop/Documents/MCUXpresso_10.2.0_759/workspace/lpc_board_nxp_lpcxpresso_4337/Debug/liblpc_board_nxp_lpcxpresso_4337.a(board.o)
                0x000000001a000738                Board_LED_Toggle
 .text.Board_Init
                0x000000001a000774       0x24 /home/shoop/Documents/MCUXpresso_10.2.0_759/workspace/lpc_board_nxp_lpcxpresso_4337/Debug/liblpc_board_nxp_lpcxpresso_4337.a(board.o)
                0x000000001a000774                Board_Init
 .text.Chip_SCU_PinMuxSet
                0x000000001a000798       0x34 /home/shoop/Documents/MCUXpresso_10.2.0_759/workspace/lpc_board_nxp_lpcxpresso_4337/Debug/liblpc_board_nxp_lpcxpresso_4337.a(board_sysinit.o)
 .text.Chip_SCU_SetPinMuxing
                0x000000001a0007cc       0x4a /home/shoop/Documents/MCUXpresso_10.2.0_759/workspace/lpc_board_nxp_lpcxpresso_4337/Debug/liblpc_board_nxp_lpcxpresso_4337.a(board_sysinit.o)
 *fill*         0x000000001a000816        0x2 ff
 .text.Chip_CREG_SetFlashAcceleration
                0x000000001a000818       0x54 /home/shoop/Documents/MCUXpresso_10.2.0_759/workspace/lpc_board_nxp_lpcxpresso_4337/Debug/liblpc_board_nxp_lpcxpresso_4337.a(board_sysinit.o)
 .text.Board_SetupMuxing
                0x000000001a00086c       0x14 /home/shoop/Documents/MCUXpresso_10.2.0_759/workspace/lpc_board_nxp_lpcxpresso_4337/Debug/liblpc_board_nxp_lpcxpresso_4337.a(board_sysinit.o)
                0x000000001a00086c                Board_SetupMuxing
 .text.Board_SetupClocking
                0x000000001a000880       0x9c /home/shoop/Documents/MCUXpresso_10.2.0_759/workspace/lpc_board_nxp_lpcxpresso_4337/Debug/liblpc_board_nxp_lpcxpresso_4337.a(board_sysinit.o)
                0x000000001a000880                Board_SetupClocking
 .text.Board_SystemInit
                0x000000001a00091c       0x10 /home/shoop/Documents/MCUXpresso_10.2.0_759/workspace/lpc_board_nxp_lpcxpresso_4337/Debug/liblpc_board_nxp_lpcxpresso_4337.a(board_sysinit.o)
                0x000000001a00091c                Board_SystemInit
 .text.SystemCoreClockUpdate
                0x000000001a00092c       0x18 /home/shoop/Documents/MCUXpresso_10.2.0_759/workspace/lpc_chip_43xx/Debug/liblpc_chip_43xx.a(chip_18xx_43xx.o)
                0x000000001a00092c                SystemCoreClockUpdate
 .text.ABS      0x000000001a000944       0x22 /home/shoop/Documents/MCUXpresso_10.2.0_759/workspace/lpc_chip_43xx/Debug/liblpc_chip_43xx.a(clock_18xx_43xx.o)
 *fill*         0x000000001a000966        0x2 ff
 .text.pll_calc_divs
                0x000000001a000968      0x124 /home/shoop/Documents/MCUXpresso_10.2.0_759/workspace/lpc_chip_43xx/Debug/liblpc_chip_43xx.a(clock_18xx_43xx.o)
 .text.pll_get_frac
                0x000000001a000a8c      0x180 /home/shoop/Documents/MCUXpresso_10.2.0_759/workspace/lpc_chip_43xx/Debug/liblpc_chip_43xx.a(clock_18xx_43xx.o)
 .text.Chip_Clock_GetDivRate
                0x000000001a000c0c       0x40 /home/shoop/Documents/MCUXpresso_10.2.0_759/workspace/lpc_chip_43xx/Debug/liblpc_chip_43xx.a(clock_18xx_43xx.o)
 .text.Chip_Clock_FindBaseClock
                0x000000001a000c4c       0x90 /home/shoop/Documents/MCUXpresso_10.2.0_759/workspace/lpc_chip_43xx/Debug/liblpc_chip_43xx.a(clock_18xx_43xx.o)
 .text.Chip_Clock_EnableCrystal
                0x000000001a000cdc       0x70 /home/shoop/Documents/MCUXpresso_10.2.0_759/workspace/lpc_chip_43xx/Debug/liblpc_chip_43xx.a(clock_18xx_43xx.o)
                0x000000001a000cdc                Chip_Clock_EnableCrystal
 .text.Chip_Clock_CalcMainPLLValue
                0x000000001a000d4c       0xd8 /home/shoop/Documents/MCUXpresso_10.2.0_759/workspace/lpc_chip_43xx/Debug/liblpc_chip_43xx.a(clock_18xx_43xx.o)
                0x000000001a000d4c                Chip_Clock_CalcMainPLLValue
 .text.Chip_Clock_GetMainPLLHz
                0x000000001a000e24       0xc0 /home/shoop/Documents/MCUXpresso_10.2.0_759/workspace/lpc_chip_43xx/Debug/liblpc_chip_43xx.a(clock_18xx_43xx.o)
                0x000000001a000e24                Chip_Clock_GetMainPLLHz
 .text.Chip_Clock_GetDividerSource
                0x000000001a000ee4       0x40 /home/shoop/Documents/MCUXpresso_10.2.0_759/workspace/lpc_chip_43xx/Debug/liblpc_chip_43xx.a(clock_18xx_43xx.o)
                0x000000001a000ee4                Chip_Clock_GetDividerSource
 .text.Chip_Clock_GetDividerDivisor
                0x000000001a000f24       0x38 /home/shoop/Documents/MCUXpresso_10.2.0_759/workspace/lpc_chip_43xx/Debug/liblpc_chip_43xx.a(clock_18xx_43xx.o)
                0x000000001a000f24                Chip_Clock_GetDividerDivisor
 .text.Chip_Clock_GetClockInputHz
                0x000000001a000f5c      0x140 /home/shoop/Documents/MCUXpresso_10.2.0_759/workspace/lpc_chip_43xx/Debug/liblpc_chip_43xx.a(clock_18xx_43xx.o)
                0x000000001a000f5c                Chip_Clock_GetClockInputHz
 .text.Chip_Clock_GetBaseClocktHz
                0x000000001a00109c       0x24 /home/shoop/Documents/MCUXpresso_10.2.0_759/workspace/lpc_chip_43xx/Debug/liblpc_chip_43xx.a(clock_18xx_43xx.o)
                0x000000001a00109c                Chip_Clock_GetBaseClocktHz
 .text.Chip_Clock_SetBaseClock
                0x000000001a0010c0       0x9c /home/shoop/Documents/MCUXpresso_10.2.0_759/workspace/lpc_chip_43xx/Debug/liblpc_chip_43xx.a(clock_18xx_43xx.o)
                0x000000001a0010c0                Chip_Clock_SetBaseClock
 .text.Chip_Clock_GetBaseClock
                0x000000001a00115c       0x4c /home/shoop/Documents/MCUXpresso_10.2.0_759/workspace/lpc_chip_43xx/Debug/liblpc_chip_43xx.a(clock_18xx_43xx.o)
                0x000000001a00115c                Chip_Clock_GetBaseClock
 .text.Chip_Clock_EnableOpts
                0x000000001a0011a8       0x7c /home/shoop/Documents/MCUXpresso_10.2.0_759/workspace/lpc_chip_43xx/Debug/liblpc_chip_43xx.a(clock_18xx_43xx.o)
                0x000000001a0011a8                Chip_Clock_EnableOpts
 .text.Chip_Clock_GetRate
                0x000000001a001224       0x88 /home/shoop/Documents/MCUXpresso_10.2.0_759/workspace/lpc_chip_43xx/Debug/liblpc_chip_43xx.a(clock_18xx_43xx.o)
                0x000000001a001224                Chip_Clock_GetRate
 .text.fpuInit  0x000000001a0012ac       0x74 /home/shoop/Documents/MCUXpresso_10.2.0_759/workspace/lpc_chip_43xx/Debug/liblpc_chip_43xx.a(fpu_init.o)
                0x000000001a0012ac                fpuInit
 .text.Chip_GPIO_Init
                0x000000001a001320       0x14 /home/shoop/Documents/MCUXpresso_10.2.0_759/workspace/lpc_chip_43xx/Debug/liblpc_chip_43xx.a(gpio_18xx_43xx.o)
                0x000000001a001320                Chip_GPIO_Init
 .text.Chip_Clock_DisableMainPLL
                0x000000001a001334       0x20 /home/shoop/Documents/MCUXpresso_10.2.0_759/workspace/lpc_chip_43xx/Debug/liblpc_chip_43xx.a(sysinit_18xx_43xx.o)
 .text.Chip_Clock_SetupMainPLL
                0x000000001a001354       0x48 /home/shoop/Documents/MCUXpresso_10.2.0_759/workspace/lpc_chip_43xx/Debug/liblpc_chip_43xx.a(sysinit_18xx_43xx.o)
 .text.Chip_Clock_MainPLLLocked
                0x000000001a00139c       0x24 /home/shoop/Documents/MCUXpresso_10.2.0_759/workspace/lpc_chip_43xx/Debug/liblpc_chip_43xx.a(sysinit_18xx_43xx.o)
 .text.Chip_SetupCoreClock
                0x000000001a0013c0      0x148 /home/shoop/Documents/MCUXpresso_10.2.0_759/workspace/lpc_chip_43xx/Debug/liblpc_chip_43xx.a(sysinit_18xx_43xx.o)
                0x000000001a0013c0                Chip_SetupCoreClock
 .text.Chip_UART_TXDisable
                0x000000001a001508       0x1a /home/shoop/Documents/MCUXpresso_10.2.0_759/workspace/lpc_chip_43xx/Debug/liblpc_chip_43xx.a(uart_18xx_43xx.o)
 .text.Chip_UART_SetupFIFOS
                0x000000001a001522       0x1c /home/shoop/Documents/MCUXpresso_10.2.0_759/workspace/lpc_chip_43xx/Debug/liblpc_chip_43xx.a(uart_18xx_43xx.o)
 .text.Chip_UART_ConfigData
                0x000000001a00153e       0x1c /home/shoop/Documents/MCUXpresso_10.2.0_759/workspace/lpc_chip_43xx/Debug/liblpc_chip_43xx.a(uart_18xx_43xx.o)
 .text.Chip_UART_EnableDivisorAccess
                0x000000001a00155a       0x20 /home/shoop/Documents/MCUXpresso_10.2.0_759/workspace/lpc_chip_43xx/Debug/liblpc_chip_43xx.a(uart_18xx_43xx.o)
 .text.Chip_UART_DisableDivisorAccess
                0x000000001a00157a       0x20 /home/shoop/Documents/MCUXpresso_10.2.0_759/workspace/lpc_chip_43xx/Debug/liblpc_chip_43xx.a(uart_18xx_43xx.o)
 .text.Chip_UART_SetDivisorLatches
                0x000000001a00159a       0x28 /home/shoop/Documents/MCUXpresso_10.2.0_759/workspace/lpc_chip_43xx/Debug/liblpc_chip_43xx.a(uart_18xx_43xx.o)
 *fill*         0x000000001a0015c2        0x2 ff
 .text.Chip_UART_GetIndex
                0x000000001a0015c4       0x60 /home/shoop/Documents/MCUXpresso_10.2.0_759/workspace/lpc_chip_43xx/Debug/liblpc_chip_43xx.a(uart_18xx_43xx.o)
 .text.Chip_UART_Init
                0x000000001a001624       0x84 /home/shoop/Documents/MCUXpresso_10.2.0_759/workspace/lpc_chip_43xx/Debug/liblpc_chip_43xx.a(uart_18xx_43xx.o)
                0x000000001a001624                Chip_UART_Init
 .text.Chip_UART_SetBaudFDR
                0x000000001a0016a8      0x16c /home/shoop/Documents/MCUXpresso_10.2.0_759/workspace/lpc_chip_43xx/Debug/liblpc_chip_43xx.a(uart_18xx_43xx.o)
                0x000000001a0016a8                Chip_UART_SetBaudFDR
 .text.__main   0x000000001a001814        0xe /usr/local/mcuxpresso-ide/ide/tools/bin/../lib/gcc/arm-none-eabi/7.2.1/../../../../arm-none-eabi/lib/thumb/v7e-m/fpv4-sp/softfp/libcr_nohost.a(_cr__main.o)
                0x000000001a001814                __main
 .text.memset   0x000000001a001822        0x4 /usr/local/mcuxpresso-ide/ide/tools/bin/../lib/gcc/arm-none-eabi/7.2.1/../../../../arm-none-eabi/lib/thumb/v7e-m/fpv4-sp/softfp/libcr_c.a(memset.o)
                0x000000001a001822                memset
 *fill*         0x000000001a001826        0x2 ff
 .text._initio  0x000000001a001828       0x78 /usr/local/mcuxpresso-ide/ide/tools/bin/../lib/gcc/arm-none-eabi/7.2.1/../../../../arm-none-eabi/lib/thumb/v7e-m/fpv4-sp/softfp/libcr_c.a(initio.o)
                0x000000001a001828                _initio
 .text.setvbuf  0x000000001a0018a0       0x40 /usr/local/mcuxpresso-ide/ide/tools/bin/../lib/gcc/arm-none-eabi/7.2.1/../../../../arm-none-eabi/lib/thumb/v7e-m/fpv4-sp/softfp/libcr_c.a(setvbuf.o)
                0x000000001a0018a0                setvbuf
 .text._fdopen  0x000000001a0018e0       0x68 /usr/local/mcuxpresso-ide/ide/tools/bin/../lib/gcc/arm-none-eabi/7.2.1/../../../../arm-none-eabi/lib/thumb/v7e-m/fpv4-sp/softfp/libcr_c.a(_fdopen.o)
                0x000000001a0018e0                _fdopen
 .text.fclose   0x000000001a001948       0x58 /usr/local/mcuxpresso-ide/ide/tools/bin/../lib/gcc/arm-none-eabi/7.2.1/../../../../arm-none-eabi/lib/thumb/v7e-m/fpv4-sp/softfp/libcr_c.a(fclose.o)
                0x000000001a001948                fclose
 .text.fflush   0x000000001a0019a0       0x44 /usr/local/mcuxpresso-ide/ide/tools/bin/../lib/gcc/arm-none-eabi/7.2.1/../../../../arm-none-eabi/lib/thumb/v7e-m/fpv4-sp/softfp/libcr_c.a(fflush.o)
                0x000000001a0019a0                fflush
 .text.fseek    0x000000001a0019e4      0x100 /usr/local/mcuxpresso-ide/ide/tools/bin/../lib/gcc/arm-none-eabi/7.2.1/../../../../arm-none-eabi/lib/thumb/v7e-m/fpv4-sp/softfp/libcr_c.a(fseek.o)
                0x000000001a0019e4                fseek
 .text.ftell    0x000000001a001ae4       0x44 /usr/local/mcuxpresso-ide/ide/tools/bin/../lib/gcc/arm-none-eabi/7.2.1/../../../../arm-none-eabi/lib/thumb/v7e-m/fpv4-sp/softfp/libcr_c.a(ftell.o)
                0x000000001a001ae4                ftell
 .text.remove   0x000000001a001b28       0x14 /usr/local/mcuxpresso-ide/ide/tools/bin/../lib/gcc/arm-none-eabi/7.2.1/../../../../arm-none-eabi/lib/thumb/v7e-m/fpv4-sp/softfp/libcr_c.a(remove.o)
                0x000000001a001b28                remove
 .text.strlen   0x000000001a001b3c       0x4a /usr/local/mcuxpresso-ide/ide/tools/bin/../lib/gcc/arm-none-eabi/7.2.1/../../../../arm-none-eabi/lib/thumb/v7e-m/fpv4-sp/softfp/libcr_c.a(strlen.o)
                0x000000001a001b3c                strlen
 .text._do_fflush
                0x000000001a001b86       0x40 /usr/local/mcuxpresso-ide/ide/tools/bin/../lib/gcc/arm-none-eabi/7.2.1/../../../../arm-none-eabi/lib/thumb/v7e-m/fpv4-sp/softfp/libcr_c.a(_do_fflush.o)
                0x000000001a001b86                _do_fflush
 .text._fflush  0x000000001a001bc6       0x52 /usr/local/mcuxpresso-ide/ide/tools/bin/../lib/gcc/arm-none-eabi/7.2.1/../../../../arm-none-eabi/lib/thumb/v7e-m/fpv4-sp/softfp/libcr_c.a(_fflush.o)
                0x000000001a001bc6                _fflush
 .text._Cwritebuf
                0x000000001a001c18       0x6c /usr/local/mcuxpresso-ide/ide/tools/bin/../lib/gcc/arm-none-eabi/7.2.1/../../../../arm-none-eabi/lib/thumb/v7e-m/fpv4-sp/softfp/libcr_c.a(_writebuf.o)
                0x000000001a001c18                _Cwritebuf
 .text.free     0x000000001a001c84       0x30 /usr/local/mcuxpresso-ide/ide/tools/bin/../lib/gcc/arm-none-eabi/7.2.1/../../../../arm-none-eabi/lib/thumb/v7e-m/fpv4-sp/softfp/libcr_c.a(alloc.o)
                0x000000001a001c84                free
 .text._deferredlazyseek
                0x000000001a001cb4       0x40 /usr/local/mcuxpresso-ide/ide/tools/bin/../lib/gcc/arm-none-eabi/7.2.1/../../../../arm-none-eabi/lib/thumb/v7e-m/fpv4-sp/softfp/libcr_c.a(_deferredlazyseek.o)
                0x000000001a001cb4                _deferredlazyseek
 .text.__aeabi_division_uldivmod
                0x000000001a001cf4      0x174 /usr/local/mcuxpresso-ide/ide/tools/bin/../lib/gcc/arm-none-eabi/7.2.1/thumb/v7e-m/fpv4-sp/softfp/libcr_eabihelpers.a(division_64.o)
                0x000000001a001cf4                __aeabi_uldivmod
                0x000000001a001cf8                __bhs_ldivmod1
 .text.__aeabi_division_idiv0
                0x000000001a001e68        0x2 /usr/local/mcuxpresso-ide/ide/tools/bin/../lib/gcc/arm-none-eabi/7.2.1/thumb/v7e-m/fpv4-sp/softfp/libcr_eabihelpers.a(division_idiv0.o)
                0x000000001a001e68                __aeabi_idiv0
 .text.__aeabi_memset_lowlevel
                0x000000001a001e6a       0x32 /usr/local/mcuxpresso-ide/ide/tools/bin/../lib/gcc/arm-none-eabi/7.2.1/thumb/v7e-m/fpv4-sp/softfp/libcr_eabihelpers.a(memcpy.o)
                0x000000001a001e6a                __aeabi_lowlevel_memset
 .text.__sys_close
                0x000000001a001e9c        0x6 /usr/local/mcuxpresso-ide/ide/tools/bin/../lib/gcc/arm-none-eabi/7.2.1/../../../../arm-none-eabi/lib/thumb/v7e-m/fpv4-sp/softfp/libcr_nohost.a(__sys_close.o)
                0x000000001a001e9c                __sys_close
 .text.__sys_flen
                0x000000001a001ea2        0x6 /usr/local/mcuxpresso-ide/ide/tools/bin/../lib/gcc/arm-none-eabi/7.2.1/../../../../arm-none-eabi/lib/thumb/v7e-m/fpv4-sp/softfp/libcr_nohost.a(__sys_flen.o)
                0x000000001a001ea2                __sys_flen
 .text.__sys_istty
                0x000000001a001ea8        0x6 /usr/local/mcuxpresso-ide/ide/tools/bin/../lib/gcc/arm-none-eabi/7.2.1/../../../../arm-none-eabi/lib/thumb/v7e-m/fpv4-sp/softfp/libcr_nohost.a(__sys_istty.o)
                0x000000001a001ea8                __sys_istty
 .text.__sys_remove
                0x000000001a001eae        0x6 /usr/local/mcuxpresso-ide/ide/tools/bin/../lib/gcc/arm-none-eabi/7.2.1/../../../../arm-none-eabi/lib/thumb/v7e-m/fpv4-sp/softfp/libcr_nohost.a(__sys_remove.o)
                0x000000001a001eae                __sys_remove
 .text.__sys_seek
                0x000000001a001eb4        0x6 /usr/local/mcuxpresso-ide/ide/tools/bin/../lib/gcc/arm-none-eabi/7.2.1/../../../../arm-none-eabi/lib/thumb/v7e-m/fpv4-sp/softfp/libcr_nohost.a(__sys_seek.o)
                0x000000001a001eb4                __sys_seek
 .text.__sys_tmpnam
                0x000000001a001eba        0x6 /usr/local/mcuxpresso-ide/ide/tools/bin/../lib/gcc/arm-none-eabi/7.2.1/../../../../arm-none-eabi/lib/thumb/v7e-m/fpv4-sp/softfp/libcr_nohost.a(__sys_tmpnam.o)
                0x000000001a001eba                __sys_tmpnam
 *(.rodata .rodata.* .constdata .constdata.*)
 .rodata.ExtRateIn
                0x000000001a001ec0        0x4 /home/shoop/Documents/MCUXpresso_10.2.0_759/workspace/lpc_board_nxp_lpcxpresso_4337/Debug/liblpc_board_nxp_lpcxpresso_4337.a(board.o)
                0x000000001a001ec0                ExtRateIn
 .rodata.OscRateIn
                0x000000001a001ec4        0x4 /home/shoop/Documents/MCUXpresso_10.2.0_759/workspace/lpc_board_nxp_lpcxpresso_4337/Debug/liblpc_board_nxp_lpcxpresso_4337.a(board.o)
                0x000000001a001ec4                OscRateIn
 .rodata.gpioLEDBits
                0x000000001a001ec8        0x6 /home/shoop/Documents/MCUXpresso_10.2.0_759/workspace/lpc_board_nxp_lpcxpresso_4337/Debug/liblpc_board_nxp_lpcxpresso_4337.a(board.o)
 *fill*         0x000000001a001ece        0x2 ff
 .rodata.InitClkStates
                0x000000001a001ed0        0xc /home/shoop/Documents/MCUXpresso_10.2.0_759/workspace/lpc_board_nxp_lpcxpresso_4337/Debug/liblpc_board_nxp_lpcxpresso_4337.a(board_sysinit.o)
 .rodata.pinmuxing
                0x000000001a001edc       0x34 /home/shoop/Documents/MCUXpresso_10.2.0_759/workspace/lpc_board_nxp_lpcxpresso_4337/Debug/liblpc_board_nxp_lpcxpresso_4337.a(board_sysinit.o)
 .rodata.periph_to_base
                0x000000001a001f10       0x6c /home/shoop/Documents/MCUXpresso_10.2.0_759/workspace/lpc_chip_43xx/Debug/liblpc_chip_43xx.a(clock_18xx_43xx.o)
 .rodata        0x000000001a001f7c        0xa /home/shoop/Documents/MCUXpresso_10.2.0_759/workspace/lpc_chip_43xx/Debug/liblpc_chip_43xx.a(clock_18xx_43xx.o)
 *fill*         0x000000001a001f86        0x2 ff
 .rodata.InitClkStates
                0x000000001a001f88       0x48 /home/shoop/Documents/MCUXpresso_10.2.0_759/workspace/lpc_chip_43xx/Debug/liblpc_chip_43xx.a(sysinit_18xx_43xx.o)
 .rodata.UART_PClock
                0x000000001a001fd0        0x8 /home/shoop/Documents/MCUXpresso_10.2.0_759/workspace/lpc_chip_43xx/Debug/liblpc_chip_43xx.a(uart_18xx_43xx.o)
 .rodata.UART_BClock
                0x000000001a001fd8        0x8 /home/shoop/Documents/MCUXpresso_10.2.0_759/workspace/lpc_chip_43xx/Debug/liblpc_chip_43xx.a(uart_18xx_43xx.o)
 .rodata._initio.str1.1
                0x000000001a001fe0        0x4 /usr/local/mcuxpresso-ide/ide/tools/bin/../lib/gcc/arm-none-eabi/7.2.1/../../../../arm-none-eabi/lib/thumb/v7e-m/fpv4-sp/softfp/libcr_c.a(initio.o)
 .rodata.__num_Ciob_streams
                0x000000001a001fe4        0x4 /usr/local/mcuxpresso-ide/ide/tools/bin/../lib/gcc/arm-none-eabi/7.2.1/../../../../arm-none-eabi/lib/thumb/v7e-m/fpv4-sp/softfp/libcr_nohost.a(__ciob.o)
                0x000000001a001fe4                __num_Ciob_streams
                0x000000001a001fe8                . = ALIGN (0x4)

.glue_7         0x000000001a001fe8        0x0
 .glue_7        0x000000001a001fe8        0x0 linker stubs

.glue_7t        0x000000001a001fe8        0x0
 .glue_7t       0x000000001a001fe8        0x0 linker stubs

.vfp11_veneer   0x000000001a001fe8        0x0
 .vfp11_veneer  0x000000001a001fe8        0x0 linker stubs

.v4_bx          0x000000001a001fe8        0x0
 .v4_bx         0x000000001a001fe8        0x0 linker stubs

.iplt           0x000000001a001fe8        0x0
 .iplt          0x000000001a001fe8        0x0 ./src/cr_startup_lpc43xx.o

.rel.dyn        0x000000001a001fe8        0x0
 .rel.iplt      0x000000001a001fe8        0x0 ./src/cr_startup_lpc43xx.o

.ARM.extab
 *(.ARM.extab* .gnu.linkonce.armextab.*)
                0x000000001a001fe8                __exidx_start = .

.ARM.exidx
 *(.ARM.exidx* .gnu.linkonce.armexidx.*)
                0x000000001a001fe8                __exidx_end = .
                0x000000001a001fe8                _etext = .

.data_RAM2      0x0000000010080000        0x0 load address 0x000000001a001fe8
 FILL mask 0xff
                [!provide]                        PROVIDE (__start_data_RAM2, .)
 *(.ramfunc.$RAM2)
 *(.ramfunc.$RamLoc40)
 *(.data.$RAM2*)
 *(.data.$RamLoc40*)
                0x0000000010080000                . = ALIGN (0x4)
                [!provide]                        PROVIDE (__end_data_RAM2, .)

.data_RAM3      0x0000000020000000        0x0 load address 0x000000001a001fe8
 FILL mask 0xff
                [!provide]                        PROVIDE (__start_data_RAM3, .)
 *(.ramfunc.$RAM3)
 *(.ramfunc.$RamAHB32)
 *(.data.$RAM3*)
 *(.data.$RamAHB32*)
                0x0000000020000000                . = ALIGN (0x4)
                [!provide]                        PROVIDE (__end_data_RAM3, .)

.data_RAM4      0x0000000020008000        0x0 load address 0x000000001a001fe8
 FILL mask 0xff
                [!provide]                        PROVIDE (__start_data_RAM4, .)
 *(.ramfunc.$RAM4)
 *(.ramfunc.$RamAHB16)
 *(.data.$RAM4*)
 *(.data.$RamAHB16*)
                0x0000000020008000                . = ALIGN (0x4)
                [!provide]                        PROVIDE (__end_data_RAM4, .)

.data_RAM5      0x000000002000c000        0x0 load address 0x000000001a001fe8
 FILL mask 0xff
                [!provide]                        PROVIDE (__start_data_RAM5, .)
 *(.ramfunc.$RAM5)
 *(.ramfunc.$RamAHB_ETB16)
 *(.data.$RAM5*)
 *(.data.$RamAHB_ETB16*)
                0x000000002000c000                . = ALIGN (0x4)
                [!provide]                        PROVIDE (__end_data_RAM5, .)

.uninit_RESERVED
                0x0000000010000000        0x0
 *(.bss.$RESERVED*)
                0x0000000010000000                . = ALIGN (0x4)
                0x0000000010000000                _end_uninit_RESERVED = .

.data           0x0000000010000000        0x0 load address 0x000000001a001fe8
 FILL mask 0xff
                0x0000000010000000                _data = .
 *(vtable)
 *(.ramfunc*)
 *(.data*)
                0x0000000010000000                . = ALIGN (0x4)
                0x0000000010000000                _edata = .

.igot.plt       0x0000000010000000        0x0 load address 0x000000001a001fe8
 .igot.plt      0x0000000010000000        0x0 ./src/cr_startup_lpc43xx.o

.bss_RAM2       0x0000000010080000        0x0
                [!provide]                        PROVIDE (__start_bss_RAM2, .)
 *(.bss.$RAM2*)
 *(.bss.$RamLoc40*)
                0x0000000010080000                . = ALIGN ((. != 0x0)?0x4:0x1)
                [!provide]                        PROVIDE (__end_bss_RAM2, .)

.bss_RAM3       0x0000000020000000        0x0
                [!provide]                        PROVIDE (__start_bss_RAM3, .)
 *(.bss.$RAM3*)
 *(.bss.$RamAHB32*)
                0x0000000020000000                . = ALIGN ((. != 0x0)?0x4:0x1)
                [!provide]                        PROVIDE (__end_bss_RAM3, .)

.bss_RAM4       0x0000000020008000        0x0
                [!provide]                        PROVIDE (__start_bss_RAM4, .)
 *(.bss.$RAM4*)
 *(.bss.$RamAHB16*)
                0x0000000020008000                . = ALIGN ((. != 0x0)?0x4:0x1)
                [!provide]                        PROVIDE (__end_bss_RAM4, .)

.bss_RAM5       0x000000002000c000        0x0
                [!provide]                        PROVIDE (__start_bss_RAM5, .)
 *(.bss.$RAM5*)
 *(.bss.$RamAHB_ETB16*)
                0x000000002000c000                . = ALIGN ((. != 0x0)?0x4:0x1)
                [!provide]                        PROVIDE (__end_bss_RAM5, .)

.bss            0x0000000010000000      0x1f4
                0x0000000010000000                _bss = .
 *(.bss*)
 .bss.tick_ct   0x0000000010000000        0x4 ./src/systick.o
 .bss.audio_usb_pll_freq
                0x0000000010000004        0x8 /home/shoop/Documents/MCUXpresso_10.2.0_759/workspace/lpc_chip_43xx/Debug/liblpc_chip_43xx.a(clock_18xx_43xx.o)
 .bss.errno     0x000000001000000c        0x4 /usr/local/mcuxpresso-ide/ide/tools/bin/../lib/gcc/arm-none-eabi/7.2.1/../../../../arm-none-eabi/lib/thumb/v7e-m/fpv4-sp/softfp/libcr_c.a(errno.o)
                0x000000001000000c                errno
 .bss.__Ciob    0x0000000010000010      0x1e0 /usr/local/mcuxpresso-ide/ide/tools/bin/../lib/gcc/arm-none-eabi/7.2.1/../../../../arm-none-eabi/lib/thumb/v7e-m/fpv4-sp/softfp/libcr_nohost.a(__ciob.o)
                0x0000000010000010                __Ciob
 *(COMMON)
 COMMON         0x00000000100001f0        0x4 /home/shoop/Documents/MCUXpresso_10.2.0_759/workspace/lpc_chip_43xx/Debug/liblpc_chip_43xx.a(chip_18xx_43xx.o)
                0x00000000100001f0                SystemCoreClock
                0x00000000100001f4                . = ALIGN (0x4)
                0x00000000100001f4                _ebss = .
                [!provide]                        PROVIDE (end, .)

.noinit_RAM2    0x0000000010080000        0x0
 *(.noinit.$RAM2*)
 *(.noinit.$RamLoc40*)
                0x0000000010080000                . = ALIGN (0x4)

.noinit_RAM3    0x0000000020000000        0x0
 *(.noinit.$RAM3*)
 *(.noinit.$RamAHB32*)
                0x0000000020000000                . = ALIGN (0x4)

.noinit_RAM4    0x0000000020008000        0x0
 *(.noinit.$RAM4*)
 *(.noinit.$RamAHB16*)
                0x0000000020008000                . = ALIGN (0x4)

.noinit_RAM5    0x000000002000c000        0x0
 *(.noinit.$RAM5*)
 *(.noinit.$RamAHB_ETB16*)
                0x000000002000c000                . = ALIGN (0x4)

.noinit         0x00000000100001f4        0x0
                0x00000000100001f4                _noinit = .
 *(.noinit*)
                0x00000000100001f4                . = ALIGN (0x4)
                0x00000000100001f4                _end_noinit = .
                0x00000000100001f4                PROVIDE (_pvHeapStart, DEFINED (__user_heap_base)?__user_heap_base:.)
                0x0000000010008000                PROVIDE (_vStackTop, DEFINED (__user_stack_top)?__user_stack_top:(__top_RamLoc32 - 0x0))
                0xffffffff53ff73ca                PROVIDE (__valid_user_code_checksum, (0x0 - ((((((_vStackTop + (ResetISR + 0x1)) + (NMI_Handler + 0x1)) + (HardFault_Handler + 0x1)) + (DEFINED (MemManage_Handler)?MemManage_Handler:0x0 + 0x1)) + (DEFINED (BusFault_Handler)?BusFault_Handler:0x0 + 0x1)) + (DEFINED (UsageFault_Handler)?UsageFault_Handler:0x0 + 0x1))))
                0x000000001a000000                _image_start = LOADADDR (.text)
                0x000000001a001fe8                _image_end = (LOADADDR (.data) + SIZEOF (.data))
                0x0000000000001fe8                _image_size = (_image_end - _image_start)
OUTPUT(periph_blinky.axf elf32-littlearm)

.debug_info     0x0000000000000000     0x7717
 .debug_info    0x0000000000000000      0x299 ./src/cr_startup_lpc43xx.o
 .debug_info    0x0000000000000299      0x232 ./src/sysinit.o
 .debug_info    0x00000000000004cb      0xc1e ./src/systick.o
 .debug_info    0x00000000000010e9     0x1ad3 /home/shoop/Documents/MCUXpresso_10.2.0_759/workspace/lpc_board_nxp_lpcxpresso_4337/Debug/liblpc_board_nxp_lpcxpresso_4337.a(board.o)
 .debug_info    0x0000000000002bbc      0xd43 /home/shoop/Documents/MCUXpresso_10.2.0_759/workspace/lpc_board_nxp_lpcxpresso_4337/Debug/liblpc_board_nxp_lpcxpresso_4337.a(board_sysinit.o)
 .debug_info    0x00000000000038ff      0xa80 /home/shoop/Documents/MCUXpresso_10.2.0_759/workspace/lpc_chip_43xx/Debug/liblpc_chip_43xx.a(chip_18xx_43xx.o)
 .debug_info    0x000000000000437f     0x15c3 /home/shoop/Documents/MCUXpresso_10.2.0_759/workspace/lpc_chip_43xx/Debug/liblpc_chip_43xx.a(clock_18xx_43xx.o)
 .debug_info    0x0000000000005942      0x156 /home/shoop/Documents/MCUXpresso_10.2.0_759/workspace/lpc_chip_43xx/Debug/liblpc_chip_43xx.a(fpu_init.o)
 .debug_info    0x0000000000005a98      0x22f /home/shoop/Documents/MCUXpresso_10.2.0_759/workspace/lpc_chip_43xx/Debug/liblpc_chip_43xx.a(gpio_18xx_43xx.o)
 .debug_info    0x0000000000005cc7      0x94f /home/shoop/Documents/MCUXpresso_10.2.0_759/workspace/lpc_chip_43xx/Debug/liblpc_chip_43xx.a(sysinit_18xx_43xx.o)
 .debug_info    0x0000000000006616     0x1101 /home/shoop/Documents/MCUXpresso_10.2.0_759/workspace/lpc_chip_43xx/Debug/liblpc_chip_43xx.a(uart_18xx_43xx.o)

.debug_abbrev   0x0000000000000000     0x13e6
 .debug_abbrev  0x0000000000000000      0x10c ./src/cr_startup_lpc43xx.o
 .debug_abbrev  0x000000000000010c       0xdd ./src/sysinit.o
 .debug_abbrev  0x00000000000001e9      0x1fc ./src/systick.o
 .debug_abbrev  0x00000000000003e5      0x362 /home/shoop/Documents/MCUXpresso_10.2.0_759/workspace/lpc_board_nxp_lpcxpresso_4337/Debug/liblpc_board_nxp_lpcxpresso_4337.a(board.o)
 .debug_abbrev  0x0000000000000747      0x1f4 /home/shoop/Documents/MCUXpresso_10.2.0_759/workspace/lpc_board_nxp_lpcxpresso_4337/Debug/liblpc_board_nxp_lpcxpresso_4337.a(board_sysinit.o)
 .debug_abbrev  0x000000000000093b      0x17b /home/shoop/Documents/MCUXpresso_10.2.0_759/workspace/lpc_chip_43xx/Debug/liblpc_chip_43xx.a(chip_18xx_43xx.o)
 .debug_abbrev  0x0000000000000ab6      0x2db /home/shoop/Documents/MCUXpresso_10.2.0_759/workspace/lpc_chip_43xx/Debug/liblpc_chip_43xx.a(clock_18xx_43xx.o)
 .debug_abbrev  0x0000000000000d91       0xaa /home/shoop/Documents/MCUXpresso_10.2.0_759/workspace/lpc_chip_43xx/Debug/liblpc_chip_43xx.a(fpu_init.o)
 .debug_abbrev  0x0000000000000e3b      0x10c /home/shoop/Documents/MCUXpresso_10.2.0_759/workspace/lpc_chip_43xx/Debug/liblpc_chip_43xx.a(gpio_18xx_43xx.o)
 .debug_abbrev  0x0000000000000f47      0x1a6 /home/shoop/Documents/MCUXpresso_10.2.0_759/workspace/lpc_chip_43xx/Debug/liblpc_chip_43xx.a(sysinit_18xx_43xx.o)
 .debug_abbrev  0x00000000000010ed      0x2f9 /home/shoop/Documents/MCUXpresso_10.2.0_759/workspace/lpc_chip_43xx/Debug/liblpc_chip_43xx.a(uart_18xx_43xx.o)

.debug_aranges  0x0000000000000000      0x5b8
 .debug_aranges
                0x0000000000000000       0x80 ./src/cr_startup_lpc43xx.o
 .debug_aranges
                0x0000000000000080       0x20 ./src/sysinit.o
 .debug_aranges
                0x00000000000000a0       0x38 ./src/systick.o
 .debug_aranges
                0x00000000000000d8      0x170 /home/shoop/Documents/MCUXpresso_10.2.0_759/workspace/lpc_board_nxp_lpcxpresso_4337/Debug/liblpc_board_nxp_lpcxpresso_4337.a(board.o)
 .debug_aranges
                0x0000000000000248       0x48 /home/shoop/Documents/MCUXpresso_10.2.0_759/workspace/lpc_board_nxp_lpcxpresso_4337/Debug/liblpc_board_nxp_lpcxpresso_4337.a(board_sysinit.o)
 .debug_aranges
                0x0000000000000290       0x40 /home/shoop/Documents/MCUXpresso_10.2.0_759/workspace/lpc_chip_43xx/Debug/liblpc_chip_43xx.a(chip_18xx_43xx.o)
 .debug_aranges
                0x00000000000002d0      0x138 /home/shoop/Documents/MCUXpresso_10.2.0_759/workspace/lpc_chip_43xx/Debug/liblpc_chip_43xx.a(clock_18xx_43xx.o)
 .debug_aranges
                0x0000000000000408       0x20 /home/shoop/Documents/MCUXpresso_10.2.0_759/workspace/lpc_chip_43xx/Debug/liblpc_chip_43xx.a(fpu_init.o)
 .debug_aranges
                0x0000000000000428       0x28 /home/shoop/Documents/MCUXpresso_10.2.0_759/workspace/lpc_chip_43xx/Debug/liblpc_chip_43xx.a(gpio_18xx_43xx.o)
 .debug_aranges
                0x0000000000000450       0x50 /home/shoop/Documents/MCUXpresso_10.2.0_759/workspace/lpc_chip_43xx/Debug/liblpc_chip_43xx.a(sysinit_18xx_43xx.o)
 .debug_aranges
                0x00000000000004a0      0x118 /home/shoop/Documents/MCUXpresso_10.2.0_759/workspace/lpc_chip_43xx/Debug/liblpc_chip_43xx.a(uart_18xx_43xx.o)

.debug_ranges   0x0000000000000000      0x538
 .debug_ranges  0x0000000000000000       0x70 ./src/cr_startup_lpc43xx.o
 .debug_ranges  0x0000000000000070       0x10 ./src/sysinit.o
 .debug_ranges  0x0000000000000080       0x28 ./src/systick.o
 .debug_ranges  0x00000000000000a8      0x160 /home/shoop/Documents/MCUXpresso_10.2.0_759/workspace/lpc_board_nxp_lpcxpresso_4337/Debug/liblpc_board_nxp_lpcxpresso_4337.a(board.o)
 .debug_ranges  0x0000000000000208       0x38 /home/shoop/Documents/MCUXpresso_10.2.0_759/workspace/lpc_board_nxp_lpcxpresso_4337/Debug/liblpc_board_nxp_lpcxpresso_4337.a(board_sysinit.o)
 .debug_ranges  0x0000000000000240       0x30 /home/shoop/Documents/MCUXpresso_10.2.0_759/workspace/lpc_chip_43xx/Debug/liblpc_chip_43xx.a(chip_18xx_43xx.o)
 .debug_ranges  0x0000000000000270      0x140 /home/shoop/Documents/MCUXpresso_10.2.0_759/workspace/lpc_chip_43xx/Debug/liblpc_chip_43xx.a(clock_18xx_43xx.o)
 .debug_ranges  0x00000000000003b0       0x10 /home/shoop/Documents/MCUXpresso_10.2.0_759/workspace/lpc_chip_43xx/Debug/liblpc_chip_43xx.a(fpu_init.o)
 .debug_ranges  0x00000000000003c0       0x18 /home/shoop/Documents/MCUXpresso_10.2.0_759/workspace/lpc_chip_43xx/Debug/liblpc_chip_43xx.a(gpio_18xx_43xx.o)
 .debug_ranges  0x00000000000003d8       0x40 /home/shoop/Documents/MCUXpresso_10.2.0_759/workspace/lpc_chip_43xx/Debug/liblpc_chip_43xx.a(sysinit_18xx_43xx.o)
 .debug_ranges  0x0000000000000418      0x120 /home/shoop/Documents/MCUXpresso_10.2.0_759/workspace/lpc_chip_43xx/Debug/liblpc_chip_43xx.a(uart_18xx_43xx.o)

.debug_macro    0x0000000000000000     0x734a
 .debug_macro   0x0000000000000000       0x1d ./src/cr_startup_lpc43xx.o
 .debug_macro   0x000000000000001d      0xa6c ./src/cr_startup_lpc43xx.o
 .debug_macro   0x0000000000000a89      0x31a ./src/sysinit.o
 .debug_macro   0x0000000000000da3       0x10 ./src/sysinit.o
 .debug_macro   0x0000000000000db3       0x10 ./src/sysinit.o
 .debug_macro   0x0000000000000dc3      0x12d ./src/sysinit.o
 .debug_macro   0x0000000000000ef0      0x5b2 ./src/sysinit.o
 .debug_macro   0x00000000000014a2       0x22 ./src/sysinit.o
 .debug_macro   0x00000000000014c4       0x88 ./src/sysinit.o
 .debug_macro   0x000000000000154c       0x28 ./src/sysinit.o
 .debug_macro   0x0000000000001574       0x3b ./src/sysinit.o
 .debug_macro   0x00000000000015af       0x2d ./src/sysinit.o
 .debug_macro   0x00000000000015dc       0x42 ./src/sysinit.o
 .debug_macro   0x000000000000161e      0xd39 ./src/sysinit.o
 .debug_macro   0x0000000000002357      0x2c3 ./src/sysinit.o
 .debug_macro   0x000000000000261a      0x112 ./src/sysinit.o
 .debug_macro   0x000000000000272c       0x11 ./src/sysinit.o
 .debug_macro   0x000000000000273d       0x2a ./src/sysinit.o
 .debug_macro   0x0000000000002767       0x16 ./src/sysinit.o
 .debug_macro   0x000000000000277d      0x2e6 ./src/sysinit.o
 .debug_macro   0x0000000000002a63       0x82 ./src/sysinit.o
 .debug_macro   0x0000000000002ae5      0x13d ./src/sysinit.o
 .debug_macro   0x0000000000002c22      0x198 ./src/sysinit.o
 .debug_macro   0x0000000000002dba       0x34 ./src/sysinit.o
 .debug_macro   0x0000000000002dee       0x58 ./src/sysinit.o
 .debug_macro   0x0000000000002e46      0x236 ./src/sysinit.o
 .debug_macro   0x000000000000307c      0x572 ./src/sysinit.o
 .debug_macro   0x00000000000035ee       0x16 ./src/sysinit.o
 .debug_macro   0x0000000000003604      0x18a ./src/sysinit.o
 .debug_macro   0x000000000000378e       0x88 ./src/sysinit.o
 .debug_macro   0x0000000000003816      0x1b9 ./src/sysinit.o
 .debug_macro   0x00000000000039cf      0x1da ./src/sysinit.o
 .debug_macro   0x0000000000003ba9       0x40 ./src/sysinit.o
 .debug_macro   0x0000000000003be9       0x1c ./src/sysinit.o
 .debug_macro   0x0000000000003c05       0x2e ./src/sysinit.o
 .debug_macro   0x0000000000003c33       0x2e ./src/sysinit.o
 .debug_macro   0x0000000000003c61       0x22 ./src/sysinit.o
 .debug_macro   0x0000000000003c83      0x201 ./src/sysinit.o
 .debug_macro   0x0000000000003e84       0xe0 ./src/sysinit.o
 .debug_macro   0x0000000000003f64      0x34c ./src/sysinit.o
 .debug_macro   0x00000000000042b0       0xdc ./src/sysinit.o
 .debug_macro   0x000000000000438c       0xc4 ./src/sysinit.o
 .debug_macro   0x0000000000004450       0x8f ./src/sysinit.o
 .debug_macro   0x00000000000044df       0x94 ./src/sysinit.o
 .debug_macro   0x0000000000004573       0xb8 ./src/sysinit.o
 .debug_macro   0x000000000000462b       0x4c ./src/sysinit.o
 .debug_macro   0x0000000000004677       0x16 ./src/sysinit.o
 .debug_macro   0x000000000000468d      0x328 ./src/sysinit.o
 .debug_macro   0x00000000000049b5       0x3a ./src/sysinit.o
 .debug_macro   0x00000000000049ef       0xd0 ./src/sysinit.o
 .debug_macro   0x0000000000004abf       0x18 ./src/sysinit.o
 .debug_macro   0x0000000000004ad7       0x22 ./src/sysinit.o
 .debug_macro   0x0000000000004af9       0x40 ./src/sysinit.o
 .debug_macro   0x0000000000004b39       0xf6 ./src/sysinit.o
 .debug_macro   0x0000000000004c2f       0x9a ./src/sysinit.o
 .debug_macro   0x0000000000004cc9       0x20 ./src/sysinit.o
 .debug_macro   0x0000000000004ce9      0x320 ./src/systick.o
 .debug_macro   0x0000000000005009      0x340 /home/shoop/Documents/MCUXpresso_10.2.0_759/workspace/lpc_board_nxp_lpcxpresso_4337/Debug/liblpc_board_nxp_lpcxpresso_4337.a(board.o)
 .debug_macro   0x0000000000005349      0xa66 /home/shoop/Documents/MCUXpresso_10.2.0_759/workspace/lpc_board_nxp_lpcxpresso_4337/Debug/liblpc_board_nxp_lpcxpresso_4337.a(board.o)
 .debug_macro   0x0000000000005daf       0x12 /home/shoop/Documents/MCUXpresso_10.2.0_759/workspace/lpc_board_nxp_lpcxpresso_4337/Debug/liblpc_board_nxp_lpcxpresso_4337.a(board.o)
 .debug_macro   0x0000000000005dc1      0x339 /home/shoop/Documents/MCUXpresso_10.2.0_759/workspace/lpc_board_nxp_lpcxpresso_4337/Debug/liblpc_board_nxp_lpcxpresso_4337.a(board.o)
 .debug_macro   0x00000000000060fa      0x31a /home/shoop/Documents/MCUXpresso_10.2.0_759/workspace/lpc_board_nxp_lpcxpresso_4337/Debug/liblpc_board_nxp_lpcxpresso_4337.a(board_sysinit.o)
 .debug_macro   0x0000000000006414      0x2e4 /home/shoop/Documents/MCUXpresso_10.2.0_759/workspace/lpc_chip_43xx/Debug/liblpc_chip_43xx.a(chip_18xx_43xx.o)
 .debug_macro   0x00000000000066f8      0x2ea /home/shoop/Documents/MCUXpresso_10.2.0_759/workspace/lpc_chip_43xx/Debug/liblpc_chip_43xx.a(clock_18xx_43xx.o)
 .debug_macro   0x00000000000069e2       0xbc /home/shoop/Documents/MCUXpresso_10.2.0_759/workspace/lpc_chip_43xx/Debug/liblpc_chip_43xx.a(fpu_init.o)
 .debug_macro   0x0000000000006a9e      0x2e4 /home/shoop/Documents/MCUXpresso_10.2.0_759/workspace/lpc_chip_43xx/Debug/liblpc_chip_43xx.a(gpio_18xx_43xx.o)
 .debug_macro   0x0000000000006d82      0x2e4 /home/shoop/Documents/MCUXpresso_10.2.0_759/workspace/lpc_chip_43xx/Debug/liblpc_chip_43xx.a(sysinit_18xx_43xx.o)
 .debug_macro   0x0000000000007066      0x2e4 /home/shoop/Documents/MCUXpresso_10.2.0_759/workspace/lpc_chip_43xx/Debug/liblpc_chip_43xx.a(uart_18xx_43xx.o)

.debug_line     0x0000000000000000     0x4aef
 .debug_line    0x0000000000000000       0xf8 ./src/cr_startup_lpc43xx.o
 .debug_line    0x00000000000000f8      0x6b7 ./src/sysinit.o
 .debug_line    0x00000000000007af      0x712 ./src/systick.o
 .debug_line    0x0000000000000ec1      0xa95 /home/shoop/Documents/MCUXpresso_10.2.0_759/workspace/lpc_board_nxp_lpcxpresso_4337/Debug/liblpc_board_nxp_lpcxpresso_4337.a(board.o)
 .debug_line    0x0000000000001956      0x748 /home/shoop/Documents/MCUXpresso_10.2.0_759/workspace/lpc_board_nxp_lpcxpresso_4337/Debug/liblpc_board_nxp_lpcxpresso_4337.a(board_sysinit.o)
 .debug_line    0x000000000000209e      0x6a5 /home/shoop/Documents/MCUXpresso_10.2.0_759/workspace/lpc_chip_43xx/Debug/liblpc_chip_43xx.a(chip_18xx_43xx.o)
 .debug_line    0x0000000000002743      0xaa5 /home/shoop/Documents/MCUXpresso_10.2.0_759/workspace/lpc_chip_43xx/Debug/liblpc_chip_43xx.a(clock_18xx_43xx.o)
 .debug_line    0x00000000000031e8      0x23c /home/shoop/Documents/MCUXpresso_10.2.0_759/workspace/lpc_chip_43xx/Debug/liblpc_chip_43xx.a(fpu_init.o)
 .debug_line    0x0000000000003424      0x64b /home/shoop/Documents/MCUXpresso_10.2.0_759/workspace/lpc_chip_43xx/Debug/liblpc_chip_43xx.a(gpio_18xx_43xx.o)
 .debug_line    0x0000000000003a6f      0x6fe /home/shoop/Documents/MCUXpresso_10.2.0_759/workspace/lpc_chip_43xx/Debug/liblpc_chip_43xx.a(sysinit_18xx_43xx.o)
 .debug_line    0x000000000000416d      0x982 /home/shoop/Documents/MCUXpresso_10.2.0_759/workspace/lpc_chip_43xx/Debug/liblpc_chip_43xx.a(uart_18xx_43xx.o)

.debug_str      0x0000000000000000    0x19916
 .debug_str     0x0000000000000000     0x2f26 ./src/cr_startup_lpc43xx.o
                                       0x2f3e (size before relaxing)
 .debug_str     0x0000000000002f26    0x1341e ./src/sysinit.o
                                      0x16266 (size before relaxing)
 .debug_str     0x0000000000016344      0xe40 ./src/systick.o
                                      0x170c9 (size before relaxing)
 .debug_str     0x0000000000017184     0x1a4b /home/shoop/Documents/MCUXpresso_10.2.0_759/workspace/lpc_board_nxp_lpcxpresso_4337/Debug/liblpc_board_nxp_lpcxpresso_4337.a(board.o)
                                      0x186e2 (size before relaxing)
 .debug_str     0x0000000000018bcf      0x16d /home/shoop/Documents/MCUXpresso_10.2.0_759/workspace/lpc_board_nxp_lpcxpresso_4337/Debug/liblpc_board_nxp_lpcxpresso_4337.a(board_sysinit.o)
                                      0x1705e (size before relaxing)
 .debug_str     0x0000000000018d3c       0xeb /home/shoop/Documents/MCUXpresso_10.2.0_759/workspace/lpc_chip_43xx/Debug/liblpc_chip_43xx.a(chip_18xx_43xx.o)
                                      0x1686f (size before relaxing)
 .debug_str     0x0000000000018e27      0x5e7 /home/shoop/Documents/MCUXpresso_10.2.0_759/workspace/lpc_chip_43xx/Debug/liblpc_chip_43xx.a(clock_18xx_43xx.o)
                                      0x16dee (size before relaxing)
 .debug_str     0x000000000001940e       0xb5 /home/shoop/Documents/MCUXpresso_10.2.0_759/workspace/lpc_chip_43xx/Debug/liblpc_chip_43xx.a(fpu_init.o)
                                       0xa0de (size before relaxing)
 .debug_str     0x00000000000194c3       0x38 /home/shoop/Documents/MCUXpresso_10.2.0_759/workspace/lpc_chip_43xx/Debug/liblpc_chip_43xx.a(gpio_18xx_43xx.o)
                                      0x15b95 (size before relaxing)
 .debug_str     0x00000000000194fb       0xb7 /home/shoop/Documents/MCUXpresso_10.2.0_759/workspace/lpc_chip_43xx/Debug/liblpc_chip_43xx.a(sysinit_18xx_43xx.o)
                                      0x16851 (size before relaxing)
 .debug_str     0x00000000000195b2      0x364 /home/shoop/Documents/MCUXpresso_10.2.0_759/workspace/lpc_chip_43xx/Debug/liblpc_chip_43xx.a(uart_18xx_43xx.o)
                                      0x169b2 (size before relaxing)

.comment        0x0000000000000000       0x7e
 .comment       0x0000000000000000       0x7e ./src/cr_startup_lpc43xx.o
                                         0x7f (size before relaxing)
 .comment       0x000000000000007e       0x7f ./src/sysinit.o
 .comment       0x000000000000007e       0x7f ./src/systick.o
 .comment       0x000000000000007e       0x7f /home/shoop/Documents/MCUXpresso_10.2.0_759/workspace/lpc_board_nxp_lpcxpresso_4337/Debug/liblpc_board_nxp_lpcxpresso_4337.a(board.o)
 .comment       0x000000000000007e       0x7f /home/shoop/Documents/MCUXpresso_10.2.0_759/workspace/lpc_board_nxp_lpcxpresso_4337/Debug/liblpc_board_nxp_lpcxpresso_4337.a(board_sysinit.o)
 .comment       0x000000000000007e       0x7f /home/shoop/Documents/MCUXpresso_10.2.0_759/workspace/lpc_chip_43xx/Debug/liblpc_chip_43xx.a(chip_18xx_43xx.o)
 .comment       0x000000000000007e       0x7f /home/shoop/Documents/MCUXpresso_10.2.0_759/workspace/lpc_chip_43xx/Debug/liblpc_chip_43xx.a(clock_18xx_43xx.o)
 .comment       0x000000000000007e       0x7f /home/shoop/Documents/MCUXpresso_10.2.0_759/workspace/lpc_chip_43xx/Debug/liblpc_chip_43xx.a(fpu_init.o)
 .comment       0x000000000000007e       0x7f /home/shoop/Documents/MCUXpresso_10.2.0_759/workspace/lpc_chip_43xx/Debug/liblpc_chip_43xx.a(gpio_18xx_43xx.o)
 .comment       0x000000000000007e       0x7f /home/shoop/Documents/MCUXpresso_10.2.0_759/workspace/lpc_chip_43xx/Debug/liblpc_chip_43xx.a(sysinit_18xx_43xx.o)
 .comment       0x000000000000007e       0x7f /home/shoop/Documents/MCUXpresso_10.2.0_759/workspace/lpc_chip_43xx/Debug/liblpc_chip_43xx.a(uart_18xx_43xx.o)
 .comment       0x000000000000007e       0x7f /usr/local/mcuxpresso-ide/ide/tools/bin/../lib/gcc/arm-none-eabi/7.2.1/../../../../arm-none-eabi/lib/thumb/v7e-m/fpv4-sp/softfp/libcr_nohost.a(_cr__main.o)
 .comment       0x000000000000007e       0x7f /usr/local/mcuxpresso-ide/ide/tools/bin/../lib/gcc/arm-none-eabi/7.2.1/../../../../arm-none-eabi/lib/thumb/v7e-m/fpv4-sp/softfp/libcr_c.a(memset.o)
 .comment       0x000000000000007e       0x7f /usr/local/mcuxpresso-ide/ide/tools/bin/../lib/gcc/arm-none-eabi/7.2.1/../../../../arm-none-eabi/lib/thumb/v7e-m/fpv4-sp/softfp/libcr_c.a(initio.o)
 .comment       0x000000000000007e       0x7f /usr/local/mcuxpresso-ide/ide/tools/bin/../lib/gcc/arm-none-eabi/7.2.1/../../../../arm-none-eabi/lib/thumb/v7e-m/fpv4-sp/softfp/libcr_c.a(setvbuf.o)
 .comment       0x000000000000007e       0x7f /usr/local/mcuxpresso-ide/ide/tools/bin/../lib/gcc/arm-none-eabi/7.2.1/../../../../arm-none-eabi/lib/thumb/v7e-m/fpv4-sp/softfp/libcr_c.a(_fdopen.o)
 .comment       0x000000000000007e       0x7f /usr/local/mcuxpresso-ide/ide/tools/bin/../lib/gcc/arm-none-eabi/7.2.1/../../../../arm-none-eabi/lib/thumb/v7e-m/fpv4-sp/softfp/libcr_c.a(fclose.o)
 .comment       0x000000000000007e       0x7f /usr/local/mcuxpresso-ide/ide/tools/bin/../lib/gcc/arm-none-eabi/7.2.1/../../../../arm-none-eabi/lib/thumb/v7e-m/fpv4-sp/softfp/libcr_c.a(fflush.o)
 .comment       0x000000000000007e       0x7f /usr/local/mcuxpresso-ide/ide/tools/bin/../lib/gcc/arm-none-eabi/7.2.1/../../../../arm-none-eabi/lib/thumb/v7e-m/fpv4-sp/softfp/libcr_c.a(fseek.o)
 .comment       0x000000000000007e       0x7f /usr/local/mcuxpresso-ide/ide/tools/bin/../lib/gcc/arm-none-eabi/7.2.1/../../../../arm-none-eabi/lib/thumb/v7e-m/fpv4-sp/softfp/libcr_c.a(ftell.o)
 .comment       0x000000000000007e       0x7f /usr/local/mcuxpresso-ide/ide/tools/bin/../lib/gcc/arm-none-eabi/7.2.1/../../../../arm-none-eabi/lib/thumb/v7e-m/fpv4-sp/softfp/libcr_c.a(remove.o)
 .comment       0x000000000000007e       0x7f /usr/local/mcuxpresso-ide/ide/tools/bin/../lib/gcc/arm-none-eabi/7.2.1/../../../../arm-none-eabi/lib/thumb/v7e-m/fpv4-sp/softfp/libcr_c.a(strlen.o)
 .comment       0x000000000000007e       0x7f /usr/local/mcuxpresso-ide/ide/tools/bin/../lib/gcc/arm-none-eabi/7.2.1/../../../../arm-none-eabi/lib/thumb/v7e-m/fpv4-sp/softfp/libcr_c.a(_do_fflush.o)
 .comment       0x000000000000007e       0x7f /usr/local/mcuxpresso-ide/ide/tools/bin/../lib/gcc/arm-none-eabi/7.2.1/../../../../arm-none-eabi/lib/thumb/v7e-m/fpv4-sp/softfp/libcr_c.a(_fflush.o)
 .comment       0x000000000000007e       0x7f /usr/local/mcuxpresso-ide/ide/tools/bin/../lib/gcc/arm-none-eabi/7.2.1/../../../../arm-none-eabi/lib/thumb/v7e-m/fpv4-sp/softfp/libcr_c.a(_writebuf.o)
 .comment       0x000000000000007e       0x7f /usr/local/mcuxpresso-ide/ide/tools/bin/../lib/gcc/arm-none-eabi/7.2.1/../../../../arm-none-eabi/lib/thumb/v7e-m/fpv4-sp/softfp/libcr_c.a(alloc.o)
 .comment       0x000000000000007e       0x7f /usr/local/mcuxpresso-ide/ide/tools/bin/../lib/gcc/arm-none-eabi/7.2.1/../../../../arm-none-eabi/lib/thumb/v7e-m/fpv4-sp/softfp/libcr_c.a(errno.o)
 .comment       0x000000000000007e       0x7f /usr/local/mcuxpresso-ide/ide/tools/bin/../lib/gcc/arm-none-eabi/7.2.1/../../../../arm-none-eabi/lib/thumb/v7e-m/fpv4-sp/softfp/libcr_c.a(_deferredlazyseek.o)
 .comment       0x000000000000007e       0x7f /usr/local/mcuxpresso-ide/ide/tools/bin/../lib/gcc/arm-none-eabi/7.2.1/../../../../arm-none-eabi/lib/thumb/v7e-m/fpv4-sp/softfp/libcr_nohost.a(__ciob.o)
 .comment       0x000000000000007e       0x7f /usr/local/mcuxpresso-ide/ide/tools/bin/../lib/gcc/arm-none-eabi/7.2.1/../../../../arm-none-eabi/lib/thumb/v7e-m/fpv4-sp/softfp/libcr_nohost.a(__sys_close.o)
 .comment       0x000000000000007e       0x7f /usr/local/mcuxpresso-ide/ide/tools/bin/../lib/gcc/arm-none-eabi/7.2.1/../../../../arm-none-eabi/lib/thumb/v7e-m/fpv4-sp/softfp/libcr_nohost.a(__sys_flen.o)
 .comment       0x000000000000007e       0x7f /usr/local/mcuxpresso-ide/ide/tools/bin/../lib/gcc/arm-none-eabi/7.2.1/../../../../arm-none-eabi/lib/thumb/v7e-m/fpv4-sp/softfp/libcr_nohost.a(__sys_istty.o)
 .comment       0x000000000000007e       0x7f /usr/local/mcuxpresso-ide/ide/tools/bin/../lib/gcc/arm-none-eabi/7.2.1/../../../../arm-none-eabi/lib/thumb/v7e-m/fpv4-sp/softfp/libcr_nohost.a(__sys_remove.o)
 .comment       0x000000000000007e       0x7f /usr/local/mcuxpresso-ide/ide/tools/bin/../lib/gcc/arm-none-eabi/7.2.1/../../../../arm-none-eabi/lib/thumb/v7e-m/fpv4-sp/softfp/libcr_nohost.a(__sys_seek.o)
 .comment       0x000000000000007e       0x7f /usr/local/mcuxpresso-ide/ide/tools/bin/../lib/gcc/arm-none-eabi/7.2.1/../../../../arm-none-eabi/lib/thumb/v7e-m/fpv4-sp/softfp/libcr_nohost.a(__sys_tmpnam.o)

.ARM.attributes
                0x0000000000000000       0x35
 .ARM.attributes
                0x0000000000000000       0x37 ./src/cr_startup_lpc43xx.o
 .ARM.attributes
                0x0000000000000037       0x37 ./src/sysinit.o
 .ARM.attributes
                0x000000000000006e       0x37 ./src/systick.o
 .ARM.attributes
                0x00000000000000a5       0x37 /home/shoop/Documents/MCUXpresso_10.2.0_759/workspace/lpc_board_nxp_lpcxpresso_4337/Debug/liblpc_board_nxp_lpcxpresso_4337.a(board.o)
 .ARM.attributes
                0x00000000000000dc       0x37 /home/shoop/Documents/MCUXpresso_10.2.0_759/workspace/lpc_board_nxp_lpcxpresso_4337/Debug/liblpc_board_nxp_lpcxpresso_4337.a(board_sysinit.o)
 .ARM.attributes
                0x0000000000000113       0x37 /home/shoop/Documents/MCUXpresso_10.2.0_759/workspace/lpc_chip_43xx/Debug/liblpc_chip_43xx.a(chip_18xx_43xx.o)
 .ARM.attributes
                0x000000000000014a       0x37 /home/shoop/Documents/MCUXpresso_10.2.0_759/workspace/lpc_chip_43xx/Debug/liblpc_chip_43xx.a(clock_18xx_43xx.o)
 .ARM.attributes
                0x0000000000000181       0x37 /home/shoop/Documents/MCUXpresso_10.2.0_759/workspace/lpc_chip_43xx/Debug/liblpc_chip_43xx.a(fpu_init.o)
 .ARM.attributes
                0x00000000000001b8       0x37 /home/shoop/Documents/MCUXpresso_10.2.0_759/workspace/lpc_chip_43xx/Debug/liblpc_chip_43xx.a(gpio_18xx_43xx.o)
 .ARM.attributes
                0x00000000000001ef       0x37 /home/shoop/Documents/MCUXpresso_10.2.0_759/workspace/lpc_chip_43xx/Debug/liblpc_chip_43xx.a(sysinit_18xx_43xx.o)
 .ARM.attributes
                0x0000000000000226       0x37 /home/shoop/Documents/MCUXpresso_10.2.0_759/workspace/lpc_chip_43xx/Debug/liblpc_chip_43xx.a(uart_18xx_43xx.o)
 .ARM.attributes
                0x000000000000025d       0x37 /usr/local/mcuxpresso-ide/ide/tools/bin/../lib/gcc/arm-none-eabi/7.2.1/../../../../arm-none-eabi/lib/thumb/v7e-m/fpv4-sp/softfp/libcr_nohost.a(_cr__main.o)
 .ARM.attributes
                0x0000000000000294       0x37 /usr/local/mcuxpresso-ide/ide/tools/bin/../lib/gcc/arm-none-eabi/7.2.1/../../../../arm-none-eabi/lib/thumb/v7e-m/fpv4-sp/softfp/libcr_c.a(memset.o)
 .ARM.attributes
                0x00000000000002cb       0x37 /usr/local/mcuxpresso-ide/ide/tools/bin/../lib/gcc/arm-none-eabi/7.2.1/../../../../arm-none-eabi/lib/thumb/v7e-m/fpv4-sp/softfp/libcr_c.a(initio.o)
 .ARM.attributes
                0x0000000000000302       0x37 /usr/local/mcuxpresso-ide/ide/tools/bin/../lib/gcc/arm-none-eabi/7.2.1/../../../../arm-none-eabi/lib/thumb/v7e-m/fpv4-sp/softfp/libcr_c.a(setvbuf.o)
 .ARM.attributes
                0x0000000000000339       0x37 /usr/local/mcuxpresso-ide/ide/tools/bin/../lib/gcc/arm-none-eabi/7.2.1/../../../../arm-none-eabi/lib/thumb/v7e-m/fpv4-sp/softfp/libcr_c.a(_fdopen.o)
 .ARM.attributes
                0x0000000000000370       0x37 /usr/local/mcuxpresso-ide/ide/tools/bin/../lib/gcc/arm-none-eabi/7.2.1/../../../../arm-none-eabi/lib/thumb/v7e-m/fpv4-sp/softfp/libcr_c.a(fclose.o)
 .ARM.attributes
                0x00000000000003a7       0x37 /usr/local/mcuxpresso-ide/ide/tools/bin/../lib/gcc/arm-none-eabi/7.2.1/../../../../arm-none-eabi/lib/thumb/v7e-m/fpv4-sp/softfp/libcr_c.a(fflush.o)
 .ARM.attributes
                0x00000000000003de       0x37 /usr/local/mcuxpresso-ide/ide/tools/bin/../lib/gcc/arm-none-eabi/7.2.1/../../../../arm-none-eabi/lib/thumb/v7e-m/fpv4-sp/softfp/libcr_c.a(fseek.o)
 .ARM.attributes
                0x0000000000000415       0x37 /usr/local/mcuxpresso-ide/ide/tools/bin/../lib/gcc/arm-none-eabi/7.2.1/../../../../arm-none-eabi/lib/thumb/v7e-m/fpv4-sp/softfp/libcr_c.a(ftell.o)
 .ARM.attributes
                0x000000000000044c       0x37 /usr/local/mcuxpresso-ide/ide/tools/bin/../lib/gcc/arm-none-eabi/7.2.1/../../../../arm-none-eabi/lib/thumb/v7e-m/fpv4-sp/softfp/libcr_c.a(remove.o)
 .ARM.attributes
                0x0000000000000483       0x37 /usr/local/mcuxpresso-ide/ide/tools/bin/../lib/gcc/arm-none-eabi/7.2.1/../../../../arm-none-eabi/lib/thumb/v7e-m/fpv4-sp/softfp/libcr_c.a(strlen.o)
 .ARM.attributes
                0x00000000000004ba       0x37 /usr/local/mcuxpresso-ide/ide/tools/bin/../lib/gcc/arm-none-eabi/7.2.1/../../../../arm-none-eabi/lib/thumb/v7e-m/fpv4-sp/softfp/libcr_c.a(_do_fflush.o)
 .ARM.attributes
                0x00000000000004f1       0x37 /usr/local/mcuxpresso-ide/ide/tools/bin/../lib/gcc/arm-none-eabi/7.2.1/../../../../arm-none-eabi/lib/thumb/v7e-m/fpv4-sp/softfp/libcr_c.a(_fflush.o)
 .ARM.attributes
                0x0000000000000528       0x37 /usr/local/mcuxpresso-ide/ide/tools/bin/../lib/gcc/arm-none-eabi/7.2.1/../../../../arm-none-eabi/lib/thumb/v7e-m/fpv4-sp/softfp/libcr_c.a(_writebuf.o)
 .ARM.attributes
                0x000000000000055f       0x37 /usr/local/mcuxpresso-ide/ide/tools/bin/../lib/gcc/arm-none-eabi/7.2.1/../../../../arm-none-eabi/lib/thumb/v7e-m/fpv4-sp/softfp/libcr_c.a(alloc.o)
 .ARM.attributes
                0x0000000000000596       0x37 /usr/local/mcuxpresso-ide/ide/tools/bin/../lib/gcc/arm-none-eabi/7.2.1/../../../../arm-none-eabi/lib/thumb/v7e-m/fpv4-sp/softfp/libcr_c.a(errno.o)
 .ARM.attributes
                0x00000000000005cd       0x37 /usr/local/mcuxpresso-ide/ide/tools/bin/../lib/gcc/arm-none-eabi/7.2.1/../../../../arm-none-eabi/lib/thumb/v7e-m/fpv4-sp/softfp/libcr_c.a(_deferredlazyseek.o)
 .ARM.attributes
                0x0000000000000604       0x25 /usr/local/mcuxpresso-ide/ide/tools/bin/../lib/gcc/arm-none-eabi/7.2.1/thumb/v7e-m/fpv4-sp/softfp/libcr_eabihelpers.a(division_64.o)
 .ARM.attributes
                0x0000000000000629       0x25 /usr/local/mcuxpresso-ide/ide/tools/bin/../lib/gcc/arm-none-eabi/7.2.1/thumb/v7e-m/fpv4-sp/softfp/libcr_eabihelpers.a(division_idiv0.o)
 .ARM.attributes
                0x000000000000064e       0x25 /usr/local/mcuxpresso-ide/ide/tools/bin/../lib/gcc/arm-none-eabi/7.2.1/thumb/v7e-m/fpv4-sp/softfp/libcr_eabihelpers.a(memcpy.o)
 .ARM.attributes
                0x0000000000000673       0x37 /usr/local/mcuxpresso-ide/ide/tools/bin/../lib/gcc/arm-none-eabi/7.2.1/../../../../arm-none-eabi/lib/thumb/v7e-m/fpv4-sp/softfp/libcr_nohost.a(__ciob.o)
 .ARM.attributes
                0x00000000000006aa       0x37 /usr/local/mcuxpresso-ide/ide/tools/bin/../lib/gcc/arm-none-eabi/7.2.1/../../../../arm-none-eabi/lib/thumb/v7e-m/fpv4-sp/softfp/libcr_nohost.a(__sys_close.o)
 .ARM.attributes
                0x00000000000006e1       0x37 /usr/local/mcuxpresso-ide/ide/tools/bin/../lib/gcc/arm-none-eabi/7.2.1/../../../../arm-none-eabi/lib/thumb/v7e-m/fpv4-sp/softfp/libcr_nohost.a(__sys_flen.o)
 .ARM.attributes
                0x0000000000000718       0x37 /usr/local/mcuxpresso-ide/ide/tools/bin/../lib/gcc/arm-none-eabi/7.2.1/../../../../arm-none-eabi/lib/thumb/v7e-m/fpv4-sp/softfp/libcr_nohost.a(__sys_istty.o)
 .ARM.attributes
                0x000000000000074f       0x37 /usr/local/mcuxpresso-ide/ide/tools/bin/../lib/gcc/arm-none-eabi/7.2.1/../../../../arm-none-eabi/lib/thumb/v7e-m/fpv4-sp/softfp/libcr_nohost.a(__sys_remove.o)
 .ARM.attributes
                0x0000000000000786       0x37 /usr/local/mcuxpresso-ide/ide/tools/bin/../lib/gcc/arm-none-eabi/7.2.1/../../../../arm-none-eabi/lib/thumb/v7e-m/fpv4-sp/softfp/libcr_nohost.a(__sys_seek.o)
 .ARM.attributes
                0x00000000000007bd       0x37 /usr/local/mcuxpresso-ide/ide/tools/bin/../lib/gcc/arm-none-eabi/7.2.1/../../../../arm-none-eabi/lib/thumb/v7e-m/fpv4-sp/softfp/libcr_nohost.a(__sys_tmpnam.o)

.debug_frame    0x0000000000000000     0x15bc
 .debug_frame   0x0000000000000000      0x170 ./src/cr_startup_lpc43xx.o
 .debug_frame   0x0000000000000170       0x34 ./src/sysinit.o
 .debug_frame   0x00000000000001a4       0x94 ./src/systick.o
 .debug_frame   0x0000000000000238      0x62c /home/shoop/Documents/MCUXpresso_10.2.0_759/workspace/lpc_board_nxp_lpcxpresso_4337/Debug/liblpc_board_nxp_lpcxpresso_4337.a(board.o)
 .debug_frame   0x0000000000000864       0xe4 /home/shoop/Documents/MCUXpresso_10.2.0_759/workspace/lpc_board_nxp_lpcxpresso_4337/Debug/liblpc_board_nxp_lpcxpresso_4337.a(board_sysinit.o)
 .debug_frame   0x0000000000000948       0xa0 /home/shoop/Documents/MCUXpresso_10.2.0_759/workspace/lpc_chip_43xx/Debug/liblpc_chip_43xx.a(chip_18xx_43xx.o)
 .debug_frame   0x00000000000009e8      0x568 /home/shoop/Documents/MCUXpresso_10.2.0_759/workspace/lpc_chip_43xx/Debug/liblpc_chip_43xx.a(clock_18xx_43xx.o)
 .debug_frame   0x0000000000000f50       0x38 /home/shoop/Documents/MCUXpresso_10.2.0_759/workspace/lpc_chip_43xx/Debug/liblpc_chip_43xx.a(fpu_init.o)
 .debug_frame   0x0000000000000f88       0x60 /home/shoop/Documents/MCUXpresso_10.2.0_759/workspace/lpc_chip_43xx/Debug/liblpc_chip_43xx.a(gpio_18xx_43xx.o)
 .debug_frame   0x0000000000000fe8       0xf4 /home/shoop/Documents/MCUXpresso_10.2.0_759/workspace/lpc_chip_43xx/Debug/liblpc_chip_43xx.a(sysinit_18xx_43xx.o)
 .debug_frame   0x00000000000010dc      0x4e0 /home/shoop/Documents/MCUXpresso_10.2.0_759/workspace/lpc_chip_43xx/Debug/liblpc_chip_43xx.a(uart_18xx_43xx.o)
