Archive member included to satisfy reference by file (symbol)

/home/shoop/Documents/MCUXpresso_10.2.0_759/workspace/lpc_board_nxp_lpcxpresso_4337/Debug/liblpc_board_nxp_lpcxpresso_4337.a(board.o)
                              ./src/freertos_blinky.o (Board_LED_Set)
/home/shoop/Documents/MCUXpresso_10.2.0_759/workspace/lpc_board_nxp_lpcxpresso_4337/Debug/liblpc_board_nxp_lpcxpresso_4337.a(board_sysinit.o)
                              ./src/sysinit.o (Board_SystemInit)
/home/shoop/Documents/MCUXpresso_10.2.0_759/workspace/lpc_board_nxp_lpcxpresso_4337/Debug/liblpc_board_nxp_lpcxpresso_4337.a(wm8904.o)
                              /home/shoop/Documents/MCUXpresso_10.2.0_759/workspace/lpc_board_nxp_lpcxpresso_4337/Debug/liblpc_board_nxp_lpcxpresso_4337.a(board.o) (WM8904_Init)
/home/shoop/Documents/MCUXpresso_10.2.0_759/workspace/lpc_chip_43xx/Debug/liblpc_chip_43xx.a(chip_18xx_43xx.o)
                              ./freertos/port.o (SystemCoreClock)
/home/shoop/Documents/MCUXpresso_10.2.0_759/workspace/lpc_chip_43xx/Debug/liblpc_chip_43xx.a(clock_18xx_43xx.o)
                              /home/shoop/Documents/MCUXpresso_10.2.0_759/workspace/lpc_chip_43xx/Debug/liblpc_chip_43xx.a(chip_18xx_43xx.o) (Chip_Clock_GetClockInputHz)
/home/shoop/Documents/MCUXpresso_10.2.0_759/workspace/lpc_chip_43xx/Debug/liblpc_chip_43xx.a(fpu_init.o)
                              ./src/sysinit.o (fpuInit)
/home/shoop/Documents/MCUXpresso_10.2.0_759/workspace/lpc_chip_43xx/Debug/liblpc_chip_43xx.a(gpio_18xx_43xx.o)
                              /home/shoop/Documents/MCUXpresso_10.2.0_759/workspace/lpc_board_nxp_lpcxpresso_4337/Debug/liblpc_board_nxp_lpcxpresso_4337.a(board.o) (Chip_GPIO_Init)
/home/shoop/Documents/MCUXpresso_10.2.0_759/workspace/lpc_chip_43xx/Debug/liblpc_chip_43xx.a(i2c_18xx_43xx.o)
                              /home/shoop/Documents/MCUXpresso_10.2.0_759/workspace/lpc_board_nxp_lpcxpresso_4337/Debug/liblpc_board_nxp_lpcxpresso_4337.a(wm8904.o) (Chip_I2C_EventHandlerPolling)
/home/shoop/Documents/MCUXpresso_10.2.0_759/workspace/lpc_chip_43xx/Debug/liblpc_chip_43xx.a(ssp_18xx_43xx.o)
                              /home/shoop/Documents/MCUXpresso_10.2.0_759/workspace/lpc_board_nxp_lpcxpresso_4337/Debug/liblpc_board_nxp_lpcxpresso_4337.a(board.o) (Chip_SSP_WriteFrames_Blocking)
/home/shoop/Documents/MCUXpresso_10.2.0_759/workspace/lpc_chip_43xx/Debug/liblpc_chip_43xx.a(sysinit_18xx_43xx.o)
                              /home/shoop/Documents/MCUXpresso_10.2.0_759/workspace/lpc_board_nxp_lpcxpresso_4337/Debug/liblpc_board_nxp_lpcxpresso_4337.a(board_sysinit.o) (Chip_SetupCoreClock)
/home/shoop/Documents/MCUXpresso_10.2.0_759/workspace/lpc_chip_43xx/Debug/liblpc_chip_43xx.a(uart_18xx_43xx.o)
                              /home/shoop/Documents/MCUXpresso_10.2.0_759/workspace/lpc_board_nxp_lpcxpresso_4337/Debug/liblpc_board_nxp_lpcxpresso_4337.a(board.o) (Chip_UART_Init)
/home/shoop/Documents/MCUXpresso_10.2.0_759/workspace/lpc_chip_43xx/Debug/liblpc_chip_43xx.a(ring_buffer.o)
                              /home/shoop/Documents/MCUXpresso_10.2.0_759/workspace/lpc_chip_43xx/Debug/liblpc_chip_43xx.a(uart_18xx_43xx.o) (RingBuffer_Insert)
/usr/local/mcuxpresso-ide/ide/tools/bin/../lib/gcc/arm-none-eabi/7.2.1/../../../../arm-none-eabi/lib/thumb/v7e-m/fpv4-sp/softfp/libcr_nohost.a(_cr__main.o)
                              ./src/cr_startup_lpc43xx.o (__main)
/usr/local/mcuxpresso-ide/ide/tools/bin/../lib/gcc/arm-none-eabi/7.2.1/../../../../arm-none-eabi/lib/thumb/v7e-m/fpv4-sp/softfp/libcr_c.a(memcpy.o)
                              ./freertos/queue.o (memcpy)
/usr/local/mcuxpresso-ide/ide/tools/bin/../lib/gcc/arm-none-eabi/7.2.1/../../../../arm-none-eabi/lib/thumb/v7e-m/fpv4-sp/softfp/libcr_c.a(memset.o)
                              ./freertos/tasks.o (memset)
/usr/local/mcuxpresso-ide/ide/tools/bin/../lib/gcc/arm-none-eabi/7.2.1/../../../../arm-none-eabi/lib/thumb/v7e-m/fpv4-sp/softfp/libcr_c.a(alloc.o)
                              ./freertos/heap_3.o (malloc)
/usr/local/mcuxpresso-ide/ide/tools/bin/../lib/gcc/arm-none-eabi/7.2.1/../../../../arm-none-eabi/lib/thumb/v7e-m/fpv4-sp/softfp/libcr_c.a(fpprintf.o)
                              ./src/freertos_blinky.o (printf)
/usr/local/mcuxpresso-ide/ide/tools/bin/../lib/gcc/arm-none-eabi/7.2.1/../../../../arm-none-eabi/lib/thumb/v7e-m/fpv4-sp/softfp/libcr_c.a(initio.o)
                              /usr/local/mcuxpresso-ide/ide/tools/bin/../lib/gcc/arm-none-eabi/7.2.1/../../../../arm-none-eabi/lib/thumb/v7e-m/fpv4-sp/softfp/libcr_nohost.a(_cr__main.o) (_initio)
/usr/local/mcuxpresso-ide/ide/tools/bin/../lib/gcc/arm-none-eabi/7.2.1/../../../../arm-none-eabi/lib/thumb/v7e-m/fpv4-sp/softfp/libcr_c.a(printf.o)
                              /usr/local/mcuxpresso-ide/ide/tools/bin/../lib/gcc/arm-none-eabi/7.2.1/../../../../arm-none-eabi/lib/thumb/v7e-m/fpv4-sp/softfp/libcr_c.a(fpprintf.o) (__vfprintf)
[...]
Memory Configuration

Name             Origin             Length             Attributes
MFlashA512       0x000000001a000000 0x0000000000080000 xr
MFlashB512       0x000000001b000000 0x0000000000080000 xr
RamLoc32         0x0000000010000000 0x0000000000008000 xrw
RamLoc40         0x0000000010080000 0x000000000000a000 xrw
RamAHB32         0x0000000020000000 0x0000000000008000 xrw
RamAHB16         0x0000000020008000 0x0000000000004000 xrw
RamAHB_ETB16     0x000000002000c000 0x0000000000004000 xrw
*default*        0x0000000000000000 0xffffffffffffffff

Linker script and memory map

LOAD ./src/cr_startup_lpc43xx.o
LOAD ./src/freertos_blinky.o
LOAD ./src/sysinit.o
LOAD ./freertos/FreeRTOSCommonHooks.o
LOAD ./freertos/croutine.o
LOAD ./freertos/heap_3.o
LOAD ./freertos/list.o
LOAD ./freertos/port.o
LOAD ./freertos/queue.o
LOAD ./freertos/tasks.o
LOAD ./freertos/timers.o
LOAD /home/shoop/Documents/MCUXpresso_10.2.0_759/workspace/lpc_board_nxp_lpcxpresso_4337/Debug/liblpc_board_nxp_lpcxpresso_4337.a
LOAD /home/shoop/Documents/MCUXpresso_10.2.0_759/workspace/lpc_chip_43xx/Debug/liblpc_chip_43xx.a
START GROUP
LOAD /usr/local/mcuxpresso-ide/ide/tools/bin/../lib/gcc/arm-none-eabi/7.2.1/../../../../arm-none-eabi/lib/thumb/v7e-m/fpv4-sp/softfp/libcr_nohost.a
LOAD /usr/local/mcuxpresso-ide/ide/tools/bin/../lib/gcc/arm-none-eabi/7.2.1/../../../../arm-none-eabi/lib/thumb/v7e-m/fpv4-sp/softfp/libcr_c.a
LOAD /usr/local/mcuxpresso-ide/ide/tools/bin/../lib/gcc/arm-none-eabi/7.2.1/thumb/v7e-m/fpv4-sp/softfp/libcr_eabihelpers.a
END GROUP
                0x000000001a000000                __base_MFlashA512 = 0x1a000000
                0x000000001a000000                __base_Flash = 0x1a000000
                0x000000001a080000                __top_MFlashA512 = 0x1a080000
                0x000000001a080000                __top_Flash = 0x1a080000
                0x000000001b000000                __base_MFlashB512 = 0x1b000000
                0x000000001b000000                __base_Flash2 = 0x1b000000
                0x000000001b080000                __top_MFlashB512 = 0x1b080000
                0x000000001b080000                __top_Flash2 = 0x1b080000
                0x0000000010000000                __base_RamLoc32 = 0x10000000
                0x0000000010000000                __base_RAM = 0x10000000
                0x0000000010008000                __top_RamLoc32 = 0x10008000
                0x0000000010008000                __top_RAM = 0x10008000
                0x0000000010080000                __base_RamLoc40 = 0x10080000
                0x0000000010080000                __base_RAM2 = 0x10080000
                0x000000001008a000                __top_RamLoc40 = 0x1008a000
                0x000000001008a000                __top_RAM2 = 0x1008a000
                0x0000000020000000                __base_RamAHB32 = 0x20000000
                0x0000000020000000                __base_RAM3 = 0x20000000
                0x0000000020008000                __top_RamAHB32 = 0x20008000
                0x0000000020008000                __top_RAM3 = 0x20008000
                0x0000000020008000                __base_RamAHB16 = 0x20008000
                0x0000000020008000                __base_RAM4 = 0x20008000
                0x000000002000c000                __top_RamAHB16 = 0x2000c000
                0x000000002000c000                __top_RAM4 = 0x2000c000
                0x000000002000c000                __base_RamAHB_ETB16 = 0x2000c000
                0x000000002000c000                __base_RAM5 = 0x2000c000
                0x0000000020010000                __top_RamAHB_ETB16 = 0x20010000
                0x0000000020010000                __top_RAM5 = 0x20010000

.text_Flash2    0x000000001b000000        0x0
 FILL mask 0xff
 *(.text_Flash2*)
 *(.text_MFlashB512*)
 *(.text.$Flash2*)
 *(.text.$MFlashB512*)
 *(.rodata.$Flash2*)
 *(.rodata.$MFlashB512*)

.text           0x000000001a000000     0x4f44
 FILL mask 0xff
                0x000000001a000000                __vectors_start__ = ABSOLUTE (.)
 *(.isr_vector)
 .isr_vector    0x000000001a000000      0x114 ./src/cr_startup_lpc43xx.o
                0x000000001a000000                g_pfnVectors
                0x000000001a000114                . = ALIGN (0x4)
                0x000000001a000114                __section_table_start = .
                0x000000001a000114                __data_section_table = .
                0x000000001a000114        0x4 LONG 0x1a004f44 LOADADDR (.data)
                0x000000001a000118        0x4 LONG 0x10000000 ADDR (.data)
                0x000000001a00011c        0x4 LONG 0x8 SIZEOF (.data)
                0x000000001a000120        0x4 LONG 0x1a004f44 LOADADDR (.data_RAM2)
                0x000000001a000124        0x4 LONG 0x10080000 ADDR (.data_RAM2)
                0x000000001a000128        0x4 LONG 0x0 SIZEOF (.data_RAM2)
                0x000000001a00012c        0x4 LONG 0x1a004f44 LOADADDR (.data_RAM3)
                0x000000001a000130        0x4 LONG 0x20000000 ADDR (.data_RAM3)
                0x000000001a000134        0x4 LONG 0x0 SIZEOF (.data_RAM3)
                0x000000001a000138        0x4 LONG 0x1a004f44 LOADADDR (.data_RAM4)
                0x000000001a00013c        0x4 LONG 0x20008000 ADDR (.data_RAM4)
                0x000000001a000140        0x4 LONG 0x0 SIZEOF (.data_RAM4)
                0x000000001a000144        0x4 LONG 0x1a004f44 LOADADDR (.data_RAM5)
                0x000000001a000148        0x4 LONG 0x2000c000 ADDR (.data_RAM5)
                0x000000001a00014c        0x4 LONG 0x0 SIZEOF (.data_RAM5)
                0x000000001a000150                __data_section_table_end = .
                0x000000001a000150                __bss_section_table = .
                0x000000001a000150        0x4 LONG 0x10000008 ADDR (.bss)
                0x000000001a000154        0x4 LONG 0x33c SIZEOF (.bss)
                0x000000001a000158        0x4 LONG 0x10080000 ADDR (.bss_RAM2)
                0x000000001a00015c        0x4 LONG 0x0 SIZEOF (.bss_RAM2)
                0x000000001a000160        0x4 LONG 0x20000000 ADDR (.bss_RAM3)
                0x000000001a000164        0x4 LONG 0x0 SIZEOF (.bss_RAM3)
                0x000000001a000168        0x4 LONG 0x20008000 ADDR (.bss_RAM4)
                0x000000001a00016c        0x4 LONG 0x0 SIZEOF (.bss_RAM4)
                0x000000001a000170        0x4 LONG 0x2000c000 ADDR (.bss_RAM5)
                0x000000001a000174        0x4 LONG 0x0 SIZEOF (.bss_RAM5)
                0x000000001a000178                __bss_section_table_end = .
                0x000000001a000178                __section_table_end = .
 *(.after_vectors*)
 .after_vectors
                0x000000001a000178       0xb8 ./src/cr_startup_lpc43xx.o
                0x000000001a000178                data_init
                0x000000001a0001bc                bss_init
                0x000000001a0001f4                NMI_Handler
                0x000000001a0001fa                HardFault_Handler
                0x000000001a000200                MemManage_Handler
                0x000000001a000206                BusFault_Handler
                0x000000001a00020c                UsageFault_Handler
                0x000000001a000218                DebugMon_Handler
                0x000000001a00022a                TIMER2_IRQHandler
                0x000000001a00022a                RIT_IRQHandler
                0x000000001a00022a                ADCHS_IRQHandler
                0x000000001a00022a                FLASH_EEPROM_IRQHandler
                0x000000001a00022a                I2C0_IRQHandler
                0x000000001a00022a                SDIO_IRQHandler
                0x000000001a00022a                ATIMER_IRQHandler
                0x000000001a00022a                I2C1_IRQHandler
                0x000000001a00022a                UART1_IRQHandler
                0x000000001a00022a                GPIO5_IRQHandler
                0x000000001a00022a                CAN1_IRQHandler
                0x000000001a00022a                USB1_IRQHandler
                0x000000001a00022a                I2S0_IRQHandler
                0x000000001a00022a                TIMER3_IRQHandler
                0x000000001a00022a                UART0_IRQHandler
                0x000000001a00022a                SGPIO_IRQHandler
                0x000000001a00022a                ADC0_IRQHandler
                0x000000001a00022a                GPIO6_IRQHandler
                0x000000001a00022a                IntDefaultHandler
                0x000000001a00022a                GPIO1_IRQHandler
                0x000000001a00022a                SSP0_IRQHandler
                0x000000001a00022a                ADC1_IRQHandler
                0x000000001a00022a                RTC_IRQHandler
                0x000000001a00022a                TIMER0_IRQHandler
                0x000000001a00022a                SPI_IRQHandler
                0x000000001a00022a                LCD_IRQHandler
                0x000000001a00022a                TIMER1_IRQHandler
                0x000000001a00022a                UART2_IRQHandler
                0x000000001a00022a                GPIO2_IRQHandler
                0x000000001a00022a                I2S1_IRQHandler
                0x000000001a00022a                SSP1_IRQHandler
                0x000000001a00022a                USB0_IRQHandler
                0x000000001a00022a                GPIO3_IRQHandler
                0x000000001a00022a                SCT_IRQHandler
                0x000000001a00022a                WDT_IRQHandler
                0x000000001a00022a                GPIO7_IRQHandler
                0x000000001a00022a                SPIFI_IRQHandler
                0x000000001a00022a                QEI_IRQHandler
                0x000000001a00022a                ETH_IRQHandler
                0x000000001a00022a                CAN0_IRQHandler
                0x000000001a00022a                GINT0_IRQHandler
                0x000000001a00022a                DAC_IRQHandler
                0x000000001a00022a                M0SUB_IRQHandler
                0x000000001a00022a                GPIO0_IRQHandler
                0x000000001a00022a                DMA_IRQHandler
                0x000000001a00022a                EVRT_IRQHandler
                0x000000001a00022a                UART3_IRQHandler
                0x000000001a00022a                MCPWM_IRQHandler
                0x000000001a00022a                M0APP_IRQHandler
                0x000000001a00022a                GINT1_IRQHandler
                0x000000001a00022a                GPIO4_IRQHandler
 *(.text*)
 .text.ResetISR
                0x000000001a000230       0xc4 ./src/cr_startup_lpc43xx.o
                0x000000001a000230                ResetISR
 .text.prvSetupHardware
                0x000000001a0002f4       0x18 ./src/freertos_blinky.o
 .text.vLEDTask1
                0x000000001a00030c       0x26 ./src/freertos_blinky.o
 .text.vLEDTask2
                0x000000001a000332       0x26 ./src/freertos_blinky.o
 .text.vUARTTask
                0x000000001a000358       0x28 ./src/freertos_blinky.o
 .text.main     0x000000001a000380       0x84 ./src/freertos_blinky.o
                0x000000001a000380                main
 .text.SystemInit
                0x000000001a000404       0x28 ./src/sysinit.o
                0x000000001a000404                SystemInit
 .text.vApplicationIdleHook
                0x000000001a00042c       0x10 ./freertos/FreeRTOSCommonHooks.o
                0x000000001a00042c                vApplicationIdleHook
 .text.pvPortMalloc
                0x000000001a00043c       0x22 ./freertos/heap_3.o
                0x000000001a00043c                pvPortMalloc
 .text.vPortFree
                0x000000001a00045e       0x24 ./freertos/heap_3.o
                0x000000001a00045e                vPortFree
 .text.vListInitialise
                0x000000001a000482       0x40 ./freertos/list.o
                0x000000001a000482                vListInitialise
 .text.vListInitialiseItem
                0x000000001a0004c2       0x1a ./freertos/list.o
                0x000000001a0004c2                vListInitialiseItem
 .text.vListInsertEnd
                0x000000001a0004dc       0x48 ./freertos/list.o
                0x000000001a0004dc                vListInsertEnd
 .text.vListInsert
                0x000000001a000524       0x72 ./freertos/list.o
                0x000000001a000524                vListInsert
 .text.uxListRemove
                0x000000001a000596       0x54 ./freertos/list.o
                0x000000001a000596                uxListRemove
 *fill*         0x000000001a0005ea        0x2 ff
 .text.pxPortInitialiseStack
                0x000000001a0005ec       0x64 ./freertos/port.o
                0x000000001a0005ec                pxPortInitialiseStack
 .text.prvTaskExitError
                0x000000001a000650        0xa ./freertos/port.o
 *fill*         0x000000001a00065a        0x2 ff
 .text.SVC_Handler
                0x000000001a00065c       0x24 ./freertos/port.o
                0x000000001a00065c                SVC_Handler
 .text.prvPortStartFirstTask
                0x000000001a000680       0x20 ./freertos/port.o
 .text.xPortStartScheduler
                0x000000001a0006a0       0x50 ./freertos/port.o
                0x000000001a0006a0                xPortStartScheduler
 .text.vPortYield
                0x000000001a0006f0       0x24 ./freertos/port.o
                0x000000001a0006f0                vPortYield
 .text.vPortEnterCritical
                0x000000001a000714       0x24 ./freertos/port.o
                0x000000001a000714                vPortEnterCritical
 .text.vPortExitCritical
                0x000000001a000738       0x24 ./freertos/port.o
                0x000000001a000738                vPortExitCritical
 .text.ulPortSetInterruptMask
                0x000000001a00075c       0x12 ./freertos/port.o
                0x000000001a00075c                ulPortSetInterruptMask
 .text.vPortClearInterruptMask
                0x000000001a00076e        0x8 ./freertos/port.o
                0x000000001a00076e                vPortClearInterruptMask
 *fill*         0x000000001a000776        0x2 ff
 .text.PendSV_Handler
                0x000000001a000778       0x5c ./freertos/port.o
                0x000000001a000778                PendSV_Handler
 .text.SysTick_Handler
                0x000000001a0007d4       0x28 ./freertos/port.o
                0x000000001a0007d4                SysTick_Handler
 .text.vPortSuppressTicksAndSleep
                0x000000001a0007fc      0x17c ./freertos/port.o
                0x000000001a0007fc                vPortSuppressTicksAndSleep
 .text.vPortSetupTimerInterrupt
                0x000000001a000978       0x68 ./freertos/port.o
                0x000000001a000978                vPortSetupTimerInterrupt
 .text.vPortEnableVFP
                0x000000001a0009e0       0x14 ./freertos/port.o
 .text.xTaskGenericCreate
                0x000000001a0009f4      0x140 ./freertos/tasks.o
                0x000000001a0009f4                xTaskGenericCreate
 .text.vTaskDelay
                0x000000001a000b34       0x54 ./freertos/tasks.o
                0x000000001a000b34                vTaskDelay
 .text.vTaskStartScheduler
                0x000000001a000b88       0x58 ./freertos/tasks.o
                0x000000001a000b88                vTaskStartScheduler
 .text.vTaskSuspendAll
                0x000000001a000be0       0x1c ./freertos/tasks.o
                0x000000001a000be0                vTaskSuspendAll
 .text.prvGetExpectedIdleTime
                0x000000001a000bfc       0x50 ./freertos/tasks.o
 .text.xTaskResumeAll
                0x000000001a000c4c       0xfc ./freertos/tasks.o
                0x000000001a000c4c                xTaskResumeAll
 .text.vTaskStepTick
                0x000000001a000d48       0x24 ./freertos/tasks.o
                0x000000001a000d48                vTaskStepTick
 .text.xTaskIncrementTick
                0x000000001a000d6c      0x15c ./freertos/tasks.o
                0x000000001a000d6c                xTaskIncrementTick
 .text.vTaskSwitchContext
                0x000000001a000ec8       0x9c ./freertos/tasks.o
                0x000000001a000ec8                vTaskSwitchContext
 .text.prvIdleTask
                0x000000001a000f64       0x48 ./freertos/tasks.o
 .text.eTaskConfirmSleepModeStatus
                0x000000001a000fac       0x5c ./freertos/tasks.o
                0x000000001a000fac                eTaskConfirmSleepModeStatus
 .text.prvInitialiseTCBVariables
                0x000000001a001008       0x94 ./freertos/tasks.o
 .text.prvInitialiseTaskLists
                0x000000001a00109c       0x80 ./freertos/tasks.o
 .text.prvCheckTasksWaitingTermination
                0x000000001a00111c       0x78 ./freertos/tasks.o
 .text.prvAddCurrentTaskToDelayedList
                0x000000001a001194       0x6c ./freertos/tasks.o
 .text.prvAllocateTCBAndStack
                0x000000001a001200       0x62 ./freertos/tasks.o
 .text.prvDeleteTCB
                0x000000001a001262       0x20 ./freertos/tasks.o
 *fill*         0x000000001a001282        0x2 ff
 .text.prvResetNextTaskUnblockTime
                0x000000001a001284       0x4c ./freertos/tasks.o
 .text.Chip_SCU_PinMuxSet
                0x000000001a0012d0       0x34 /home/shoop/Documents/MCUXpresso_10.2.0_759/workspace/lpc_board_nxp_lpcxpresso_4337/Debug/liblpc_board_nxp_lpcxpresso_4337.a(board.o)
 .text.Chip_ENET_RMIIEnable
                0x000000001a001304       0x28 /home/shoop/Documents/MCUXpresso_10.2.0_759/workspace/lpc_board_nxp_lpcxpresso_4337/Debug/liblpc_board_nxp_lpcxpresso_4337.a(board.o)
 .text.Chip_GPIO_SetPinState
                0x000000001a00132c       0x38 /home/shoop/Documents/MCUXpresso_10.2.0_759/workspace/lpc_board_nxp_lpcxpresso_4337/Debug/liblpc_board_nxp_lpcxpresso_4337.a(board.o)
 .text.Chip_GPIO_SetPinDIROutput
                0x000000001a001364       0x3e /home/shoop/Documents/MCUXpresso_10.2.0_759/workspace/lpc_board_nxp_lpcxpresso_4337/Debug/liblpc_board_nxp_lpcxpresso_4337.a(board.o)
 .text.Chip_UART_TXEnable
                0x000000001a0013a2       0x1a /home/shoop/Documents/MCUXpresso_10.2.0_759/workspace/lpc_board_nxp_lpcxpresso_4337/Debug/liblpc_board_nxp_lpcxpresso_4337.a(board.o)
 .text.Chip_UART_SendByte
                0x000000001a0013bc       0x1e /home/shoop/Documents/MCUXpresso_10.2.0_759/workspace/lpc_board_nxp_lpcxpresso_4337/Debug/liblpc_board_nxp_lpcxpresso_4337.a(board.o)
 .text.Chip_UART_ConfigData
                0x000000001a0013da       0x1c /home/shoop/Documents/MCUXpresso_10.2.0_759/workspace/lpc_board_nxp_lpcxpresso_4337/Debug/liblpc_board_nxp_lpcxpresso_4337.a(board.o)
 .text.Chip_UART_ReadLineStatus
                0x000000001a0013f6       0x18 /home/shoop/Documents/MCUXpresso_10.2.0_759/workspace/lpc_board_nxp_lpcxpresso_4337/Debug/liblpc_board_nxp_lpcxpresso_4337.a(board.o)
 .text.__sys_write
                0x000000001a00140e       0x38 /home/shoop/Documents/MCUXpresso_10.2.0_759/workspace/lpc_board_nxp_lpcxpresso_4337/Debug/liblpc_board_nxp_lpcxpresso_4337.a(board.o)
                0x000000001a00140e                __sys_write
 .text.Board_UART_Init
                0x000000001a001446       0x24 /home/shoop/Documents/MCUXpresso_10.2.0_759/workspace/lpc_board_nxp_lpcxpresso_4337/Debug/liblpc_board_nxp_lpcxpresso_4337.a(board.o)
                0x000000001a001446                Board_UART_Init
 *fill*         0x000000001a00146a        0x2 ff
 .text.Board_Debug_Init
                0x000000001a00146c       0x30 /home/shoop/Documents/MCUXpresso_10.2.0_759/workspace/lpc_board_nxp_lpcxpresso_4337/Debug/liblpc_board_nxp_lpcxpresso_4337.a(board.o)
                0x000000001a00146c                Board_Debug_Init
 .text.Board_UARTPutChar
                0x000000001a00149c       0x34 /home/shoop/Documents/MCUXpresso_10.2.0_759/workspace/lpc_board_nxp_lpcxpresso_4337/Debug/liblpc_board_nxp_lpcxpresso_4337.a(board.o)
                0x000000001a00149c                Board_UARTPutChar
 .text.Board_LED_Init
                0x000000001a0014d0       0x5c /home/shoop/Documents/MCUXpresso_10.2.0_759/workspace/lpc_board_nxp_lpcxpresso_4337/Debug/liblpc_board_nxp_lpcxpresso_4337.a(board.o)
 .text.Board_LED_Set
                0x000000001a00152c       0x48 /home/shoop/Documents/MCUXpresso_10.2.0_759/workspace/lpc_board_nxp_lpcxpresso_4337/Debug/liblpc_board_nxp_lpcxpresso_4337.a(board.o)
                0x000000001a00152c                Board_LED_Set
 .text.Board_Init
                0x000000001a001574       0x24 /home/shoop/Documents/MCUXpresso_10.2.0_759/workspace/lpc_board_nxp_lpcxpresso_4337/Debug/liblpc_board_nxp_lpcxpresso_4337.a(board.o)
                0x000000001a001574                Board_Init
 .text.Chip_SCU_PinMuxSet
                0x000000001a001598       0x34 /home/shoop/Documents/MCUXpresso_10.2.0_759/workspace/lpc_board_nxp_lpcxpresso_4337/Debug/liblpc_board_nxp_lpcxpresso_4337.a(board_sysinit.o)
 .text.Chip_SCU_SetPinMuxing
                0x000000001a0015cc       0x4a /home/shoop/Documents/MCUXpresso_10.2.0_759/workspace/lpc_board_nxp_lpcxpresso_4337/Debug/liblpc_board_nxp_lpcxpresso_4337.a(board_sysinit.o)
 *fill*         0x000000001a001616        0x2 ff
 .text.Chip_CREG_SetFlashAcceleration
                0x000000001a001618       0x54 /home/shoop/Documents/MCUXpresso_10.2.0_759/workspace/lpc_board_nxp_lpcxpresso_4337/Debug/liblpc_board_nxp_lpcxpresso_4337.a(board_sysinit.o)
 .text.Board_SetupMuxing
                0x000000001a00166c       0x14 /home/shoop/Documents/MCUXpresso_10.2.0_759/workspace/lpc_board_nxp_lpcxpresso_4337/Debug/liblpc_board_nxp_lpcxpresso_4337.a(board_sysinit.o)
                0x000000001a00166c                Board_SetupMuxing
 .text.Board_SetupClocking
                0x000000001a001680       0x9c /home/shoop/Documents/MCUXpresso_10.2.0_759/workspace/lpc_board_nxp_lpcxpresso_4337/Debug/liblpc_board_nxp_lpcxpresso_4337.a(board_sysinit.o)
                0x000000001a001680                Board_SetupClocking
 .text.Board_SystemInit
                0x000000001a00171c       0x10 /home/shoop/Documents/MCUXpresso_10.2.0_759/workspace/lpc_board_nxp_lpcxpresso_4337/Debug/liblpc_board_nxp_lpcxpresso_4337.a(board_sysinit.o)
                0x000000001a00171c                Board_SystemInit
 .text.SystemCoreClockUpdate
                0x000000001a00172c       0x18 /home/shoop/Documents/MCUXpresso_10.2.0_759/workspace/lpc_chip_43xx/Debug/liblpc_chip_43xx.a(chip_18xx_43xx.o)
                0x000000001a00172c                SystemCoreClockUpdate
 .text.ABS      0x000000001a001744       0x22 /home/shoop/Documents/MCUXpresso_10.2.0_759/workspace/lpc_chip_43xx/Debug/liblpc_chip_43xx.a(clock_18xx_43xx.o)
 *fill*         0x000000001a001766        0x2 ff
 .text.pll_calc_divs
                0x000000001a001768      0x124 /home/shoop/Documents/MCUXpresso_10.2.0_759/workspace/lpc_chip_43xx/Debug/liblpc_chip_43xx.a(clock_18xx_43xx.o)
 .text.pll_get_frac
                0x000000001a00188c      0x180 /home/shoop/Documents/MCUXpresso_10.2.0_759/workspace/lpc_chip_43xx/Debug/liblpc_chip_43xx.a(clock_18xx_43xx.o)
 .text.Chip_Clock_GetDivRate
                0x000000001a001a0c       0x40 /home/shoop/Documents/MCUXpresso_10.2.0_759/workspace/lpc_chip_43xx/Debug/liblpc_chip_43xx.a(clock_18xx_43xx.o)
 .text.Chip_Clock_FindBaseClock
                0x000000001a001a4c       0x90 /home/shoop/Documents/MCUXpresso_10.2.0_759/workspace/lpc_chip_43xx/Debug/liblpc_chip_43xx.a(clock_18xx_43xx.o)
 .text.Chip_Clock_EnableCrystal
                0x000000001a001adc       0x70 /home/shoop/Documents/MCUXpresso_10.2.0_759/workspace/lpc_chip_43xx/Debug/liblpc_chip_43xx.a(clock_18xx_43xx.o)
                0x000000001a001adc                Chip_Clock_EnableCrystal
 .text.Chip_Clock_CalcMainPLLValue
                0x000000001a001b4c       0xd8 /home/shoop/Documents/MCUXpresso_10.2.0_759/workspace/lpc_chip_43xx/Debug/liblpc_chip_43xx.a(clock_18xx_43xx.o)
                0x000000001a001b4c                Chip_Clock_CalcMainPLLValue
 .text.Chip_Clock_GetMainPLLHz
                0x000000001a001c24       0xc0 /home/shoop/Documents/MCUXpresso_10.2.0_759/workspace/lpc_chip_43xx/Debug/liblpc_chip_43xx.a(clock_18xx_43xx.o)
                0x000000001a001c24                Chip_Clock_GetMainPLLHz
 .text.Chip_Clock_GetDividerSource
                0x000000001a001ce4       0x40 /home/shoop/Documents/MCUXpresso_10.2.0_759/workspace/lpc_chip_43xx/Debug/liblpc_chip_43xx.a(clock_18xx_43xx.o)
                0x000000001a001ce4                Chip_Clock_GetDividerSource
 .text.Chip_Clock_GetDividerDivisor
                0x000000001a001d24       0x38 /home/shoop/Documents/MCUXpresso_10.2.0_759/workspace/lpc_chip_43xx/Debug/liblpc_chip_43xx.a(clock_18xx_43xx.o)
                0x000000001a001d24                Chip_Clock_GetDividerDivisor
 .text.Chip_Clock_GetClockInputHz
                0x000000001a001d5c      0x140 /home/shoop/Documents/MCUXpresso_10.2.0_759/workspace/lpc_chip_43xx/Debug/liblpc_chip_43xx.a(clock_18xx_43xx.o)
                0x000000001a001d5c                Chip_Clock_GetClockInputHz
 .text.Chip_Clock_GetBaseClocktHz
                0x000000001a001e9c       0x24 /home/shoop/Documents/MCUXpresso_10.2.0_759/workspace/lpc_chip_43xx/Debug/liblpc_chip_43xx.a(clock_18xx_43xx.o)
                0x000000001a001e9c                Chip_Clock_GetBaseClocktHz
 .text.Chip_Clock_SetBaseClock
                0x000000001a001ec0       0x9c /home/shoop/Documents/MCUXpresso_10.2.0_759/workspace/lpc_chip_43xx/Debug/liblpc_chip_43xx.a(clock_18xx_43xx.o)
                0x000000001a001ec0                Chip_Clock_SetBaseClock
 .text.Chip_Clock_GetBaseClock
                0x000000001a001f5c       0x4c /home/shoop/Documents/MCUXpresso_10.2.0_759/workspace/lpc_chip_43xx/Debug/liblpc_chip_43xx.a(clock_18xx_43xx.o)
                0x000000001a001f5c                Chip_Clock_GetBaseClock
 .text.Chip_Clock_EnableOpts
                0x000000001a001fa8       0x7c /home/shoop/Documents/MCUXpresso_10.2.0_759/workspace/lpc_chip_43xx/Debug/liblpc_chip_43xx.a(clock_18xx_43xx.o)
                0x000000001a001fa8                Chip_Clock_EnableOpts
 .text.Chip_Clock_GetRate
                0x000000001a002024       0x88 /home/shoop/Documents/MCUXpresso_10.2.0_759/workspace/lpc_chip_43xx/Debug/liblpc_chip_43xx.a(clock_18xx_43xx.o)
                0x000000001a002024                Chip_Clock_GetRate
 .text.fpuInit  0x000000001a0020ac       0x74 /home/shoop/Documents/MCUXpresso_10.2.0_759/workspace/lpc_chip_43xx/Debug/liblpc_chip_43xx.a(fpu_init.o)
                0x000000001a0020ac                fpuInit
 .text.Chip_GPIO_Init
                0x000000001a002120       0x14 /home/shoop/Documents/MCUXpresso_10.2.0_759/workspace/lpc_chip_43xx/Debug/liblpc_chip_43xx.a(gpio_18xx_43xx.o)
                0x000000001a002120                Chip_GPIO_Init
 .text.Chip_Clock_DisableMainPLL
                0x000000001a002134       0x20 /home/shoop/Documents/MCUXpresso_10.2.0_759/workspace/lpc_chip_43xx/Debug/liblpc_chip_43xx.a(sysinit_18xx_43xx.o)
 .text.Chip_Clock_SetupMainPLL
                0x000000001a002154       0x48 /home/shoop/Documents/MCUXpresso_10.2.0_759/workspace/lpc_chip_43xx/Debug/liblpc_chip_43xx.a(sysinit_18xx_43xx.o)
 .text.Chip_Clock_MainPLLLocked
                0x000000001a00219c       0x24 /home/shoop/Documents/MCUXpresso_10.2.0_759/workspace/lpc_chip_43xx/Debug/liblpc_chip_43xx.a(sysinit_18xx_43xx.o)
 .text.Chip_SetupCoreClock
                0x000000001a0021c0      0x148 /home/shoop/Documents/MCUXpresso_10.2.0_759/workspace/lpc_chip_43xx/Debug/liblpc_chip_43xx.a(sysinit_18xx_43xx.o)
                0x000000001a0021c0                Chip_SetupCoreClock
 .text.Chip_UART_TXDisable
                0x000000001a002308       0x1a /home/shoop/Documents/MCUXpresso_10.2.0_759/workspace/lpc_chip_43xx/Debug/liblpc_chip_43xx.a(uart_18xx_43xx.o)
 .text.Chip_UART_SetupFIFOS
                0x000000001a002322       0x1c /home/shoop/Documents/MCUXpresso_10.2.0_759/workspace/lpc_chip_43xx/Debug/liblpc_chip_43xx.a(uart_18xx_43xx.o)
 .text.Chip_UART_ConfigData
                0x000000001a00233e       0x1c /home/shoop/Documents/MCUXpresso_10.2.0_759/workspace/lpc_chip_43xx/Debug/liblpc_chip_43xx.a(uart_18xx_43xx.o)
 .text.Chip_UART_EnableDivisorAccess
                0x000000001a00235a       0x20 /home/shoop/Documents/MCUXpresso_10.2.0_759/workspace/lpc_chip_43xx/Debug/liblpc_chip_43xx.a(uart_18xx_43xx.o)
 .text.Chip_UART_DisableDivisorAccess
                0x000000001a00237a       0x20 /home/shoop/Documents/MCUXpresso_10.2.0_759/workspace/lpc_chip_43xx/Debug/liblpc_chip_43xx.a(uart_18xx_43xx.o)
 .text.Chip_UART_SetDivisorLatches
                0x000000001a00239a       0x28 /home/shoop/Documents/MCUXpresso_10.2.0_759/workspace/lpc_chip_43xx/Debug/liblpc_chip_43xx.a(uart_18xx_43xx.o)
 *fill*         0x000000001a0023c2        0x2 ff
 .text.Chip_UART_GetIndex
                0x000000001a0023c4       0x60 /home/shoop/Documents/MCUXpresso_10.2.0_759/workspace/lpc_chip_43xx/Debug/liblpc_chip_43xx.a(uart_18xx_43xx.o)
 .text.Chip_UART_Init
                0x000000001a002424       0x84 /home/shoop/Documents/MCUXpresso_10.2.0_759/workspace/lpc_chip_43xx/Debug/liblpc_chip_43xx.a(uart_18xx_43xx.o)
                0x000000001a002424                Chip_UART_Init
 .text.Chip_UART_SetBaudFDR
                0x000000001a0024a8      0x16c /home/shoop/Documents/MCUXpresso_10.2.0_759/workspace/lpc_chip_43xx/Debug/liblpc_chip_43xx.a(uart_18xx_43xx.o)
                0x000000001a0024a8                Chip_UART_SetBaudFDR
 .text.__main   0x000000001a002614        0xe /usr/local/mcuxpresso-ide/ide/tools/bin/../lib/gcc/arm-none-eabi/7.2.1/../../../../arm-none-eabi/lib/thumb/v7e-m/fpv4-sp/softfp/libcr_nohost.a(_cr__main.o)
                0x000000001a002614                __main
 .text.memset   0x000000001a002622        0x4 /usr/local/mcuxpresso-ide/ide/tools/bin/../lib/gcc/arm-none-eabi/7.2.1/../../../../arm-none-eabi/lib/thumb/v7e-m/fpv4-sp/softfp/libcr_c.a(memset.o)
                0x000000001a002622                memset
 *fill*         0x000000001a002626        0x2 ff
 .text.malloc   0x000000001a002628       0xc8 /usr/local/mcuxpresso-ide/ide/tools/bin/../lib/gcc/arm-none-eabi/7.2.1/../../../../arm-none-eabi/lib/thumb/v7e-m/fpv4-sp/softfp/libcr_c.a(alloc.o)
                0x000000001a002628                malloc
 .text.free     0x000000001a0026f0       0x30 /usr/local/mcuxpresso-ide/ide/tools/bin/../lib/gcc/arm-none-eabi/7.2.1/../../../../arm-none-eabi/lib/thumb/v7e-m/fpv4-sp/softfp/libcr_c.a(alloc.o)
                0x000000001a0026f0                free
 .text._Csys_alloc
                0x000000001a002720       0x20 /usr/local/mcuxpresso-ide/ide/tools/bin/../lib/gcc/arm-none-eabi/7.2.1/../../../../arm-none-eabi/lib/thumb/v7e-m/fpv4-sp/softfp/libcr_c.a(alloc.o)
                0x000000001a002720                _Csys_alloc
 .text.fp_round
                0x000000001a002740       0x4e /usr/local/mcuxpresso-ide/ide/tools/bin/../lib/gcc/arm-none-eabi/7.2.1/../../../../arm-none-eabi/lib/thumb/v7e-m/fpv4-sp/softfp/libcr_c.a(fpprintf.o)
 .text.pr_dec.constprop.1
                0x000000001a00278e       0x26 /usr/local/mcuxpresso-ide/ide/tools/bin/../lib/gcc/arm-none-eabi/7.2.1/../../../../arm-none-eabi/lib/thumb/v7e-m/fpv4-sp/softfp/libcr_c.a(fpprintf.o)
 .text.sprintf  0x000000001a0027b4       0x6c /usr/local/mcuxpresso-ide/ide/tools/bin/../lib/gcc/arm-none-eabi/7.2.1/../../../../arm-none-eabi/lib/thumb/v7e-m/fpv4-sp/softfp/libcr_c.a(fpprintf.o)
                0x000000001a0027b4                sprintf
 .text.fp_display
                0x000000001a002820      0x968 /usr/local/mcuxpresso-ide/ide/tools/bin/../lib/gcc/arm-none-eabi/7.2.1/../../../../arm-none-eabi/lib/thumb/v7e-m/fpv4-sp/softfp/libcr_c.a(fpprintf.o)
 .text.vsnprintf
                0x000000001a003188       0x5c /usr/local/mcuxpresso-ide/ide/tools/bin/../lib/gcc/arm-none-eabi/7.2.1/../../../../arm-none-eabi/lib/thumb/v7e-m/fpv4-sp/softfp/libcr_c.a(fpprintf.o)
                0x000000001a003188                vsnprintf
 .text.printf   0x000000001a0031e4       0x54 /usr/local/mcuxpresso-ide/ide/tools/bin/../lib/gcc/arm-none-eabi/7.2.1/../../../../arm-none-eabi/lib/thumb/v7e-m/fpv4-sp/softfp/libcr_c.a(fpprintf.o)
                0x000000001a0031e4                printf
 .text._initio  0x000000001a003238       0x78 /usr/local/mcuxpresso-ide/ide/tools/bin/../lib/gcc/arm-none-eabi/7.2.1/../../../../arm-none-eabi/lib/thumb/v7e-m/fpv4-sp/softfp/libcr_c.a(initio.o)
                0x000000001a003238                _initio
 .text.__vfprintf
                0x000000001a0032b0      0xb98 /usr/local/mcuxpresso-ide/ide/tools/bin/../lib/gcc/arm-none-eabi/7.2.1/../../../../arm-none-eabi/lib/thumb/v7e-m/fpv4-sp/softfp/libcr_c.a(printf.o)
                0x000000001a0032b0                __vfprintf
 .text.setvbuf  0x000000001a003e48       0x40 /usr/local/mcuxpresso-ide/ide/tools/bin/../lib/gcc/arm-none-eabi/7.2.1/../../../../arm-none-eabi/lib/thumb/v7e-m/fpv4-sp/softfp/libcr_c.a(setvbuf.o)
                0x000000001a003e48                setvbuf
 .text.strlen   0x000000001a003e88       0x4a /usr/local/mcuxpresso-ide/ide/tools/bin/../lib/gcc/arm-none-eabi/7.2.1/../../../../arm-none-eabi/lib/thumb/v7e-m/fpv4-sp/softfp/libcr_c.a(strlen.o)
                0x000000001a003e88                strlen
 *fill*         0x000000001a003ed2        0x2 ff
 .text._sbrk    0x000000001a003ed4       0x3c /usr/local/mcuxpresso-ide/ide/tools/bin/../lib/gcc/arm-none-eabi/7.2.1/../../../../arm-none-eabi/lib/thumb/v7e-m/fpv4-sp/softfp/libcr_c.a(_cr_sbrk.o)
                0x000000001a003ed4                _sbrk
 .text._deferredlazyseek
                0x000000001a003f10       0x40 /usr/local/mcuxpresso-ide/ide/tools/bin/../lib/gcc/arm-none-eabi/7.2.1/../../../../arm-none-eabi/lib/thumb/v7e-m/fpv4-sp/softfp/libcr_c.a(_deferredlazyseek.o)
                0x000000001a003f10                _deferredlazyseek
 .text.__flsbuf
                0x000000001a003f50      0x140 /usr/local/mcuxpresso-ide/ide/tools/bin/../lib/gcc/arm-none-eabi/7.2.1/../../../../arm-none-eabi/lib/thumb/v7e-m/fpv4-sp/softfp/libcr_c.a(_deferredlazyseek.o)
                0x000000001a003f50                __flsbuf
 .text._fdopen  0x000000001a004090       0x68 /usr/local/mcuxpresso-ide/ide/tools/bin/../lib/gcc/arm-none-eabi/7.2.1/../../../../arm-none-eabi/lib/thumb/v7e-m/fpv4-sp/softfp/libcr_c.a(_fdopen.o)
                0x000000001a004090                _fdopen
 .text._fflush  0x000000001a0040f8       0x52 /usr/local/mcuxpresso-ide/ide/tools/bin/../lib/gcc/arm-none-eabi/7.2.1/../../../../arm-none-eabi/lib/thumb/v7e-m/fpv4-sp/softfp/libcr_c.a(_fflush.o)
                0x000000001a0040f8                _fflush
 .text._frexpl  0x000000001a00414a       0x56 /usr/local/mcuxpresso-ide/ide/tools/bin/../lib/gcc/arm-none-eabi/7.2.1/../../../../arm-none-eabi/lib/thumb/v7e-m/fpv4-sp/softfp/libcr_c.a(_frexpl.o)
                0x000000001a00414a                _frexpl
 .text._ldexpl  0x000000001a0041a0       0x4c /usr/local/mcuxpresso-ide/ide/tools/bin/../lib/gcc/arm-none-eabi/7.2.1/../../../../arm-none-eabi/lib/thumb/v7e-m/fpv4-sp/softfp/libcr_c.a(_ldexpl.o)
                0x000000001a0041a0                _ldexpl
 .text._Cwritebuf
                0x000000001a0041ec       0x6c /usr/local/mcuxpresso-ide/ide/tools/bin/../lib/gcc/arm-none-eabi/7.2.1/../../../../arm-none-eabi/lib/thumb/v7e-m/fpv4-sp/softfp/libcr_c.a(_writebuf.o)
                0x000000001a0041ec                _Cwritebuf
 .text.fclose   0x000000001a004258       0x58 /usr/local/mcuxpresso-ide/ide/tools/bin/../lib/gcc/arm-none-eabi/7.2.1/../../../../arm-none-eabi/lib/thumb/v7e-m/fpv4-sp/softfp/libcr_c.a(fclose.o)
                0x000000001a004258                fclose
 .text.fflush   0x000000001a0042b0       0x44 /usr/local/mcuxpresso-ide/ide/tools/bin/../lib/gcc/arm-none-eabi/7.2.1/../../../../arm-none-eabi/lib/thumb/v7e-m/fpv4-sp/softfp/libcr_c.a(fflush.o)
                0x000000001a0042b0                fflush
 .text.fseek    0x000000001a0042f4      0x100 /usr/local/mcuxpresso-ide/ide/tools/bin/../lib/gcc/arm-none-eabi/7.2.1/../../../../arm-none-eabi/lib/thumb/v7e-m/fpv4-sp/softfp/libcr_c.a(fseek.o)
                0x000000001a0042f4                fseek
 .text.ftell    0x000000001a0043f4       0x44 /usr/local/mcuxpresso-ide/ide/tools/bin/../lib/gcc/arm-none-eabi/7.2.1/../../../../arm-none-eabi/lib/thumb/v7e-m/fpv4-sp/softfp/libcr_c.a(ftell.o)
                0x000000001a0043f4                ftell
 .text.remove   0x000000001a004438       0x14 /usr/local/mcuxpresso-ide/ide/tools/bin/../lib/gcc/arm-none-eabi/7.2.1/../../../../arm-none-eabi/lib/thumb/v7e-m/fpv4-sp/softfp/libcr_c.a(remove.o)
                0x000000001a004438                remove
 .text.__check_heap_overflow
                0x000000001a00444c       0x18 /usr/local/mcuxpresso-ide/ide/tools/bin/../lib/gcc/arm-none-eabi/7.2.1/../../../../arm-none-eabi/lib/thumb/v7e-m/fpv4-sp/softfp/libcr_c.a(_cr_check_heap.o)
                0x000000001a00444c                __check_heap_overflow
 .text._do_fflush
                0x000000001a004464       0x40 /usr/local/mcuxpresso-ide/ide/tools/bin/../lib/gcc/arm-none-eabi/7.2.1/../../../../arm-none-eabi/lib/thumb/v7e-m/fpv4-sp/softfp/libcr_c.a(_do_fflush.o)
                0x000000001a004464                _do_fflush
 .text.__aeabi_division_uldivmod
                0x000000001a0044a4      0x174 /usr/local/mcuxpresso-ide/ide/tools/bin/../lib/gcc/arm-none-eabi/7.2.1/thumb/v7e-m/fpv4-sp/softfp/libcr_eabihelpers.a(division_64.o)
                0x000000001a0044a4                __aeabi_uldivmod
                0x000000001a0044a8                __bhs_ldivmod1
 .text.__aeabi_division_idiv0
                0x000000001a004618        0x2 /usr/local/mcuxpresso-ide/ide/tools/bin/../lib/gcc/arm-none-eabi/7.2.1/thumb/v7e-m/fpv4-sp/softfp/libcr_eabihelpers.a(division_idiv0.o)
                0x000000001a004618                __aeabi_idiv0
 *fill*         0x000000001a00461a        0x2 ff
 .text.__aeabi_dmul
                0x000000001a00461c      0x11c /usr/local/mcuxpresso-ide/ide/tools/bin/../lib/gcc/arm-none-eabi/7.2.1/thumb/v7e-m/fpv4-sp/softfp/libcr_eabihelpers.a(double.o)
                0x000000001a00461c                __aeabi_dmul
 .text.__aeabi_ddiv
                0x000000001a004738      0x138 /usr/local/mcuxpresso-ide/ide/tools/bin/../lib/gcc/arm-none-eabi/7.2.1/thumb/v7e-m/fpv4-sp/softfp/libcr_eabihelpers.a(double.o)
                0x000000001a004738                __aeabi_ddiv
 .text.__aeabi_dsub
                0x000000001a004870      0x1b4 /usr/local/mcuxpresso-ide/ide/tools/bin/../lib/gcc/arm-none-eabi/7.2.1/thumb/v7e-m/fpv4-sp/softfp/libcr_eabihelpers.a(double.o)
                0x000000001a004870                __aeabi_dsub
 .text.__aeabi_dadd
                0x000000001a004a24      0x10c /usr/local/mcuxpresso-ide/ide/tools/bin/../lib/gcc/arm-none-eabi/7.2.1/thumb/v7e-m/fpv4-sp/softfp/libcr_eabihelpers.a(double.o)
                0x000000001a004a24                __aeabi_dadd
 .text.__aeabi_d2iz
                0x000000001a004b30       0x40 /usr/local/mcuxpresso-ide/ide/tools/bin/../lib/gcc/arm-none-eabi/7.2.1/thumb/v7e-m/fpv4-sp/softfp/libcr_eabihelpers.a(double.o)
                0x000000001a004b30                __aeabi_d2iz
 .text.__bhs_ui2d
                0x000000001a004b70       0x46 /usr/local/mcuxpresso-ide/ide/tools/bin/../lib/gcc/arm-none-eabi/7.2.1/thumb/v7e-m/fpv4-sp/softfp/libcr_eabihelpers.a(double.o)
                0x000000001a004b70                __bhs_ui2d
 .text.__aeabi_i2d
                0x000000001a004bb6       0x12 /usr/local/mcuxpresso-ide/ide/tools/bin/../lib/gcc/arm-none-eabi/7.2.1/thumb/v7e-m/fpv4-sp/softfp/libcr_eabihelpers.a(double.o)
                0x000000001a004bb6                __aeabi_i2d
 .text.__aeabi_dcmpeq
                0x000000001a004bc8       0x30 /usr/local/mcuxpresso-ide/ide/tools/bin/../lib/gcc/arm-none-eabi/7.2.1/thumb/v7e-m/fpv4-sp/softfp/libcr_eabihelpers.a(double.o)
                0x000000001a004bc8                __aeabi_dcmpeq
 .text.__aeabi_dcmplt
                0x000000001a004bf8       0x58 /usr/local/mcuxpresso-ide/ide/tools/bin/../lib/gcc/arm-none-eabi/7.2.1/thumb/v7e-m/fpv4-sp/softfp/libcr_eabihelpers.a(double.o)
                0x000000001a004bf8                __aeabi_dcmplt
 .text.__aeabi_dcmple
                0x000000001a004c50       0x5a /usr/local/mcuxpresso-ide/ide/tools/bin/../lib/gcc/arm-none-eabi/7.2.1/thumb/v7e-m/fpv4-sp/softfp/libcr_eabihelpers.a(double.o)
                0x000000001a004c50                __aeabi_dcmple
 .text.__aeabi_dcmpge
                0x000000001a004caa       0x58 /usr/local/mcuxpresso-ide/ide/tools/bin/../lib/gcc/arm-none-eabi/7.2.1/thumb/v7e-m/fpv4-sp/softfp/libcr_eabihelpers.a(double.o)
                0x000000001a004caa                __aeabi_dcmpge
 .text.__aeabi_memset_lowlevel
                0x000000001a004d02       0x32 /usr/local/mcuxpresso-ide/ide/tools/bin/../lib/gcc/arm-none-eabi/7.2.1/thumb/v7e-m/fpv4-sp/softfp/libcr_eabihelpers.a(memcpy.o)
                0x000000001a004d02                __aeabi_lowlevel_memset
 .text.__sys_appexit
                0x000000001a004d34        0x2 /usr/local/mcuxpresso-ide/ide/tools/bin/../lib/gcc/arm-none-eabi/7.2.1/../../../../arm-none-eabi/lib/thumb/v7e-m/fpv4-sp/softfp/libcr_nohost.a(__sys_appexit.o)
                0x000000001a004d34                __exit
                0x000000001a004d34                __sys_appexit
 .text.__sys_close
                0x000000001a004d36        0x6 /usr/local/mcuxpresso-ide/ide/tools/bin/../lib/gcc/arm-none-eabi/7.2.1/../../../../arm-none-eabi/lib/thumb/v7e-m/fpv4-sp/softfp/libcr_nohost.a(__sys_close.o)
                0x000000001a004d36                __sys_close
 .text.__sys_flen
                0x000000001a004d3c        0x6 /usr/local/mcuxpresso-ide/ide/tools/bin/../lib/gcc/arm-none-eabi/7.2.1/../../../../arm-none-eabi/lib/thumb/v7e-m/fpv4-sp/softfp/libcr_nohost.a(__sys_flen.o)
                0x000000001a004d3c                __sys_flen
 .text.__sys_istty
                0x000000001a004d42        0x6 /usr/local/mcuxpresso-ide/ide/tools/bin/../lib/gcc/arm-none-eabi/7.2.1/../../../../arm-none-eabi/lib/thumb/v7e-m/fpv4-sp/softfp/libcr_nohost.a(__sys_istty.o)
                0x000000001a004d42                __sys_istty
 .text.__sys_remove
                0x000000001a004d48        0x6 /usr/local/mcuxpresso-ide/ide/tools/bin/../lib/gcc/arm-none-eabi/7.2.1/../../../../arm-none-eabi/lib/thumb/v7e-m/fpv4-sp/softfp/libcr_nohost.a(__sys_remove.o)
                0x000000001a004d48                __sys_remove
 .text.__sys_seek
                0x000000001a004d4e        0x6 /usr/local/mcuxpresso-ide/ide/tools/bin/../lib/gcc/arm-none-eabi/7.2.1/../../../../arm-none-eabi/lib/thumb/v7e-m/fpv4-sp/softfp/libcr_nohost.a(__sys_seek.o)
                0x000000001a004d4e                __sys_seek
 .text.__sys_tmpnam
                0x000000001a004d54        0x6 /usr/local/mcuxpresso-ide/ide/tools/bin/../lib/gcc/arm-none-eabi/7.2.1/../../../../arm-none-eabi/lib/thumb/v7e-m/fpv4-sp/softfp/libcr_nohost.a(__sys_tmpnam.o)
                0x000000001a004d54                __sys_tmpnam
 *(.rodata .rodata.* .constdata .constdata.*)
 *fill*         0x000000001a004d5a        0x2 ff
 .rodata        0x000000001a004d5c       0x2e ./src/freertos_blinky.o
 *fill*         0x000000001a004d8a        0x2 ff
 .rodata        0x000000001a004d8c        0x5 ./freertos/tasks.o
 *fill*         0x000000001a004d91        0x3 ff
 .rodata.ExtRateIn
                0x000000001a004d94        0x4 /home/shoop/Documents/MCUXpresso_10.2.0_759/workspace/lpc_board_nxp_lpcxpresso_4337/Debug/liblpc_board_nxp_lpcxpresso_4337.a(board.o)
                0x000000001a004d94                ExtRateIn
 .rodata.OscRateIn
                0x000000001a004d98        0x4 /home/shoop/Documents/MCUXpresso_10.2.0_759/workspace/lpc_board_nxp_lpcxpresso_4337/Debug/liblpc_board_nxp_lpcxpresso_4337.a(board.o)
                0x000000001a004d98                OscRateIn
 .rodata.gpioLEDBits
                0x000000001a004d9c        0x6 /home/shoop/Documents/MCUXpresso_10.2.0_759/workspace/lpc_board_nxp_lpcxpresso_4337/Debug/liblpc_board_nxp_lpcxpresso_4337.a(board.o)
 *fill*         0x000000001a004da2        0x2 ff
 .rodata.InitClkStates
                0x000000001a004da4        0xc /home/shoop/Documents/MCUXpresso_10.2.0_759/workspace/lpc_board_nxp_lpcxpresso_4337/Debug/liblpc_board_nxp_lpcxpresso_4337.a(board_sysinit.o)
 .rodata.pinmuxing
                0x000000001a004db0       0x34 /home/shoop/Documents/MCUXpresso_10.2.0_759/workspace/lpc_board_nxp_lpcxpresso_4337/Debug/liblpc_board_nxp_lpcxpresso_4337.a(board_sysinit.o)
 .rodata.periph_to_base
                0x000000001a004de4       0x6c /home/shoop/Documents/MCUXpresso_10.2.0_759/workspace/lpc_chip_43xx/Debug/liblpc_chip_43xx.a(clock_18xx_43xx.o)
 .rodata        0x000000001a004e50        0xa /home/shoop/Documents/MCUXpresso_10.2.0_759/workspace/lpc_chip_43xx/Debug/liblpc_chip_43xx.a(clock_18xx_43xx.o)
 *fill*         0x000000001a004e5a        0x2 ff
 .rodata.InitClkStates
                0x000000001a004e5c       0x48 /home/shoop/Documents/MCUXpresso_10.2.0_759/workspace/lpc_chip_43xx/Debug/liblpc_chip_43xx.a(sysinit_18xx_43xx.o)
 .rodata.UART_PClock
                0x000000001a004ea4        0x8 /home/shoop/Documents/MCUXpresso_10.2.0_759/workspace/lpc_chip_43xx/Debug/liblpc_chip_43xx.a(uart_18xx_43xx.o)
 .rodata.UART_BClock
                0x000000001a004eac        0x8 /home/shoop/Documents/MCUXpresso_10.2.0_759/workspace/lpc_chip_43xx/Debug/liblpc_chip_43xx.a(uart_18xx_43xx.o)
 .rodata._Csys_alloc.str1.1
                0x000000001a004eb4       0x18 /usr/local/mcuxpresso-ide/ide/tools/bin/../lib/gcc/arm-none-eabi/7.2.1/../../../../arm-none-eabi/lib/thumb/v7e-m/fpv4-sp/softfp/libcr_c.a(alloc.o)
 .rodata.fp_display.str1.1
                0x000000001a004ecc       0x34 /usr/local/mcuxpresso-ide/ide/tools/bin/../lib/gcc/arm-none-eabi/7.2.1/../../../../arm-none-eabi/lib/thumb/v7e-m/fpv4-sp/softfp/libcr_c.a(fpprintf.o)
                                         0x35 (size before relaxing)
 .rodata._initio.str1.1
                0x000000001a004f00        0x4 /usr/local/mcuxpresso-ide/ide/tools/bin/../lib/gcc/arm-none-eabi/7.2.1/../../../../arm-none-eabi/lib/thumb/v7e-m/fpv4-sp/softfp/libcr_c.a(initio.o)
 .rodata.__vfprintf.str1.1
                0x000000001a004f04       0x31 /usr/local/mcuxpresso-ide/ide/tools/bin/../lib/gcc/arm-none-eabi/7.2.1/../../../../arm-none-eabi/lib/thumb/v7e-m/fpv4-sp/softfp/libcr_c.a(printf.o)
                                         0x38 (size before relaxing)
 *fill*         0x000000001a004f35        0x3 ff
 .rodata.__huge_vall
                0x000000001a004f38        0x8 /usr/local/mcuxpresso-ide/ide/tools/bin/../lib/gcc/arm-none-eabi/7.2.1/../../../../arm-none-eabi/lib/thumb/v7e-m/fpv4-sp/softfp/libcr_c.a(_hugeval.o)
                0x000000001a004f38                __huge_vall
 .rodata.__num_Ciob_streams
                0x000000001a004f40        0x4 /usr/local/mcuxpresso-ide/ide/tools/bin/../lib/gcc/arm-none-eabi/7.2.1/../../../../arm-none-eabi/lib/thumb/v7e-m/fpv4-sp/softfp/libcr_nohost.a(__ciob.o)
                0x000000001a004f40                __num_Ciob_streams
                0x000000001a004f44                . = ALIGN (0x4)

.glue_7         0x000000001a004f44        0x0
 .glue_7        0x000000001a004f44        0x0 linker stubs

.glue_7t        0x000000001a004f44        0x0
 .glue_7t       0x000000001a004f44        0x0 linker stubs

.vfp11_veneer   0x000000001a004f44        0x0
 .vfp11_veneer  0x000000001a004f44        0x0 linker stubs

.v4_bx          0x000000001a004f44        0x0
 .v4_bx         0x000000001a004f44        0x0 linker stubs

.iplt           0x000000001a004f44        0x0
 .iplt          0x000000001a004f44        0x0 ./src/cr_startup_lpc43xx.o

.rel.dyn        0x000000001a004f44        0x0
 .rel.iplt      0x000000001a004f44        0x0 ./src/cr_startup_lpc43xx.o

.ARM.extab
 *(.ARM.extab* .gnu.linkonce.armextab.*)
                0x000000001a004f44                __exidx_start = .

.ARM.exidx
 *(.ARM.exidx* .gnu.linkonce.armexidx.*)
                0x000000001a004f44                __exidx_end = .
                0x000000001a004f44                _etext = .

.data_RAM2      0x0000000010080000        0x0 load address 0x000000001a004f44
 FILL mask 0xff
                [!provide]                        PROVIDE (__start_data_RAM2, .)
 *(.ramfunc.$RAM2)
 *(.ramfunc.$RamLoc40)
 *(.data.$RAM2*)
 *(.data.$RamLoc40*)
                0x0000000010080000                . = ALIGN (0x4)
                [!provide]                        PROVIDE (__end_data_RAM2, .)

.data_RAM3      0x0000000020000000        0x0 load address 0x000000001a004f44
 FILL mask 0xff
                [!provide]                        PROVIDE (__start_data_RAM3, .)
 *(.ramfunc.$RAM3)
 *(.ramfunc.$RamAHB32)
 *(.data.$RAM3*)
 *(.data.$RamAHB32*)
                0x0000000020000000                . = ALIGN (0x4)
                [!provide]                        PROVIDE (__end_data_RAM3, .)

.data_RAM4      0x0000000020008000        0x0 load address 0x000000001a004f44
 FILL mask 0xff
                [!provide]                        PROVIDE (__start_data_RAM4, .)
 *(.ramfunc.$RAM4)
 *(.ramfunc.$RamAHB16)
 *(.data.$RAM4*)
 *(.data.$RamAHB16*)
                0x0000000020008000                . = ALIGN (0x4)
                [!provide]                        PROVIDE (__end_data_RAM4, .)

.data_RAM5      0x000000002000c000        0x0 load address 0x000000001a004f44
 FILL mask 0xff
                [!provide]                        PROVIDE (__start_data_RAM5, .)
 *(.ramfunc.$RAM5)
 *(.ramfunc.$RamAHB_ETB16)
 *(.data.$RAM5*)
 *(.data.$RamAHB_ETB16*)
                0x000000002000c000                . = ALIGN (0x4)
                [!provide]                        PROVIDE (__end_data_RAM5, .)

.uninit_RESERVED
                0x0000000010000000        0x0
 *(.bss.$RESERVED*)
                0x0000000010000000                . = ALIGN (0x4)
                0x0000000010000000                _end_uninit_RESERVED = .

.data           0x0000000010000000        0x8 load address 0x000000001a004f44
 FILL mask 0xff
                0x0000000010000000                _data = .
 *(vtable)
 *(.ramfunc*)
 *(.data*)
 .data.uxCriticalNesting
                0x0000000010000000        0x4 ./freertos/port.o
 .data.xNextTaskUnblockTime
                0x0000000010000004        0x4 ./freertos/tasks.o
                0x0000000010000008                . = ALIGN (0x4)
                0x0000000010000008                _edata = .

.igot.plt       0x0000000010000008        0x0 load address 0x000000001a004f4c
 .igot.plt      0x0000000010000008        0x0 ./src/cr_startup_lpc43xx.o

.bss_RAM2       0x0000000010080000        0x0
                [!provide]                        PROVIDE (__start_bss_RAM2, .)
 *(.bss.$RAM2*)
 *(.bss.$RamLoc40*)
                0x0000000010080000                . = ALIGN ((. != 0x0)?0x4:0x1)
                [!provide]                        PROVIDE (__end_bss_RAM2, .)

.bss_RAM3       0x0000000020000000        0x0
                [!provide]                        PROVIDE (__start_bss_RAM3, .)
 *(.bss.$RAM3*)
 *(.bss.$RamAHB32*)
                0x0000000020000000                . = ALIGN ((. != 0x0)?0x4:0x1)
                [!provide]                        PROVIDE (__end_bss_RAM3, .)

.bss_RAM4       0x0000000020008000        0x0
                [!provide]                        PROVIDE (__start_bss_RAM4, .)
 *(.bss.$RAM4*)
 *(.bss.$RamAHB16*)
                0x0000000020008000                . = ALIGN ((. != 0x0)?0x4:0x1)
                [!provide]                        PROVIDE (__end_bss_RAM4, .)

.bss_RAM5       0x000000002000c000        0x0
                [!provide]                        PROVIDE (__start_bss_RAM5, .)
 *(.bss.$RAM5*)
 *(.bss.$RamAHB_ETB16*)
                0x000000002000c000                . = ALIGN ((. != 0x0)?0x4:0x1)
                [!provide]                        PROVIDE (__end_bss_RAM5, .)

.bss            0x0000000010000008      0x33c
                0x0000000010000008                _bss = .
 *(.bss*)
 .bss.ulTimerCountsForOneTick
                0x0000000010000008        0x4 ./freertos/port.o
 .bss.xMaximumPossibleSuppressedTicks
                0x000000001000000c        0x4 ./freertos/port.o
 .bss.ulStoppedTimerCompensation
                0x0000000010000010        0x4 ./freertos/port.o
 .bss.pxCurrentTCB
                0x0000000010000014        0x4 ./freertos/tasks.o
                0x0000000010000014                pxCurrentTCB
 .bss.pxReadyTasksLists
                0x0000000010000018       0xa0 ./freertos/tasks.o
 .bss.xDelayedTaskList1
                0x00000000100000b8       0x14 ./freertos/tasks.o
 .bss.xDelayedTaskList2
                0x00000000100000cc       0x14 ./freertos/tasks.o
 .bss.pxDelayedTaskList
                0x00000000100000e0        0x4 ./freertos/tasks.o
 .bss.pxOverflowDelayedTaskList
                0x00000000100000e4        0x4 ./freertos/tasks.o
 .bss.xPendingReadyList
                0x00000000100000e8       0x14 ./freertos/tasks.o
 .bss.xTasksWaitingTermination
                0x00000000100000fc       0x14 ./freertos/tasks.o
 .bss.uxTasksDeleted
                0x0000000010000110        0x4 ./freertos/tasks.o
 .bss.xSuspendedTaskList
                0x0000000010000114       0x14 ./freertos/tasks.o
 .bss.uxCurrentNumberOfTasks
                0x0000000010000128        0x4 ./freertos/tasks.o
 .bss.xTickCount
                0x000000001000012c        0x4 ./freertos/tasks.o
 .bss.uxTopReadyPriority
                0x0000000010000130        0x4 ./freertos/tasks.o
 .bss.xSchedulerRunning
                0x0000000010000134        0x4 ./freertos/tasks.o
 .bss.uxPendedTicks
                0x0000000010000138        0x4 ./freertos/tasks.o
 .bss.xYieldPending
                0x000000001000013c        0x4 ./freertos/tasks.o
 .bss.xNumOfOverflows
                0x0000000010000140        0x4 ./freertos/tasks.o
 .bss.uxTaskNumber
                0x0000000010000144        0x4 ./freertos/tasks.o
 .bss.uxSchedulerSuspended
                0x0000000010000148        0x4 ./freertos/tasks.o
 .bss.audio_usb_pll_freq
                0x000000001000014c        0x8 /home/shoop/Documents/MCUXpresso_10.2.0_759/workspace/lpc_chip_43xx/Debug/liblpc_chip_43xx.a(clock_18xx_43xx.o)
 .bss.__end_of_heap
                0x0000000010000154        0x4 /usr/local/mcuxpresso-ide/ide/tools/bin/../lib/gcc/arm-none-eabi/7.2.1/../../../../arm-none-eabi/lib/thumb/v7e-m/fpv4-sp/softfp/libcr_c.a(__init_alloc.o)
                0x0000000010000154                __end_of_heap
 .bss.__heaps   0x0000000010000158        0x4 /usr/local/mcuxpresso-ide/ide/tools/bin/../lib/gcc/arm-none-eabi/7.2.1/../../../../arm-none-eabi/lib/thumb/v7e-m/fpv4-sp/softfp/libcr_c.a(__init_alloc.o)
                0x0000000010000158                __heaps
 .bss.errno     0x000000001000015c        0x4 /usr/local/mcuxpresso-ide/ide/tools/bin/../lib/gcc/arm-none-eabi/7.2.1/../../../../arm-none-eabi/lib/thumb/v7e-m/fpv4-sp/softfp/libcr_c.a(errno.o)
                0x000000001000015c                errno
 .bss.__Ciob    0x0000000010000160      0x1e0 /usr/local/mcuxpresso-ide/ide/tools/bin/../lib/gcc/arm-none-eabi/7.2.1/../../../../arm-none-eabi/lib/thumb/v7e-m/fpv4-sp/softfp/libcr_nohost.a(__ciob.o)
                0x0000000010000160                __Ciob
 *(COMMON)
 COMMON         0x0000000010000340        0x4 /home/shoop/Documents/MCUXpresso_10.2.0_759/workspace/lpc_chip_43xx/Debug/liblpc_chip_43xx.a(chip_18xx_43xx.o)
                0x0000000010000340                SystemCoreClock
                0x0000000010000344                . = ALIGN (0x4)
                0x0000000010000344                _ebss = .
                [!provide]                        PROVIDE (end, .)

.noinit_RAM2    0x0000000010080000        0x0
 *(.noinit.$RAM2*)
 *(.noinit.$RamLoc40*)
                0x0000000010080000                . = ALIGN (0x4)

.noinit_RAM3    0x0000000020000000        0x0
 *(.noinit.$RAM3*)
 *(.noinit.$RamAHB32*)
                0x0000000020000000                . = ALIGN (0x4)

.noinit_RAM4    0x0000000020008000        0x0
 *(.noinit.$RAM4*)
 *(.noinit.$RamAHB16*)
                0x0000000020008000                . = ALIGN (0x4)

.noinit_RAM5    0x000000002000c000        0x0
 *(.noinit.$RAM5*)
 *(.noinit.$RamAHB_ETB16*)
                0x000000002000c000                . = ALIGN (0x4)

.noinit         0x0000000010000344        0x0
                0x0000000010000344                _noinit = .
 *(.noinit*)
                0x0000000010000344                . = ALIGN (0x4)
                0x0000000010000344                _end_noinit = .
                0x0000000010000344                PROVIDE (_pvHeapStart, DEFINED (__user_heap_base)?__user_heap_base:.)
                0x0000000010008000                PROVIDE (_vStackTop, DEFINED (__user_stack_top)?__user_stack_top:(__top_RamLoc32 - 0x0))
                0xffffffff53ff73ca                PROVIDE (__valid_user_code_checksum, (0x0 - ((((((_vStackTop + (ResetISR + 0x1)) + (NMI_Handler + 0x1)) + (HardFault_Handler + 0x1)) + (DEFINED (MemManage_Handler)?MemManage_Handler:0x0 + 0x1)) + (DEFINED (BusFault_Handler)?BusFault_Handler:0x0 + 0x1)) + (DEFINED (UsageFault_Handler)?UsageFault_Handler:0x0 + 0x1))))
                0x000000001a000000                _image_start = LOADADDR (.text)
                0x000000001a004f4c                _image_end = (LOADADDR (.data) + SIZEOF (.data))
                0x0000000000004f4c                _image_size = (_image_end - _image_start)
OUTPUT(freertos_blinky.axf elf32-littlearm)

.debug_info     0x0000000000000000     0x98f3
 .debug_info    0x0000000000000000      0x299 ./src/cr_startup_lpc43xx.o
 .debug_info    0x0000000000000299      0x2e9 ./src/freertos_blinky.o
 .debug_info    0x0000000000000582      0x232 ./src/sysinit.o
 .debug_info    0x00000000000007b4      0x2d0 ./freertos/FreeRTOSCommonHooks.o
 .debug_info    0x0000000000000a84      0x261 ./freertos/heap_3.o
 .debug_info    0x0000000000000ce5      0x40c ./freertos/list.o
 .debug_info    0x00000000000010f1      0x940 ./freertos/port.o
 .debug_info    0x0000000000001a31     0x1894 ./freertos/tasks.o
 .debug_info    0x00000000000032c5     0x1ad3 /home/shoop/Documents/MCUXpresso_10.2.0_759/workspace/lpc_board_nxp_lpcxpresso_4337/Debug/liblpc_board_nxp_lpcxpresso_4337.a(board.o)
 .debug_info    0x0000000000004d98      0xd43 /home/shoop/Documents/MCUXpresso_10.2.0_759/workspace/lpc_board_nxp_lpcxpresso_4337/Debug/liblpc_board_nxp_lpcxpresso_4337.a(board_sysinit.o)
 .debug_info    0x0000000000005adb      0xa80 /home/shoop/Documents/MCUXpresso_10.2.0_759/workspace/lpc_chip_43xx/Debug/liblpc_chip_43xx.a(chip_18xx_43xx.o)
 .debug_info    0x000000000000655b     0x15c3 /home/shoop/Documents/MCUXpresso_10.2.0_759/workspace/lpc_chip_43xx/Debug/liblpc_chip_43xx.a(clock_18xx_43xx.o)
 .debug_info    0x0000000000007b1e      0x156 /home/shoop/Documents/MCUXpresso_10.2.0_759/workspace/lpc_chip_43xx/Debug/liblpc_chip_43xx.a(fpu_init.o)
 .debug_info    0x0000000000007c74      0x22f /home/shoop/Documents/MCUXpresso_10.2.0_759/workspace/lpc_chip_43xx/Debug/liblpc_chip_43xx.a(gpio_18xx_43xx.o)
 .debug_info    0x0000000000007ea3      0x94f /home/shoop/Documents/MCUXpresso_10.2.0_759/workspace/lpc_chip_43xx/Debug/liblpc_chip_43xx.a(sysinit_18xx_43xx.o)
 .debug_info    0x00000000000087f2     0x1101 /home/shoop/Documents/MCUXpresso_10.2.0_759/workspace/lpc_chip_43xx/Debug/liblpc_chip_43xx.a(uart_18xx_43xx.o)

.debug_abbrev   0x0000000000000000     0x1b4b
 .debug_abbrev  0x0000000000000000      0x10c ./src/cr_startup_lpc43xx.o
 .debug_abbrev  0x000000000000010c      0x11c ./src/freertos_blinky.o
 .debug_abbrev  0x0000000000000228       0xdd ./src/sysinit.o
 .debug_abbrev  0x0000000000000305      0x165 ./freertos/FreeRTOSCommonHooks.o
 .debug_abbrev  0x000000000000046a      0x117 ./freertos/heap_3.o
 .debug_abbrev  0x0000000000000581      0x122 ./freertos/list.o
 .debug_abbrev  0x00000000000006a3      0x21f ./freertos/port.o
 .debug_abbrev  0x00000000000008c2      0x288 ./freertos/tasks.o
 .debug_abbrev  0x0000000000000b4a      0x362 /home/shoop/Documents/MCUXpresso_10.2.0_759/workspace/lpc_board_nxp_lpcxpresso_4337/Debug/liblpc_board_nxp_lpcxpresso_4337.a(board.o)
 .debug_abbrev  0x0000000000000eac      0x1f4 /home/shoop/Documents/MCUXpresso_10.2.0_759/workspace/lpc_board_nxp_lpcxpresso_4337/Debug/liblpc_board_nxp_lpcxpresso_4337.a(board_sysinit.o)
 .debug_abbrev  0x00000000000010a0      0x17b /home/shoop/Documents/MCUXpresso_10.2.0_759/workspace/lpc_chip_43xx/Debug/liblpc_chip_43xx.a(chip_18xx_43xx.o)
 .debug_abbrev  0x000000000000121b      0x2db /home/shoop/Documents/MCUXpresso_10.2.0_759/workspace/lpc_chip_43xx/Debug/liblpc_chip_43xx.a(clock_18xx_43xx.o)
 .debug_abbrev  0x00000000000014f6       0xaa /home/shoop/Documents/MCUXpresso_10.2.0_759/workspace/lpc_chip_43xx/Debug/liblpc_chip_43xx.a(fpu_init.o)
 .debug_abbrev  0x00000000000015a0      0x10c /home/shoop/Documents/MCUXpresso_10.2.0_759/workspace/lpc_chip_43xx/Debug/liblpc_chip_43xx.a(gpio_18xx_43xx.o)
 .debug_abbrev  0x00000000000016ac      0x1a6 /home/shoop/Documents/MCUXpresso_10.2.0_759/workspace/lpc_chip_43xx/Debug/liblpc_chip_43xx.a(sysinit_18xx_43xx.o)
 .debug_abbrev  0x0000000000001852      0x2f9 /home/shoop/Documents/MCUXpresso_10.2.0_759/workspace/lpc_chip_43xx/Debug/liblpc_chip_43xx.a(uart_18xx_43xx.o)

.debug_aranges  0x0000000000000000      0x890
 .debug_aranges
                0x0000000000000000       0x80 ./src/cr_startup_lpc43xx.o
 .debug_aranges
                0x0000000000000080       0x40 ./src/freertos_blinky.o
 .debug_aranges
                0x00000000000000c0       0x20 ./src/sysinit.o
 .debug_aranges
                0x00000000000000e0       0x40 ./freertos/FreeRTOSCommonHooks.o
 .debug_aranges
                0x0000000000000120       0x28 ./freertos/heap_3.o
 .debug_aranges
                0x0000000000000148       0x40 ./freertos/list.o
 .debug_aranges
                0x0000000000000188       0x98 ./freertos/port.o
 .debug_aranges
                0x0000000000000220      0x190 ./freertos/tasks.o
 .debug_aranges
                0x00000000000003b0      0x170 /home/shoop/Documents/MCUXpresso_10.2.0_759/workspace/lpc_board_nxp_lpcxpresso_4337/Debug/liblpc_board_nxp_lpcxpresso_4337.a(board.o)
 .debug_aranges
                0x0000000000000520       0x48 /home/shoop/Documents/MCUXpresso_10.2.0_759/workspace/lpc_board_nxp_lpcxpresso_4337/Debug/liblpc_board_nxp_lpcxpresso_4337.a(board_sysinit.o)
 .debug_aranges
                0x0000000000000568       0x40 /home/shoop/Documents/MCUXpresso_10.2.0_759/workspace/lpc_chip_43xx/Debug/liblpc_chip_43xx.a(chip_18xx_43xx.o)
 .debug_aranges
                0x00000000000005a8      0x138 /home/shoop/Documents/MCUXpresso_10.2.0_759/workspace/lpc_chip_43xx/Debug/liblpc_chip_43xx.a(clock_18xx_43xx.o)
 .debug_aranges
                0x00000000000006e0       0x20 /home/shoop/Documents/MCUXpresso_10.2.0_759/workspace/lpc_chip_43xx/Debug/liblpc_chip_43xx.a(fpu_init.o)
 .debug_aranges
                0x0000000000000700       0x28 /home/shoop/Documents/MCUXpresso_10.2.0_759/workspace/lpc_chip_43xx/Debug/liblpc_chip_43xx.a(gpio_18xx_43xx.o)
 .debug_aranges
                0x0000000000000728       0x50 /home/shoop/Documents/MCUXpresso_10.2.0_759/workspace/lpc_chip_43xx/Debug/liblpc_chip_43xx.a(sysinit_18xx_43xx.o)
 .debug_aranges
                0x0000000000000778      0x118 /home/shoop/Documents/MCUXpresso_10.2.0_759/workspace/lpc_chip_43xx/Debug/liblpc_chip_43xx.a(uart_18xx_43xx.o)

.debug_ranges   0x0000000000000000      0x7c0
 .debug_ranges  0x0000000000000000       0x70 ./src/cr_startup_lpc43xx.o
 .debug_ranges  0x0000000000000070       0x30 ./src/freertos_blinky.o
 .debug_ranges  0x00000000000000a0       0x10 ./src/sysinit.o
 .debug_ranges  0x00000000000000b0       0x30 ./freertos/FreeRTOSCommonHooks.o
 .debug_ranges  0x00000000000000e0       0x18 ./freertos/heap_3.o
 .debug_ranges  0x00000000000000f8       0x30 ./freertos/list.o
 .debug_ranges  0x0000000000000128       0x88 ./freertos/port.o
 .debug_ranges  0x00000000000001b0      0x180 ./freertos/tasks.o
 .debug_ranges  0x0000000000000330      0x160 /home/shoop/Documents/MCUXpresso_10.2.0_759/workspace/lpc_board_nxp_lpcxpresso_4337/Debug/liblpc_board_nxp_lpcxpresso_4337.a(board.o)
 .debug_ranges  0x0000000000000490       0x38 /home/shoop/Documents/MCUXpresso_10.2.0_759/workspace/lpc_board_nxp_lpcxpresso_4337/Debug/liblpc_board_nxp_lpcxpresso_4337.a(board_sysinit.o)
 .debug_ranges  0x00000000000004c8       0x30 /home/shoop/Documents/MCUXpresso_10.2.0_759/workspace/lpc_chip_43xx/Debug/liblpc_chip_43xx.a(chip_18xx_43xx.o)
 .debug_ranges  0x00000000000004f8      0x140 /home/shoop/Documents/MCUXpresso_10.2.0_759/workspace/lpc_chip_43xx/Debug/liblpc_chip_43xx.a(clock_18xx_43xx.o)
 .debug_ranges  0x0000000000000638       0x10 /home/shoop/Documents/MCUXpresso_10.2.0_759/workspace/lpc_chip_43xx/Debug/liblpc_chip_43xx.a(fpu_init.o)
 .debug_ranges  0x0000000000000648       0x18 /home/shoop/Documents/MCUXpresso_10.2.0_759/workspace/lpc_chip_43xx/Debug/liblpc_chip_43xx.a(gpio_18xx_43xx.o)
 .debug_ranges  0x0000000000000660       0x40 /home/shoop/Documents/MCUXpresso_10.2.0_759/workspace/lpc_chip_43xx/Debug/liblpc_chip_43xx.a(sysinit_18xx_43xx.o)
 .debug_ranges  0x00000000000006a0      0x120 /home/shoop/Documents/MCUXpresso_10.2.0_759/workspace/lpc_chip_43xx/Debug/liblpc_chip_43xx.a(uart_18xx_43xx.o)

.debug_macro    0x0000000000000000     0x8ff8
 .debug_macro   0x0000000000000000       0x1d ./src/cr_startup_lpc43xx.o
 .debug_macro   0x000000000000001d      0xa6c ./src/cr_startup_lpc43xx.o
 .debug_macro   0x0000000000000a89      0x38f ./src/freertos_blinky.o
 .debug_macro   0x0000000000000e18       0x10 ./src/freertos_blinky.o
 .debug_macro   0x0000000000000e28       0x10 ./src/freertos_blinky.o
 .debug_macro   0x0000000000000e38      0x12d ./src/freertos_blinky.o
 .debug_macro   0x0000000000000f65      0x5b2 ./src/freertos_blinky.o
 .debug_macro   0x0000000000001517       0x22 ./src/freertos_blinky.o
 .debug_macro   0x0000000000001539       0x88 ./src/freertos_blinky.o
 .debug_macro   0x00000000000015c1       0x28 ./src/freertos_blinky.o
 .debug_macro   0x00000000000015e9       0x3b ./src/freertos_blinky.o
 .debug_macro   0x0000000000001624       0x2d ./src/freertos_blinky.o
 .debug_macro   0x0000000000001651       0x42 ./src/freertos_blinky.o
 .debug_macro   0x0000000000001693      0xd39 ./src/freertos_blinky.o
 .debug_macro   0x00000000000023cc      0x2c3 ./src/freertos_blinky.o
 .debug_macro   0x000000000000268f      0x112 ./src/freertos_blinky.o
 .debug_macro   0x00000000000027a1       0x11 ./src/freertos_blinky.o
 .debug_macro   0x00000000000027b2       0x2a ./src/freertos_blinky.o
 .debug_macro   0x00000000000027dc       0x16 ./src/freertos_blinky.o
 .debug_macro   0x00000000000027f2      0x2e6 ./src/freertos_blinky.o
 .debug_macro   0x0000000000002ad8       0x82 ./src/freertos_blinky.o
 .debug_macro   0x0000000000002b5a      0x13d ./src/freertos_blinky.o
 .debug_macro   0x0000000000002c97      0x198 ./src/freertos_blinky.o
 .debug_macro   0x0000000000002e2f       0x34 ./src/freertos_blinky.o
 .debug_macro   0x0000000000002e63       0x58 ./src/freertos_blinky.o
 .debug_macro   0x0000000000002ebb      0x236 ./src/freertos_blinky.o
 .debug_macro   0x00000000000030f1      0x572 ./src/freertos_blinky.o
 .debug_macro   0x0000000000003663       0x16 ./src/freertos_blinky.o
 .debug_macro   0x0000000000003679      0x18a ./src/freertos_blinky.o
 .debug_macro   0x0000000000003803       0x88 ./src/freertos_blinky.o
 .debug_macro   0x000000000000388b      0x1b9 ./src/freertos_blinky.o
 .debug_macro   0x0000000000003a44      0x1da ./src/freertos_blinky.o
 .debug_macro   0x0000000000003c1e       0x40 ./src/freertos_blinky.o
 .debug_macro   0x0000000000003c5e       0x1c ./src/freertos_blinky.o
 .debug_macro   0x0000000000003c7a       0x2e ./src/freertos_blinky.o
 .debug_macro   0x0000000000003ca8       0x2e ./src/freertos_blinky.o
 .debug_macro   0x0000000000003cd6       0x22 ./src/freertos_blinky.o
 .debug_macro   0x0000000000003cf8      0x201 ./src/freertos_blinky.o
 .debug_macro   0x0000000000003ef9       0xe0 ./src/freertos_blinky.o
 .debug_macro   0x0000000000003fd9      0x34c ./src/freertos_blinky.o
 .debug_macro   0x0000000000004325       0xdc ./src/freertos_blinky.o
 .debug_macro   0x0000000000004401       0xc4 ./src/freertos_blinky.o
 .debug_macro   0x00000000000044c5       0x8f ./src/freertos_blinky.o
 .debug_macro   0x0000000000004554       0x94 ./src/freertos_blinky.o
 .debug_macro   0x00000000000045e8       0xb8 ./src/freertos_blinky.o
 .debug_macro   0x00000000000046a0       0x4c ./src/freertos_blinky.o
 .debug_macro   0x00000000000046ec       0x16 ./src/freertos_blinky.o
 .debug_macro   0x0000000000004702      0x328 ./src/freertos_blinky.o
 .debug_macro   0x0000000000004a2a       0x3a ./src/freertos_blinky.o
 .debug_macro   0x0000000000004a64       0xd0 ./src/freertos_blinky.o
 .debug_macro   0x0000000000004b34       0x18 ./src/freertos_blinky.o
 .debug_macro   0x0000000000004b4c       0x22 ./src/freertos_blinky.o
 .debug_macro   0x0000000000004b6e       0x40 ./src/freertos_blinky.o
 .debug_macro   0x0000000000004bae       0xf6 ./src/freertos_blinky.o
 .debug_macro   0x0000000000004ca4       0x9a ./src/freertos_blinky.o
 .debug_macro   0x0000000000004d3e       0x20 ./src/freertos_blinky.o
 .debug_macro   0x0000000000004d5e       0x10 ./src/freertos_blinky.o
 .debug_macro   0x0000000000004d6e       0x40 ./src/freertos_blinky.o
 .debug_macro   0x0000000000004dae       0xf5 ./src/freertos_blinky.o
 .debug_macro   0x0000000000004ea3       0xaf ./src/freertos_blinky.o
 .debug_macro   0x0000000000004f52       0x12 ./src/freertos_blinky.o
 .debug_macro   0x0000000000004f64       0x1f ./src/freertos_blinky.o
 .debug_macro   0x0000000000004f83      0x35a ./src/freertos_blinky.o
 .debug_macro   0x00000000000052dd       0x79 ./src/freertos_blinky.o
 .debug_macro   0x0000000000005356       0x69 ./src/freertos_blinky.o
 .debug_macro   0x00000000000053bf      0x31a ./src/sysinit.o
 .debug_macro   0x00000000000056d9      0x3a5 ./freertos/FreeRTOSCommonHooks.o
 .debug_macro   0x0000000000005a7e       0x16 ./freertos/FreeRTOSCommonHooks.o
 .debug_macro   0x0000000000005a94       0x81 ./freertos/FreeRTOSCommonHooks.o
 .debug_macro   0x0000000000005b15       0x11 ./freertos/FreeRTOSCommonHooks.o
 .debug_macro   0x0000000000005b26       0xef ./freertos/FreeRTOSCommonHooks.o
 .debug_macro   0x0000000000005c15      0x3b5 ./freertos/heap_3.o
 .debug_macro   0x0000000000005fca       0x28 ./freertos/heap_3.o
 .debug_macro   0x0000000000005ff2      0x39a ./freertos/list.o
 .debug_macro   0x000000000000638c      0x43e ./freertos/port.o
 .debug_macro   0x00000000000067ca      0x446 ./freertos/tasks.o
 .debug_macro   0x0000000000006c10       0x91 ./freertos/tasks.o
 .debug_macro   0x0000000000006ca1       0x16 ./freertos/tasks.o
 .debug_macro   0x0000000000006cb7      0x340 /home/shoop/Documents/MCUXpresso_10.2.0_759/workspace/lpc_board_nxp_lpcxpresso_4337/Debug/liblpc_board_nxp_lpcxpresso_4337.a(board.o)
 .debug_macro   0x0000000000006ff7      0xa66 /home/shoop/Documents/MCUXpresso_10.2.0_759/workspace/lpc_board_nxp_lpcxpresso_4337/Debug/liblpc_board_nxp_lpcxpresso_4337.a(board.o)
 .debug_macro   0x0000000000007a5d       0x12 /home/shoop/Documents/MCUXpresso_10.2.0_759/workspace/lpc_board_nxp_lpcxpresso_4337/Debug/liblpc_board_nxp_lpcxpresso_4337.a(board.o)
 .debug_macro   0x0000000000007a6f      0x339 /home/shoop/Documents/MCUXpresso_10.2.0_759/workspace/lpc_board_nxp_lpcxpresso_4337/Debug/liblpc_board_nxp_lpcxpresso_4337.a(board.o)
 .debug_macro   0x0000000000007da8      0x31a /home/shoop/Documents/MCUXpresso_10.2.0_759/workspace/lpc_board_nxp_lpcxpresso_4337/Debug/liblpc_board_nxp_lpcxpresso_4337.a(board_sysinit.o)
 .debug_macro   0x00000000000080c2      0x2e4 /home/shoop/Documents/MCUXpresso_10.2.0_759/workspace/lpc_chip_43xx/Debug/liblpc_chip_43xx.a(chip_18xx_43xx.o)
 .debug_macro   0x00000000000083a6      0x2ea /home/shoop/Documents/MCUXpresso_10.2.0_759/workspace/lpc_chip_43xx/Debug/liblpc_chip_43xx.a(clock_18xx_43xx.o)
 .debug_macro   0x0000000000008690       0xbc /home/shoop/Documents/MCUXpresso_10.2.0_759/workspace/lpc_chip_43xx/Debug/liblpc_chip_43xx.a(fpu_init.o)
 .debug_macro   0x000000000000874c      0x2e4 /home/shoop/Documents/MCUXpresso_10.2.0_759/workspace/lpc_chip_43xx/Debug/liblpc_chip_43xx.a(gpio_18xx_43xx.o)
 .debug_macro   0x0000000000008a30      0x2e4 /home/shoop/Documents/MCUXpresso_10.2.0_759/workspace/lpc_chip_43xx/Debug/liblpc_chip_43xx.a(sysinit_18xx_43xx.o)
 .debug_macro   0x0000000000008d14      0x2e4 /home/shoop/Documents/MCUXpresso_10.2.0_759/workspace/lpc_chip_43xx/Debug/liblpc_chip_43xx.a(uart_18xx_43xx.o)

.debug_line     0x0000000000000000     0x7f7e
 .debug_line    0x0000000000000000       0xf8 ./src/cr_startup_lpc43xx.o
 .debug_line    0x00000000000000f8      0x899 ./src/freertos_blinky.o
 .debug_line    0x0000000000000991      0x6b7 ./src/sysinit.o
 .debug_line    0x0000000000001048      0x8df ./freertos/FreeRTOSCommonHooks.o
 .debug_line    0x0000000000001927      0x835 ./freertos/heap_3.o
 .debug_line    0x000000000000215c      0x881 ./freertos/list.o
 .debug_line    0x00000000000029dd      0x982 ./freertos/port.o
 .debug_line    0x000000000000335f      0xff1 ./freertos/tasks.o
 .debug_line    0x0000000000004350      0xa95 /home/shoop/Documents/MCUXpresso_10.2.0_759/workspace/lpc_board_nxp_lpcxpresso_4337/Debug/liblpc_board_nxp_lpcxpresso_4337.a(board.o)
 .debug_line    0x0000000000004de5      0x748 /home/shoop/Documents/MCUXpresso_10.2.0_759/workspace/lpc_board_nxp_lpcxpresso_4337/Debug/liblpc_board_nxp_lpcxpresso_4337.a(board_sysinit.o)
 .debug_line    0x000000000000552d      0x6a5 /home/shoop/Documents/MCUXpresso_10.2.0_759/workspace/lpc_chip_43xx/Debug/liblpc_chip_43xx.a(chip_18xx_43xx.o)
 .debug_line    0x0000000000005bd2      0xaa5 /home/shoop/Documents/MCUXpresso_10.2.0_759/workspace/lpc_chip_43xx/Debug/liblpc_chip_43xx.a(clock_18xx_43xx.o)
 .debug_line    0x0000000000006677      0x23c /home/shoop/Documents/MCUXpresso_10.2.0_759/workspace/lpc_chip_43xx/Debug/liblpc_chip_43xx.a(fpu_init.o)
 .debug_line    0x00000000000068b3      0x64b /home/shoop/Documents/MCUXpresso_10.2.0_759/workspace/lpc_chip_43xx/Debug/liblpc_chip_43xx.a(gpio_18xx_43xx.o)
 .debug_line    0x0000000000006efe      0x6fe /home/shoop/Documents/MCUXpresso_10.2.0_759/workspace/lpc_chip_43xx/Debug/liblpc_chip_43xx.a(sysinit_18xx_43xx.o)
 .debug_line    0x00000000000075fc      0x982 /home/shoop/Documents/MCUXpresso_10.2.0_759/workspace/lpc_chip_43xx/Debug/liblpc_chip_43xx.a(uart_18xx_43xx.o)

.debug_str      0x0000000000000000    0x1dea5
 .debug_str     0x0000000000000000     0x2efd ./src/cr_startup_lpc43xx.o
                                       0x2f40 (size before relaxing)
 .debug_str     0x0000000000002efd    0x15c76 ./src/freertos_blinky.o
                                      0x18ad3 (size before relaxing)
 .debug_str     0x0000000000018b73       0x1b ./src/sysinit.o
                                      0x16268 (size before relaxing)
 .debug_str     0x0000000000018b8e      0x102 ./freertos/FreeRTOSCommonHooks.o
                                      0x18b1f (size before relaxing)
 .debug_str     0x0000000000018c90       0xff ./freertos/heap_3.o
                                      0x18b15 (size before relaxing)
 .debug_str     0x0000000000018d8f      0x129 ./freertos/list.o
                                      0x1882d (size before relaxing)
 .debug_str     0x0000000000018eb8     0x11c0 ./freertos/port.o
                                      0x19c50 (size before relaxing)
 .debug_str     0x000000000001a078     0x16b7 ./freertos/tasks.o
                                      0x1ad75 (size before relaxing)
 .debug_str     0x000000000001b72f     0x1a2f /home/shoop/Documents/MCUXpresso_10.2.0_759/workspace/lpc_board_nxp_lpcxpresso_4337/Debug/liblpc_board_nxp_lpcxpresso_4337.a(board.o)
                                      0x186e2 (size before relaxing)
 .debug_str     0x000000000001d15e      0x16d /home/shoop/Documents/MCUXpresso_10.2.0_759/workspace/lpc_board_nxp_lpcxpresso_4337/Debug/liblpc_board_nxp_lpcxpresso_4337.a(board_sysinit.o)
                                      0x1705e (size before relaxing)
 .debug_str     0x000000000001d2cb       0xeb /home/shoop/Documents/MCUXpresso_10.2.0_759/workspace/lpc_chip_43xx/Debug/liblpc_chip_43xx.a(chip_18xx_43xx.o)
                                      0x1686f (size before relaxing)
 .debug_str     0x000000000001d3b6      0x5e7 /home/shoop/Documents/MCUXpresso_10.2.0_759/workspace/lpc_chip_43xx/Debug/liblpc_chip_43xx.a(clock_18xx_43xx.o)
                                      0x16dee (size before relaxing)
 .debug_str     0x000000000001d99d       0xb5 /home/shoop/Documents/MCUXpresso_10.2.0_759/workspace/lpc_chip_43xx/Debug/liblpc_chip_43xx.a(fpu_init.o)
                                       0xa0de (size before relaxing)
 .debug_str     0x000000000001da52       0x38 /home/shoop/Documents/MCUXpresso_10.2.0_759/workspace/lpc_chip_43xx/Debug/liblpc_chip_43xx.a(gpio_18xx_43xx.o)
                                      0x15b95 (size before relaxing)
 .debug_str     0x000000000001da8a       0xb7 /home/shoop/Documents/MCUXpresso_10.2.0_759/workspace/lpc_chip_43xx/Debug/liblpc_chip_43xx.a(sysinit_18xx_43xx.o)
                                      0x16851 (size before relaxing)
 .debug_str     0x000000000001db41      0x364 /home/shoop/Documents/MCUXpresso_10.2.0_759/workspace/lpc_chip_43xx/Debug/liblpc_chip_43xx.a(uart_18xx_43xx.o)
                                      0x169b2 (size before relaxing)

.comment        0x0000000000000000       0x7e
 .comment       0x0000000000000000       0x7e ./src/cr_startup_lpc43xx.o
                                         0x7f (size before relaxing)
 .comment       0x000000000000007e       0x7f ./src/freertos_blinky.o
 .comment       0x000000000000007e       0x7f ./src/sysinit.o
 .comment       0x000000000000007e       0x7f ./freertos/FreeRTOSCommonHooks.o
 .comment       0x000000000000007e       0x7f ./freertos/heap_3.o
 .comment       0x000000000000007e       0x7f ./freertos/list.o
 .comment       0x000000000000007e       0x7f ./freertos/port.o
 .comment       0x000000000000007e       0x7f ./freertos/tasks.o
 .comment       0x000000000000007e       0x7f /home/shoop/Documents/MCUXpresso_10.2.0_759/workspace/lpc_board_nxp_lpcxpresso_4337/Debug/liblpc_board_nxp_lpcxpresso_4337.a(board.o)
 .comment       0x000000000000007e       0x7f /home/shoop/Documents/MCUXpresso_10.2.0_759/workspace/lpc_board_nxp_lpcxpresso_4337/Debug/liblpc_board_nxp_lpcxpresso_4337.a(board_sysinit.o)
 .comment       0x000000000000007e       0x7f /home/shoop/Documents/MCUXpresso_10.2.0_759/workspace/lpc_chip_43xx/Debug/liblpc_chip_43xx.a(chip_18xx_43xx.o)
 .comment       0x000000000000007e       0x7f /home/shoop/Documents/MCUXpresso_10.2.0_759/workspace/lpc_chip_43xx/Debug/liblpc_chip_43xx.a(clock_18xx_43xx.o)
 .comment       0x000000000000007e       0x7f /home/shoop/Documents/MCUXpresso_10.2.0_759/workspace/lpc_chip_43xx/Debug/liblpc_chip_43xx.a(fpu_init.o)
 .comment       0x000000000000007e       0x7f /home/shoop/Documents/MCUXpresso_10.2.0_759/workspace/lpc_chip_43xx/Debug/liblpc_chip_43xx.a(gpio_18xx_43xx.o)
 .comment       0x000000000000007e       0x7f /home/shoop/Documents/MCUXpresso_10.2.0_759/workspace/lpc_chip_43xx/Debug/liblpc_chip_43xx.a(sysinit_18xx_43xx.o)
 .comment       0x000000000000007e       0x7f /home/shoop/Documents/MCUXpresso_10.2.0_759/workspace/lpc_chip_43xx/Debug/liblpc_chip_43xx.a(uart_18xx_43xx.o)
 .comment       0x000000000000007e       0x7f /usr/local/mcuxpresso-ide/ide/tools/bin/../lib/gcc/arm-none-eabi/7.2.1/../../../../arm-none-eabi/lib/thumb/v7e-m/fpv4-sp/softfp/libcr_nohost.a(_cr__main.o)
 .comment       0x000000000000007e       0x7f /usr/local/mcuxpresso-ide/ide/tools/bin/../lib/gcc/arm-none-eabi/7.2.1/../../../../arm-none-eabi/lib/thumb/v7e-m/fpv4-sp/softfp/libcr_c.a(memset.o)
 .comment       0x000000000000007e       0x7f /usr/local/mcuxpresso-ide/ide/tools/bin/../lib/gcc/arm-none-eabi/7.2.1/../../../../arm-none-eabi/lib/thumb/v7e-m/fpv4-sp/softfp/libcr_c.a(alloc.o)
 .comment       0x000000000000007e       0x7f /usr/local/mcuxpresso-ide/ide/tools/bin/../lib/gcc/arm-none-eabi/7.2.1/../../../../arm-none-eabi/lib/thumb/v7e-m/fpv4-sp/softfp/libcr_c.a(fpprintf.o)
 .comment       0x000000000000007e       0x7f /usr/local/mcuxpresso-ide/ide/tools/bin/../lib/gcc/arm-none-eabi/7.2.1/../../../../arm-none-eabi/lib/thumb/v7e-m/fpv4-sp/softfp/libcr_c.a(initio.o)
 .comment       0x000000000000007e       0x7f /usr/local/mcuxpresso-ide/ide/tools/bin/../lib/gcc/arm-none-eabi/7.2.1/../../../../arm-none-eabi/lib/thumb/v7e-m/fpv4-sp/softfp/libcr_c.a(printf.o)
 .comment       0x000000000000007e       0x7f /usr/local/mcuxpresso-ide/ide/tools/bin/../lib/gcc/arm-none-eabi/7.2.1/../../../../arm-none-eabi/lib/thumb/v7e-m/fpv4-sp/softfp/libcr_c.a(setvbuf.o)
 .comment       0x000000000000007e       0x7f /usr/local/mcuxpresso-ide/ide/tools/bin/../lib/gcc/arm-none-eabi/7.2.1/../../../../arm-none-eabi/lib/thumb/v7e-m/fpv4-sp/softfp/libcr_c.a(strlen.o)
 .comment       0x000000000000007e       0x7f /usr/local/mcuxpresso-ide/ide/tools/bin/../lib/gcc/arm-none-eabi/7.2.1/../../../../arm-none-eabi/lib/thumb/v7e-m/fpv4-sp/softfp/libcr_c.a(__init_alloc.o)
 .comment       0x000000000000007e       0x7f /usr/local/mcuxpresso-ide/ide/tools/bin/../lib/gcc/arm-none-eabi/7.2.1/../../../../arm-none-eabi/lib/thumb/v7e-m/fpv4-sp/softfp/libcr_c.a(_cr_sbrk.o)
 .comment       0x000000000000007e       0x7f /usr/local/mcuxpresso-ide/ide/tools/bin/../lib/gcc/arm-none-eabi/7.2.1/../../../../arm-none-eabi/lib/thumb/v7e-m/fpv4-sp/softfp/libcr_c.a(_deferredlazyseek.o)
 .comment       0x000000000000007e       0x7f /usr/local/mcuxpresso-ide/ide/tools/bin/../lib/gcc/arm-none-eabi/7.2.1/../../../../arm-none-eabi/lib/thumb/v7e-m/fpv4-sp/softfp/libcr_c.a(_fdopen.o)
 .comment       0x000000000000007e       0x7f /usr/local/mcuxpresso-ide/ide/tools/bin/../lib/gcc/arm-none-eabi/7.2.1/../../../../arm-none-eabi/lib/thumb/v7e-m/fpv4-sp/softfp/libcr_c.a(_fflush.o)
 .comment       0x000000000000007e       0x7f /usr/local/mcuxpresso-ide/ide/tools/bin/../lib/gcc/arm-none-eabi/7.2.1/../../../../arm-none-eabi/lib/thumb/v7e-m/fpv4-sp/softfp/libcr_c.a(_frexpl.o)
 .comment       0x000000000000007e       0x7f /usr/local/mcuxpresso-ide/ide/tools/bin/../lib/gcc/arm-none-eabi/7.2.1/../../../../arm-none-eabi/lib/thumb/v7e-m/fpv4-sp/softfp/libcr_c.a(_ldexpl.o)
 .comment       0x000000000000007e       0x7f /usr/local/mcuxpresso-ide/ide/tools/bin/../lib/gcc/arm-none-eabi/7.2.1/../../../../arm-none-eabi/lib/thumb/v7e-m/fpv4-sp/softfp/libcr_c.a(_writebuf.o)
 .comment       0x000000000000007e       0x7f /usr/local/mcuxpresso-ide/ide/tools/bin/../lib/gcc/arm-none-eabi/7.2.1/../../../../arm-none-eabi/lib/thumb/v7e-m/fpv4-sp/softfp/libcr_c.a(errno.o)
 .comment       0x000000000000007e       0x7f /usr/local/mcuxpresso-ide/ide/tools/bin/../lib/gcc/arm-none-eabi/7.2.1/../../../../arm-none-eabi/lib/thumb/v7e-m/fpv4-sp/softfp/libcr_c.a(fclose.o)
 .comment       0x000000000000007e       0x7f /usr/local/mcuxpresso-ide/ide/tools/bin/../lib/gcc/arm-none-eabi/7.2.1/../../../../arm-none-eabi/lib/thumb/v7e-m/fpv4-sp/softfp/libcr_c.a(fflush.o)
 .comment       0x000000000000007e       0x7f /usr/local/mcuxpresso-ide/ide/tools/bin/../lib/gcc/arm-none-eabi/7.2.1/../../../../arm-none-eabi/lib/thumb/v7e-m/fpv4-sp/softfp/libcr_c.a(fseek.o)
 .comment       0x000000000000007e       0x7f /usr/local/mcuxpresso-ide/ide/tools/bin/../lib/gcc/arm-none-eabi/7.2.1/../../../../arm-none-eabi/lib/thumb/v7e-m/fpv4-sp/softfp/libcr_c.a(ftell.o)
 .comment       0x000000000000007e       0x7f /usr/local/mcuxpresso-ide/ide/tools/bin/../lib/gcc/arm-none-eabi/7.2.1/../../../../arm-none-eabi/lib/thumb/v7e-m/fpv4-sp/softfp/libcr_c.a(remove.o)
 .comment       0x000000000000007e       0x7f /usr/local/mcuxpresso-ide/ide/tools/bin/../lib/gcc/arm-none-eabi/7.2.1/../../../../arm-none-eabi/lib/thumb/v7e-m/fpv4-sp/softfp/libcr_c.a(_cr_check_heap.o)
 .comment       0x000000000000007e       0x7f /usr/local/mcuxpresso-ide/ide/tools/bin/../lib/gcc/arm-none-eabi/7.2.1/../../../../arm-none-eabi/lib/thumb/v7e-m/fpv4-sp/softfp/libcr_c.a(_do_fflush.o)
 .comment       0x000000000000007e       0x7f /usr/local/mcuxpresso-ide/ide/tools/bin/../lib/gcc/arm-none-eabi/7.2.1/../../../../arm-none-eabi/lib/thumb/v7e-m/fpv4-sp/softfp/libcr_c.a(_hugeval.o)
 .comment       0x000000000000007e       0x7f /usr/local/mcuxpresso-ide/ide/tools/bin/../lib/gcc/arm-none-eabi/7.2.1/thumb/v7e-m/fpv4-sp/softfp/libcr_eabihelpers.a(double.o)
 .comment       0x000000000000007e       0x7f /usr/local/mcuxpresso-ide/ide/tools/bin/../lib/gcc/arm-none-eabi/7.2.1/../../../../arm-none-eabi/lib/thumb/v7e-m/fpv4-sp/softfp/libcr_nohost.a(__ciob.o)
 .comment       0x000000000000007e       0x7f /usr/local/mcuxpresso-ide/ide/tools/bin/../lib/gcc/arm-none-eabi/7.2.1/../../../../arm-none-eabi/lib/thumb/v7e-m/fpv4-sp/softfp/libcr_nohost.a(__sys_appexit.o)
 .comment       0x000000000000007e       0x7f /usr/local/mcuxpresso-ide/ide/tools/bin/../lib/gcc/arm-none-eabi/7.2.1/../../../../arm-none-eabi/lib/thumb/v7e-m/fpv4-sp/softfp/libcr_nohost.a(__sys_close.o)
 .comment       0x000000000000007e       0x7f /usr/local/mcuxpresso-ide/ide/tools/bin/../lib/gcc/arm-none-eabi/7.2.1/../../../../arm-none-eabi/lib/thumb/v7e-m/fpv4-sp/softfp/libcr_nohost.a(__sys_flen.o)
 .comment       0x000000000000007e       0x7f /usr/local/mcuxpresso-ide/ide/tools/bin/../lib/gcc/arm-none-eabi/7.2.1/../../../../arm-none-eabi/lib/thumb/v7e-m/fpv4-sp/softfp/libcr_nohost.a(__sys_istty.o)
 .comment       0x000000000000007e       0x7f /usr/local/mcuxpresso-ide/ide/tools/bin/../lib/gcc/arm-none-eabi/7.2.1/../../../../arm-none-eabi/lib/thumb/v7e-m/fpv4-sp/softfp/libcr_nohost.a(__sys_remove.o)
 .comment       0x000000000000007e       0x7f /usr/local/mcuxpresso-ide/ide/tools/bin/../lib/gcc/arm-none-eabi/7.2.1/../../../../arm-none-eabi/lib/thumb/v7e-m/fpv4-sp/softfp/libcr_nohost.a(__sys_seek.o)
 .comment       0x000000000000007e       0x7f /usr/local/mcuxpresso-ide/ide/tools/bin/../lib/gcc/arm-none-eabi/7.2.1/../../../../arm-none-eabi/lib/thumb/v7e-m/fpv4-sp/softfp/libcr_nohost.a(__sys_tmpnam.o)

.ARM.attributes
                0x0000000000000000       0x35
 .ARM.attributes
                0x0000000000000000       0x37 ./src/cr_startup_lpc43xx.o
 .ARM.attributes
                0x0000000000000037       0x37 ./src/freertos_blinky.o
 .ARM.attributes
                0x000000000000006e       0x37 ./src/sysinit.o
 .ARM.attributes
                0x00000000000000a5       0x37 ./freertos/FreeRTOSCommonHooks.o
 .ARM.attributes
                0x00000000000000dc       0x37 ./freertos/heap_3.o
 .ARM.attributes
                0x0000000000000113       0x37 ./freertos/list.o
 .ARM.attributes
                0x000000000000014a       0x37 ./freertos/port.o
 .ARM.attributes
                0x0000000000000181       0x37 ./freertos/tasks.o
 .ARM.attributes
                0x00000000000001b8       0x37 /home/shoop/Documents/MCUXpresso_10.2.0_759/workspace/lpc_board_nxp_lpcxpresso_4337/Debug/liblpc_board_nxp_lpcxpresso_4337.a(board.o)
 .ARM.attributes
                0x00000000000001ef       0x37 /home/shoop/Documents/MCUXpresso_10.2.0_759/workspace/lpc_board_nxp_lpcxpresso_4337/Debug/liblpc_board_nxp_lpcxpresso_4337.a(board_sysinit.o)
 .ARM.attributes
                0x0000000000000226       0x37 /home/shoop/Documents/MCUXpresso_10.2.0_759/workspace/lpc_chip_43xx/Debug/liblpc_chip_43xx.a(chip_18xx_43xx.o)
 .ARM.attributes
                0x000000000000025d       0x37 /home/shoop/Documents/MCUXpresso_10.2.0_759/workspace/lpc_chip_43xx/Debug/liblpc_chip_43xx.a(clock_18xx_43xx.o)
 .ARM.attributes
                0x0000000000000294       0x37 /home/shoop/Documents/MCUXpresso_10.2.0_759/workspace/lpc_chip_43xx/Debug/liblpc_chip_43xx.a(fpu_init.o)
 .ARM.attributes
                0x00000000000002cb       0x37 /home/shoop/Documents/MCUXpresso_10.2.0_759/workspace/lpc_chip_43xx/Debug/liblpc_chip_43xx.a(gpio_18xx_43xx.o)
 .ARM.attributes
                0x0000000000000302       0x37 /home/shoop/Documents/MCUXpresso_10.2.0_759/workspace/lpc_chip_43xx/Debug/liblpc_chip_43xx.a(sysinit_18xx_43xx.o)
 .ARM.attributes
                0x0000000000000339       0x37 /home/shoop/Documents/MCUXpresso_10.2.0_759/workspace/lpc_chip_43xx/Debug/liblpc_chip_43xx.a(uart_18xx_43xx.o)
 .ARM.attributes
                0x0000000000000370       0x37 /usr/local/mcuxpresso-ide/ide/tools/bin/../lib/gcc/arm-none-eabi/7.2.1/../../../../arm-none-eabi/lib/thumb/v7e-m/fpv4-sp/softfp/libcr_nohost.a(_cr__main.o)
 .ARM.attributes
                0x00000000000003a7       0x37 /usr/local/mcuxpresso-ide/ide/tools/bin/../lib/gcc/arm-none-eabi/7.2.1/../../../../arm-none-eabi/lib/thumb/v7e-m/fpv4-sp/softfp/libcr_c.a(memset.o)
 .ARM.attributes
                0x00000000000003de       0x37 /usr/local/mcuxpresso-ide/ide/tools/bin/../lib/gcc/arm-none-eabi/7.2.1/../../../../arm-none-eabi/lib/thumb/v7e-m/fpv4-sp/softfp/libcr_c.a(alloc.o)
 .ARM.attributes
                0x0000000000000415       0x37 /usr/local/mcuxpresso-ide/ide/tools/bin/../lib/gcc/arm-none-eabi/7.2.1/../../../../arm-none-eabi/lib/thumb/v7e-m/fpv4-sp/softfp/libcr_c.a(fpprintf.o)
 .ARM.attributes
                0x000000000000044c       0x37 /usr/local/mcuxpresso-ide/ide/tools/bin/../lib/gcc/arm-none-eabi/7.2.1/../../../../arm-none-eabi/lib/thumb/v7e-m/fpv4-sp/softfp/libcr_c.a(initio.o)
 .ARM.attributes
                0x0000000000000483       0x37 /usr/local/mcuxpresso-ide/ide/tools/bin/../lib/gcc/arm-none-eabi/7.2.1/../../../../arm-none-eabi/lib/thumb/v7e-m/fpv4-sp/softfp/libcr_c.a(printf.o)
 .ARM.attributes
                0x00000000000004ba       0x37 /usr/local/mcuxpresso-ide/ide/tools/bin/../lib/gcc/arm-none-eabi/7.2.1/../../../../arm-none-eabi/lib/thumb/v7e-m/fpv4-sp/softfp/libcr_c.a(setvbuf.o)
 .ARM.attributes
                0x00000000000004f1       0x37 /usr/local/mcuxpresso-ide/ide/tools/bin/../lib/gcc/arm-none-eabi/7.2.1/../../../../arm-none-eabi/lib/thumb/v7e-m/fpv4-sp/softfp/libcr_c.a(strlen.o)
 .ARM.attributes
                0x0000000000000528       0x37 /usr/local/mcuxpresso-ide/ide/tools/bin/../lib/gcc/arm-none-eabi/7.2.1/../../../../arm-none-eabi/lib/thumb/v7e-m/fpv4-sp/softfp/libcr_c.a(__init_alloc.o)
 .ARM.attributes
                0x000000000000055f       0x37 /usr/local/mcuxpresso-ide/ide/tools/bin/../lib/gcc/arm-none-eabi/7.2.1/../../../../arm-none-eabi/lib/thumb/v7e-m/fpv4-sp/softfp/libcr_c.a(_cr_sbrk.o)
 .ARM.attributes
                0x0000000000000596       0x37 /usr/local/mcuxpresso-ide/ide/tools/bin/../lib/gcc/arm-none-eabi/7.2.1/../../../../arm-none-eabi/lib/thumb/v7e-m/fpv4-sp/softfp/libcr_c.a(_deferredlazyseek.o)
 .ARM.attributes
                0x00000000000005cd       0x37 /usr/local/mcuxpresso-ide/ide/tools/bin/../lib/gcc/arm-none-eabi/7.2.1/../../../../arm-none-eabi/lib/thumb/v7e-m/fpv4-sp/softfp/libcr_c.a(_fdopen.o)
 .ARM.attributes
                0x0000000000000604       0x37 /usr/local/mcuxpresso-ide/ide/tools/bin/../lib/gcc/arm-none-eabi/7.2.1/../../../../arm-none-eabi/lib/thumb/v7e-m/fpv4-sp/softfp/libcr_c.a(_fflush.o)
 .ARM.attributes
                0x000000000000063b       0x37 /usr/local/mcuxpresso-ide/ide/tools/bin/../lib/gcc/arm-none-eabi/7.2.1/../../../../arm-none-eabi/lib/thumb/v7e-m/fpv4-sp/softfp/libcr_c.a(_frexpl.o)
 .ARM.attributes
                0x0000000000000672       0x37 /usr/local/mcuxpresso-ide/ide/tools/bin/../lib/gcc/arm-none-eabi/7.2.1/../../../../arm-none-eabi/lib/thumb/v7e-m/fpv4-sp/softfp/libcr_c.a(_ldexpl.o)
 .ARM.attributes
                0x00000000000006a9       0x37 /usr/local/mcuxpresso-ide/ide/tools/bin/../lib/gcc/arm-none-eabi/7.2.1/../../../../arm-none-eabi/lib/thumb/v7e-m/fpv4-sp/softfp/libcr_c.a(_writebuf.o)
 .ARM.attributes
                0x00000000000006e0       0x37 /usr/local/mcuxpresso-ide/ide/tools/bin/../lib/gcc/arm-none-eabi/7.2.1/../../../../arm-none-eabi/lib/thumb/v7e-m/fpv4-sp/softfp/libcr_c.a(errno.o)
 .ARM.attributes
                0x0000000000000717       0x37 /usr/local/mcuxpresso-ide/ide/tools/bin/../lib/gcc/arm-none-eabi/7.2.1/../../../../arm-none-eabi/lib/thumb/v7e-m/fpv4-sp/softfp/libcr_c.a(fclose.o)
 .ARM.attributes
                0x000000000000074e       0x37 /usr/local/mcuxpresso-ide/ide/tools/bin/../lib/gcc/arm-none-eabi/7.2.1/../../../../arm-none-eabi/lib/thumb/v7e-m/fpv4-sp/softfp/libcr_c.a(fflush.o)
 .ARM.attributes
                0x0000000000000785       0x37 /usr/local/mcuxpresso-ide/ide/tools/bin/../lib/gcc/arm-none-eabi/7.2.1/../../../../arm-none-eabi/lib/thumb/v7e-m/fpv4-sp/softfp/libcr_c.a(fseek.o)
 .ARM.attributes
                0x00000000000007bc       0x37 /usr/local/mcuxpresso-ide/ide/tools/bin/../lib/gcc/arm-none-eabi/7.2.1/../../../../arm-none-eabi/lib/thumb/v7e-m/fpv4-sp/softfp/libcr_c.a(ftell.o)
 .ARM.attributes
                0x00000000000007f3       0x37 /usr/local/mcuxpresso-ide/ide/tools/bin/../lib/gcc/arm-none-eabi/7.2.1/../../../../arm-none-eabi/lib/thumb/v7e-m/fpv4-sp/softfp/libcr_c.a(remove.o)
 .ARM.attributes
                0x000000000000082a       0x37 /usr/local/mcuxpresso-ide/ide/tools/bin/../lib/gcc/arm-none-eabi/7.2.1/../../../../arm-none-eabi/lib/thumb/v7e-m/fpv4-sp/softfp/libcr_c.a(_cr_check_heap.o)
 .ARM.attributes
                0x0000000000000861       0x37 /usr/local/mcuxpresso-ide/ide/tools/bin/../lib/gcc/arm-none-eabi/7.2.1/../../../../arm-none-eabi/lib/thumb/v7e-m/fpv4-sp/softfp/libcr_c.a(_do_fflush.o)
 .ARM.attributes
                0x0000000000000898       0x37 /usr/local/mcuxpresso-ide/ide/tools/bin/../lib/gcc/arm-none-eabi/7.2.1/../../../../arm-none-eabi/lib/thumb/v7e-m/fpv4-sp/softfp/libcr_c.a(_hugeval.o)
 .ARM.attributes
                0x00000000000008cf       0x25 /usr/local/mcuxpresso-ide/ide/tools/bin/../lib/gcc/arm-none-eabi/7.2.1/thumb/v7e-m/fpv4-sp/softfp/libcr_eabihelpers.a(division_64.o)
 .ARM.attributes
                0x00000000000008f4       0x25 /usr/local/mcuxpresso-ide/ide/tools/bin/../lib/gcc/arm-none-eabi/7.2.1/thumb/v7e-m/fpv4-sp/softfp/libcr_eabihelpers.a(division_idiv0.o)
 .ARM.attributes
                0x0000000000000919       0x37 /usr/local/mcuxpresso-ide/ide/tools/bin/../lib/gcc/arm-none-eabi/7.2.1/thumb/v7e-m/fpv4-sp/softfp/libcr_eabihelpers.a(double.o)
 .ARM.attributes
                0x0000000000000950       0x25 /usr/local/mcuxpresso-ide/ide/tools/bin/../lib/gcc/arm-none-eabi/7.2.1/thumb/v7e-m/fpv4-sp/softfp/libcr_eabihelpers.a(memcpy.o)
 .ARM.attributes