Archive member included to satisfy reference by file (symbol)

/home/shoop/Documents/MCUXpresso_10.2.0_759/workspace/lpc_board_nxp_lpcxpresso_4337_m0/Debug/liblpc_board_nxp_lpcxpresso_4337_m0.a(board.o)
                              ./dualcore_common/ipc_msg.o (Board_UARTPutSTR)
/home/shoop/Documents/MCUXpresso_10.2.0_759/workspace/lpc_board_nxp_lpcxpresso_4337_m0/Debug/liblpc_board_nxp_lpcxpresso_4337_m0.a(wm8904.o)
                              /home/shoop/Documents/MCUXpresso_10.2.0_759/workspace/lpc_board_nxp_lpcxpresso_4337_m0/Debug/liblpc_board_nxp_lpcxpresso_4337_m0.a(board.o) (WM8904_Init)
/home/shoop/Documents/MCUXpresso_10.2.0_759/workspace/lpc_chip_43xx_m0/Debug/liblpc_chip_43xx_m0.a(chip_18xx_43xx.o)
                              ./src/dualcore_blinky.o (SystemCoreClock)
/home/shoop/Documents/MCUXpresso_10.2.0_759/workspace/lpc_chip_43xx_m0/Debug/liblpc_chip_43xx_m0.a(clock_18xx_43xx.o)
                              /home/shoop/Documents/MCUXpresso_10.2.0_759/workspace/lpc_chip_43xx_m0/Debug/liblpc_chip_43xx_m0.a(chip_18xx_43xx.o) (Chip_Clock_GetClockInputHz)
/home/shoop/Documents/MCUXpresso_10.2.0_759/workspace/lpc_chip_43xx_m0/Debug/liblpc_chip_43xx_m0.a(gpio_18xx_43xx.o)
                              /home/shoop/Documents/MCUXpresso_10.2.0_759/workspace/lpc_board_nxp_lpcxpresso_4337_m0/Debug/liblpc_board_nxp_lpcxpresso_4337_m0.a(board.o) (Chip_GPIO_Init)
/home/shoop/Documents/MCUXpresso_10.2.0_759/workspace/lpc_chip_43xx_m0/Debug/liblpc_chip_43xx_m0.a(i2c_18xx_43xx.o)
                              /home/shoop/Documents/MCUXpresso_10.2.0_759/workspace/lpc_board_nxp_lpcxpresso_4337_m0/Debug/liblpc_board_nxp_lpcxpresso_4337_m0.a(wm8904.o) (Chip_I2C_EventHandlerPolling)
/home/shoop/Documents/MCUXpresso_10.2.0_759/workspace/lpc_chip_43xx_m0/Debug/liblpc_chip_43xx_m0.a(ssp_18xx_43xx.o)
                              /home/shoop/Documents/MCUXpresso_10.2.0_759/workspace/lpc_board_nxp_lpcxpresso_4337_m0/Debug/liblpc_board_nxp_lpcxpresso_4337_m0.a(board.o) (Chip_SSP_WriteFrames_Blocking)
/home/shoop/Documents/MCUXpresso_10.2.0_759/workspace/lpc_chip_43xx_m0/Debug/liblpc_chip_43xx_m0.a(uart_18xx_43xx.o)
                              /home/shoop/Documents/MCUXpresso_10.2.0_759/workspace/lpc_board_nxp_lpcxpresso_4337_m0/Debug/liblpc_board_nxp_lpcxpresso_4337_m0.a(board.o) (Chip_UART_Init)
/home/shoop/Documents/MCUXpresso_10.2.0_759/workspace/lpc_chip_43xx_m0/Debug/liblpc_chip_43xx_m0.a(ring_buffer.o)
                              /home/shoop/Documents/MCUXpresso_10.2.0_759/workspace/lpc_chip_43xx_m0/Debug/liblpc_chip_43xx_m0.a(uart_18xx_43xx.o) (RingBuffer_Insert)
/usr/local/mcuxpresso-ide/ide/tools/bin/../lib/gcc/arm-none-eabi/7.2.1/../../../../arm-none-eabi/lib/thumb/v6-m/libcr_nohost.a(_cr__main.o)
                              ./src/cr_startup_lpc43xx-m0app.o (__main)
/usr/local/mcuxpresso-ide/ide/tools/bin/../lib/gcc/arm-none-eabi/7.2.1/../../../../arm-none-eabi/lib/thumb/v6-m/libcr_c.a(memcpy.o)
                              ./freertos/queue.o (memcpy)
/usr/local/mcuxpresso-ide/ide/tools/bin/../lib/gcc/arm-none-eabi/7.2.1/../../../../arm-none-eabi/lib/thumb/v6-m/libcr_c.a(memset.o)
                              ./freertos/tasks.o (memset)
/usr/local/mcuxpresso-ide/ide/tools/bin/../lib/gcc/arm-none-eabi/7.2.1/../../../../arm-none-eabi/lib/thumb/v6-m/libcr_c.a(alloc.o)
                              ./freertos/heap_3.o (malloc)
/usr/local/mcuxpresso-ide/ide/tools/bin/../lib/gcc/arm-none-eabi/7.2.1/../../../../arm-none-eabi/lib/thumb/v6-m/libcr_c.a(initio.o)
                              /usr/local/mcuxpresso-ide/ide/tools/bin/../lib/gcc/arm-none-eabi/7.2.1/../../../../arm-none-eabi/lib/thumb/v6-m/libcr_nohost.a(_cr__main.o) (_initio)
/usr/local/mcuxpresso-ide/ide/tools/bin/../lib/gcc/arm-none-eabi/7.2.1/../../../../arm-none-eabi/lib/thumb/v6-m/libcr_c.a(memcmp.o)
                              ./freertos/tasks.o (memcmp)
/usr/local/mcuxpresso-ide/ide/tools/bin/../lib/gcc/arm-none-eabi/7.2.1/../../../../arm-none-eabi/lib/thumb/v6-m/libcr_c.a(setvbuf.o)
                              /usr/local/mcuxpresso-ide/ide/tools/bin/../lib/gcc/arm-none-eabi/7.2.1/../../../../arm-none-eabi/lib/thumb/v6-m/libcr_c.a(initio.o) (setvbuf)
/usr/local/mcuxpresso-ide/ide/tools/bin/../lib/gcc/arm-none-eabi/7.2.1/../../../../arm-none-eabi/lib/thumb/v6-m/libcr_c.a(__init_alloc.o)
                              /usr/local/mcuxpresso-ide/ide/tools/bin/../lib/gcc/arm-none-eabi/7.2.1/../../../../arm-none-eabi/lib/thumb/v6-m/libcr_c.a(alloc.o) (__heaps)
/usr/local/mcuxpresso-ide/ide/tools/bin/../lib/gcc/arm-none-eabi/7.2.1/../../../../arm-none-eabi/lib/thumb/v6-m/libcr_c.a(_cr_sbrk.o)
                              /usr/local/mcuxpresso-ide/ide/tools/bin/../lib/gcc/arm-none-eabi/7.2.1/../../../../arm-none-eabi/lib/thumb/v6-m/libcr_c.a(alloc.o) (_sbrk)
/usr/local/mcuxpresso-ide/ide/tools/bin/../lib/gcc/arm-none-eabi/7.2.1/../../../../arm-none-eabi/lib/thumb/v6-m/libcr_c.a(_fdopen.o)
[...]
Memory Configuration

Name             Origin             Length             Attributes
MFlashB512       0x000000001b000000 0x0000000000080000 xr
RamLoc32         0x0000000010000000 0x0000000000008000 xrw
RamLoc40         0x0000000010080000 0x000000000000a000 xrw
RamAHB32         0x0000000020000000 0x0000000000008000 xrw
RamAHB16         0x0000000020008000 0x0000000000004000 xrw
RamAHB_ETB16     0x000000002000c000 0x0000000000004000 xrw
*default*        0x0000000000000000 0xffffffffffffffff

Linker script and memory map

LOAD ./src/cr_startup_lpc43xx-m0app.o
LOAD ./src/dualcore_blinky.o
LOAD ./src/sysinit.o
LOAD ./freertos/FreeRTOSCommonHooks.o
LOAD ./freertos/FreeRTOS_lpc43xx_m0_Tick.o
LOAD ./freertos/croutine.o
LOAD ./freertos/heap_3.o
LOAD ./freertos/list.o
LOAD ./freertos/port.o
LOAD ./freertos/queue.o
LOAD ./freertos/tasks.o
LOAD ./freertos/timers.o
LOAD ./dualcore_common/ipc_example.o
LOAD ./dualcore_common/ipc_msg.o
LOAD ./dualcore_common/m0_img_ldr.o
LOAD ./dualcore_common/main.o
LOAD /home/shoop/Documents/MCUXpresso_10.2.0_759/workspace/lpc_board_nxp_lpcxpresso_4337_m0/Debug/liblpc_board_nxp_lpcxpresso_4337_m0.a
LOAD /home/shoop/Documents/MCUXpresso_10.2.0_759/workspace/lpc_chip_43xx_m0/Debug/liblpc_chip_43xx_m0.a
START GROUP
LOAD /usr/local/mcuxpresso-ide/ide/tools/bin/../lib/gcc/arm-none-eabi/7.2.1/../../../../arm-none-eabi/lib/thumb/v6-m/libcr_nohost.a
LOAD /usr/local/mcuxpresso-ide/ide/tools/bin/../lib/gcc/arm-none-eabi/7.2.1/../../../../arm-none-eabi/lib/thumb/v6-m/libcr_c.a
LOAD /usr/local/mcuxpresso-ide/ide/tools/bin/../lib/gcc/arm-none-eabi/7.2.1/thumb/v6-m/libcr_eabihelpers.a
END GROUP
                0x000000001b000000                __base_MFlashB512 = 0x1b000000
                0x000000001b000000                __base_Flash = 0x1b000000
                0x000000001b080000                __top_MFlashB512 = 0x1b080000
                0x000000001b080000                __top_Flash = 0x1b080000
                0x0000000010000000                __base_RamLoc32 = 0x10000000
                0x0000000010000000                __base_RAM = 0x10000000
                0x0000000010008000                __top_RamLoc32 = 0x10008000
                0x0000000010008000                __top_RAM = 0x10008000
                0x0000000010080000                __base_RamLoc40 = 0x10080000
                0x0000000010080000                __base_RAM2 = 0x10080000
                0x000000001008a000                __top_RamLoc40 = 0x1008a000
                0x000000001008a000                __top_RAM2 = 0x1008a000
                0x0000000020000000                __base_RamAHB32 = 0x20000000
                0x0000000020000000                __base_RAM3 = 0x20000000
                0x0000000020008000                __top_RamAHB32 = 0x20008000
                0x0000000020008000                __top_RAM3 = 0x20008000
                0x0000000020008000                __base_RamAHB16 = 0x20008000
                0x0000000020008000                __base_RAM4 = 0x20008000
                0x000000002000c000                __top_RamAHB16 = 0x2000c000
                0x000000002000c000                __top_RAM4 = 0x2000c000
                0x000000002000c000                __base_RamAHB_ETB16 = 0x2000c000
                0x000000002000c000                __base_RAM5 = 0x2000c000
                0x0000000020010000                __top_RamAHB_ETB16 = 0x20010000
                0x0000000020010000                __top_RAM5 = 0x20010000

.text           0x000000001b000000     0x19b8
 FILL mask 0xff
                0x000000001b000000                __vectors_start__ = ABSOLUTE (.)
 *(.isr_vector)
 .isr_vector    0x000000001b000000       0xc0 ./src/cr_startup_lpc43xx-m0app.o
                0x000000001b000000                g_pfnVectors
                0x000000001b0000c0                . = ALIGN (0x4)
                0x000000001b0000c0                __section_table_start = .
                0x000000001b0000c0                __data_section_table = .
                0x000000001b0000c0        0x4 LONG 0x1b0019b8 LOADADDR (.data)
                0x000000001b0000c4        0x4 LONG 0x10000000 ADDR (.data)
                0x000000001b0000c8        0x4 LONG 0x8 SIZEOF (.data)
                0x000000001b0000cc        0x4 LONG 0x1b0019b8 LOADADDR (.data_RAM2)
                0x000000001b0000d0        0x4 LONG 0x10080000 ADDR (.data_RAM2)
                0x000000001b0000d4        0x4 LONG 0x0 SIZEOF (.data_RAM2)
                0x000000001b0000d8        0x4 LONG 0x1b0019b8 LOADADDR (.data_RAM3)
                0x000000001b0000dc        0x4 LONG 0x20000000 ADDR (.data_RAM3)
                0x000000001b0000e0        0x4 LONG 0x0 SIZEOF (.data_RAM3)
                0x000000001b0000e4        0x4 LONG 0x1b0019b8 LOADADDR (.data_RAM4)
                0x000000001b0000e8        0x4 LONG 0x20008000 ADDR (.data_RAM4)
                0x000000001b0000ec        0x4 LONG 0x0 SIZEOF (.data_RAM4)
                0x000000001b0000f0        0x4 LONG 0x1b0019b8 LOADADDR (.data_RAM5)
                0x000000001b0000f4        0x4 LONG 0x2000c000 ADDR (.data_RAM5)
                0x000000001b0000f8        0x4 LONG 0x0 SIZEOF (.data_RAM5)
                0x000000001b0000fc                __data_section_table_end = .
                0x000000001b0000fc                __bss_section_table = .
                0x000000001b0000fc        0x4 LONG 0x10000008 ADDR (.bss)
                0x000000001b000100        0x4 LONG 0x520 SIZEOF (.bss)
                0x000000001b000104        0x4 LONG 0x10080000 ADDR (.bss_RAM2)
                0x000000001b000108        0x4 LONG 0x0 SIZEOF (.bss_RAM2)
                0x000000001b00010c        0x4 LONG 0x20000000 ADDR (.bss_RAM3)
                0x000000001b000110        0x4 LONG 0x0 SIZEOF (.bss_RAM3)
                0x000000001b000114        0x4 LONG 0x20008000 ADDR (.bss_RAM4)
                0x000000001b000118        0x4 LONG 0x0 SIZEOF (.bss_RAM4)
                0x000000001b00011c        0x4 LONG 0x2000c000 ADDR (.bss_RAM5)
                0x000000001b000120        0x4 LONG 0x0 SIZEOF (.bss_RAM5)
                0x000000001b000124                __bss_section_table_end = .
                0x000000001b000124                __section_table_end = .
 *(.after_vectors*)
 .after_vectors
                0x000000001b000124       0x92 ./src/cr_startup_lpc43xx-m0app.o
                0x000000001b000124                data_init
                0x000000001b000164                bss_init
                0x000000001b000198                NMI_Handler
                0x000000001b00019e                HardFault_Handler
                0x000000001b0001b0                I2C0_IRQHandler
                0x000000001b0001b0                SPIFI_ADCHS_IRQHandler
                0x000000001b0001b0                SDIO_IRQHandler
                0x000000001b0001b0                UART1_IRQHandler
                0x000000001b0001b0                USB1_IRQHandler
                0x000000001b0001b0                TIMER3_IRQHandler
                0x000000001b0001b0                UART0_IRQHandler
                0x000000001b0001b0                SGPIO_IRQHandler
                0x000000001b0001b0                ADC0_IRQHandler
                0x000000001b0001b0                IntDefaultHandler
                0x000000001b0001b0                SSP0_SSP1_IRQHandler
                0x000000001b0001b0                ADC1_IRQHandler
                0x000000001b0001b0                RIT_WDT_IRQHandler
                0x000000001b0001b0                FLASH_EEPROM_ATIMER_IRQHandler
                0x000000001b0001b0                RTC_IRQHandler
                0x000000001b0001b0                TIMER0_IRQHandler
                0x000000001b0001b0                LCD_IRQHandler
                0x000000001b0001b0                UART2_IRQHandler
                0x000000001b0001b0                I2S0_I2S1_QEI_IRQHandler
                0x000000001b0001b0                USB0_IRQHandler
                0x000000001b0001b0                SCT_IRQHandler
                0x000000001b0001b0                SPI_DAC_IRQHandler
                0x000000001b0001b0                ETH_IRQHandler
                0x000000001b0001b0                CAN0_IRQHandler
                0x000000001b0001b0                M0SUB_IRQHandler
                0x000000001b0001b0                DMA_IRQHandler
                0x000000001b0001b0                EVRT_IRQHandler
                0x000000001b0001b0                UART3_IRQHandler
                0x000000001b0001b0                MCPWM_IRQHandler
                0x000000001b0001b0                GINT1_IRQHandler
                0x000000001b0001b0                GPIO4_IRQHandler
 *(.text*)
 *fill*         0x000000001b0001b6        0x2 ff
 .text.ResetISR
                0x000000001b0001b8       0x8c ./src/cr_startup_lpc43xx-m0app.o
                0x000000001b0001b8                ResetISR
 .text.Chip_RIT_GetCounter
                0x000000001b000244       0x14 ./src/dualcore_blinky.o
 .text.blink_delay
                0x000000001b000258       0xb4 ./src/dualcore_blinky.o
 .text.LED_blinkProc
                0x000000001b00030c       0x2a ./src/dualcore_blinky.o
 *fill*         0x000000001b000336        0x2 ff
 .text.LED_Event_Task
                0x000000001b000338       0x40 ./src/dualcore_blinky.o
 .text.blinky_tasks
                0x000000001b000378       0x10 ./src/dualcore_blinky.o
                0x000000001b000378                blinky_tasks
 .text.BLINKY_Init
                0x000000001b000388       0x18 ./src/dualcore_blinky.o
                0x000000001b000388                BLINKY_Init
 .text.vApplicationStackOverflowHook
                0x000000001b0003a0       0x10 ./freertos/FreeRTOSCommonHooks.o
                0x000000001b0003a0                vApplicationStackOverflowHook
 .text.SVC_Handler
                0x000000001b0003b0        0xa ./freertos/port.o
                0x000000001b0003b0                SVC_Handler
 *fill*         0x000000001b0003ba        0x2 ff
 .text.PendSV_Handler
                0x000000001b0003bc       0x48 ./freertos/port.o
                0x000000001b0003bc                PendSV_Handler
 .text.vTaskSwitchContext
                0x000000001b000404       0xec ./freertos/tasks.o
                0x000000001b000404                vTaskSwitchContext
 .text.IPC_tryPushMsg
                0x000000001b0004f0       0x1c ./dualcore_common/ipc_example.o
 .text.IPC_tryPopMsg
                0x000000001b00050c       0x1c ./dualcore_common/ipc_example.o
 .text.IPC_popMsg
                0x000000001b000528       0x20 ./dualcore_common/ipc_example.o
 .text.ipcex_dispatch_task
                0x000000001b000548       0x74 ./dualcore_common/ipc_example.o
 .text.ipcex_updateGblVal
                0x000000001b0005bc       0x50 ./dualcore_common/ipc_example.o
 .text.ipcex_freeMem
                0x000000001b00060c       0x18 ./dualcore_common/ipc_example.o
 .text.ipcex_register_callback
                0x000000001b000624       0x2c ./dualcore_common/ipc_example.o
                0x000000001b000624                ipcex_register_callback
 .text.ipcex_tasks
                0x000000001b000650       0x10 ./dualcore_common/ipc_example.o
                0x000000001b000650                ipcex_tasks
 .text.IPCEX_Init
                0x000000001b000660       0x38 ./dualcore_common/ipc_example.o
                0x000000001b000660                IPCEX_Init
 .text.ipcex_msgPush
                0x000000001b000698       0x2a ./dualcore_common/ipc_example.o
                0x000000001b000698                ipcex_msgPush
 *fill*         0x000000001b0006c2        0x2 ff
 .text.NVIC_EnableIRQ
                0x000000001b0006c4       0x2c ./dualcore_common/ipc_msg.o
 .text.NVIC_SetPriority
                0x000000001b0006f0       0xdc ./dualcore_common/ipc_msg.o
 .text.Chip_CREG_ClearM4Event
                0x000000001b0007cc       0x18 ./dualcore_common/ipc_msg.o
 .text.Chip_RIT_GetCounter
                0x000000001b0007e4       0x14 ./dualcore_common/ipc_msg.o
 .text.os_event_handler
                0x000000001b0007f8        0xa ./dualcore_common/ipc_msg.o
 .text.ipc_misc_init
                0x000000001b000802        0xa ./dualcore_common/ipc_msg.o
 .text.ipc_send_signal
                0x000000001b00080c       0x10 ./dualcore_common/ipc_msg.o
 .text.IPC_initMsgQueue
                0x000000001b00081c       0x94 ./dualcore_common/ipc_msg.o
                0x000000001b00081c                IPC_initMsgQueue
 .text.IPC_pushMsgTout
                0x000000001b0008b0      0x14c ./dualcore_common/ipc_msg.o
                0x000000001b0008b0                IPC_pushMsgTout
 .text.IPC_popMsgTout
                0x000000001b0009fc      0x128 ./dualcore_common/ipc_msg.o
                0x000000001b0009fc                IPC_popMsgTout
 .text.EVENT_IPC_Receive
                0x000000001b000b24        0xa ./dualcore_common/ipc_msg.o
                0x000000001b000b24                EVENT_IPC_Receive
 .text.M4_IRQHandler
                0x000000001b000b2e       0x16 ./dualcore_common/ipc_msg.o
                0x000000001b000b2e                M4_IRQHandler
 .text.prvSetupHardware
                0x000000001b000b44       0x16 ./dualcore_common/main.o
 *fill*         0x000000001b000b5a        0x2 ff
 .text.main_tasks
                0x000000001b000b5c       0x28 ./dualcore_common/main.o
 .text.main     0x000000001b000b84       0x20 ./dualcore_common/main.o
                0x000000001b000b84                main
 .text.Chip_GPIO_SetPinState
                0x000000001b000ba4       0x3e /home/shoop/Documents/MCUXpresso_10.2.0_759/workspace/lpc_board_nxp_lpcxpresso_4337_m0/Debug/liblpc_board_nxp_lpcxpresso_4337_m0.a(board.o)
 .text.Chip_UART_SendByte
                0x000000001b000be2       0x1e /home/shoop/Documents/MCUXpresso_10.2.0_759/workspace/lpc_board_nxp_lpcxpresso_4337_m0/Debug/liblpc_board_nxp_lpcxpresso_4337_m0.a(board.o)
 .text.Chip_UART_ReadLineStatus
                0x000000001b000c00       0x14 /home/shoop/Documents/MCUXpresso_10.2.0_759/workspace/lpc_board_nxp_lpcxpresso_4337_m0/Debug/liblpc_board_nxp_lpcxpresso_4337_m0.a(board.o)
 .text.__sys_write
                0x000000001b000c14       0x38 /home/shoop/Documents/MCUXpresso_10.2.0_759/workspace/lpc_board_nxp_lpcxpresso_4337_m0/Debug/liblpc_board_nxp_lpcxpresso_4337_m0.a(board.o)
                0x000000001b000c14                __sys_write
 .text.Board_UARTPutChar
                0x000000001b000c4c       0x38 /home/shoop/Documents/MCUXpresso_10.2.0_759/workspace/lpc_board_nxp_lpcxpresso_4337_m0/Debug/liblpc_board_nxp_lpcxpresso_4337_m0.a(board.o)
                0x000000001b000c4c                Board_UARTPutChar
 .text.Board_UARTPutSTR
                0x000000001b000c84       0x28 /home/shoop/Documents/MCUXpresso_10.2.0_759/workspace/lpc_board_nxp_lpcxpresso_4337_m0/Debug/liblpc_board_nxp_lpcxpresso_4337_m0.a(board.o)
                0x000000001b000c84                Board_UARTPutSTR
 .text.Board_LED_Set
                0x000000001b000cac       0x58 /home/shoop/Documents/MCUXpresso_10.2.0_759/workspace/lpc_board_nxp_lpcxpresso_4337_m0/Debug/liblpc_board_nxp_lpcxpresso_4337_m0.a(board.o)
                0x000000001b000cac                Board_LED_Set
 .text.SystemCoreClockUpdate
                0x000000001b000d04       0x1c /home/shoop/Documents/MCUXpresso_10.2.0_759/workspace/lpc_chip_43xx_m0/Debug/liblpc_chip_43xx_m0.a(chip_18xx_43xx.o)
                0x000000001b000d04                SystemCoreClockUpdate
 .text.Chip_Clock_GetDivRate
                0x000000001b000d20       0x54 /home/shoop/Documents/MCUXpresso_10.2.0_759/workspace/lpc_chip_43xx_m0/Debug/liblpc_chip_43xx_m0.a(clock_18xx_43xx.o)
 .text.Chip_Clock_FindBaseClock
                0x000000001b000d74       0xac /home/shoop/Documents/MCUXpresso_10.2.0_759/workspace/lpc_chip_43xx_m0/Debug/liblpc_chip_43xx_m0.a(clock_18xx_43xx.o)
 .text.Chip_Clock_GetMainPLLHz
                0x000000001b000e20       0xcc /home/shoop/Documents/MCUXpresso_10.2.0_759/workspace/lpc_chip_43xx_m0/Debug/liblpc_chip_43xx_m0.a(clock_18xx_43xx.o)
                0x000000001b000e20                Chip_Clock_GetMainPLLHz
 .text.Chip_Clock_GetDividerSource
                0x000000001b000eec       0x40 /home/shoop/Documents/MCUXpresso_10.2.0_759/workspace/lpc_chip_43xx_m0/Debug/liblpc_chip_43xx_m0.a(clock_18xx_43xx.o)
                0x000000001b000eec                Chip_Clock_GetDividerSource
 .text.Chip_Clock_GetDividerDivisor
                0x000000001b000f2c       0x38 /home/shoop/Documents/MCUXpresso_10.2.0_759/workspace/lpc_chip_43xx_m0/Debug/liblpc_chip_43xx_m0.a(clock_18xx_43xx.o)
                0x000000001b000f2c                Chip_Clock_GetDividerDivisor
 .text.Chip_Clock_GetClockInputHz
                0x000000001b000f64      0x11c /home/shoop/Documents/MCUXpresso_10.2.0_759/workspace/lpc_chip_43xx_m0/Debug/liblpc_chip_43xx_m0.a(clock_18xx_43xx.o)
                0x000000001b000f64                Chip_Clock_GetClockInputHz
 .text.Chip_Clock_GetBaseClocktHz
                0x000000001b001080       0x28 /home/shoop/Documents/MCUXpresso_10.2.0_759/workspace/lpc_chip_43xx_m0/Debug/liblpc_chip_43xx_m0.a(clock_18xx_43xx.o)
                0x000000001b001080                Chip_Clock_GetBaseClocktHz
 .text.Chip_Clock_GetBaseClock
                0x000000001b0010a8       0x50 /home/shoop/Documents/MCUXpresso_10.2.0_759/workspace/lpc_chip_43xx_m0/Debug/liblpc_chip_43xx_m0.a(clock_18xx_43xx.o)
                0x000000001b0010a8                Chip_Clock_GetBaseClock
 .text.Chip_Clock_GetRate
                0x000000001b0010f8       0x9c /home/shoop/Documents/MCUXpresso_10.2.0_759/workspace/lpc_chip_43xx_m0/Debug/liblpc_chip_43xx_m0.a(clock_18xx_43xx.o)
                0x000000001b0010f8                Chip_Clock_GetRate
 .text.__main   0x000000001b001194        0xc /usr/local/mcuxpresso-ide/ide/tools/bin/../lib/gcc/arm-none-eabi/7.2.1/../../../../arm-none-eabi/lib/thumb/v6-m/libcr_nohost.a(_cr__main.o)
                0x000000001b001194                __main
 .text.memcpy   0x000000001b0011a0        0x8 /usr/local/mcuxpresso-ide/ide/tools/bin/../lib/gcc/arm-none-eabi/7.2.1/../../../../arm-none-eabi/lib/thumb/v6-m/libcr_c.a(memcpy.o)
                0x000000001b0011a0                memcpy
 .text.memset   0x000000001b0011a8        0x8 /usr/local/mcuxpresso-ide/ide/tools/bin/../lib/gcc/arm-none-eabi/7.2.1/../../../../arm-none-eabi/lib/thumb/v6-m/libcr_c.a(memset.o)
                0x000000001b0011a8                memset
 .text.free     0x000000001b0011b0       0x2c /usr/local/mcuxpresso-ide/ide/tools/bin/../lib/gcc/arm-none-eabi/7.2.1/../../../../arm-none-eabi/lib/thumb/v6-m/libcr_c.a(alloc.o)
                0x000000001b0011b0                free
 .text._initio  0x000000001b0011dc       0x7c /usr/local/mcuxpresso-ide/ide/tools/bin/../lib/gcc/arm-none-eabi/7.2.1/../../../../arm-none-eabi/lib/thumb/v6-m/libcr_c.a(initio.o)
                0x000000001b0011dc                _initio
 .text.memcmp   0x000000001b001258       0x3a /usr/local/mcuxpresso-ide/ide/tools/bin/../lib/gcc/arm-none-eabi/7.2.1/../../../../arm-none-eabi/lib/thumb/v6-m/libcr_c.a(memcmp.o)
                0x000000001b001258                memcmp
 *fill*         0x000000001b001292        0x2 ff
 .text.setvbuf  0x000000001b001294       0x48 /usr/local/mcuxpresso-ide/ide/tools/bin/../lib/gcc/arm-none-eabi/7.2.1/../../../../arm-none-eabi/lib/thumb/v6-m/libcr_c.a(setvbuf.o)
                0x000000001b001294                setvbuf
 .text._fdopen  0x000000001b0012dc       0x74 /usr/local/mcuxpresso-ide/ide/tools/bin/../lib/gcc/arm-none-eabi/7.2.1/../../../../arm-none-eabi/lib/thumb/v6-m/libcr_c.a(_fdopen.o)
                0x000000001b0012dc                _fdopen
 .text.fclose   0x000000001b001350       0x5c /usr/local/mcuxpresso-ide/ide/tools/bin/../lib/gcc/arm-none-eabi/7.2.1/../../../../arm-none-eabi/lib/thumb/v6-m/libcr_c.a(fclose.o)
                0x000000001b001350                fclose
 .text.fflush   0x000000001b0013ac       0x44 /usr/local/mcuxpresso-ide/ide/tools/bin/../lib/gcc/arm-none-eabi/7.2.1/../../../../arm-none-eabi/lib/thumb/v6-m/libcr_c.a(fflush.o)
                0x000000001b0013ac                fflush
 .text.fseek    0x000000001b0013f0       0xf0 /usr/local/mcuxpresso-ide/ide/tools/bin/../lib/gcc/arm-none-eabi/7.2.1/../../../../arm-none-eabi/lib/thumb/v6-m/libcr_c.a(fseek.o)
                0x000000001b0013f0                fseek
 .text.ftell    0x000000001b0014e0       0x48 /usr/local/mcuxpresso-ide/ide/tools/bin/../lib/gcc/arm-none-eabi/7.2.1/../../../../arm-none-eabi/lib/thumb/v6-m/libcr_c.a(ftell.o)
                0x000000001b0014e0                ftell
 .text.remove   0x000000001b001528       0x12 /usr/local/mcuxpresso-ide/ide/tools/bin/../lib/gcc/arm-none-eabi/7.2.1/../../../../arm-none-eabi/lib/thumb/v6-m/libcr_c.a(remove.o)
                0x000000001b001528                remove
 *fill*         0x000000001b00153a        0x2 ff
 .text.strlen   0x000000001b00153c       0x58 /usr/local/mcuxpresso-ide/ide/tools/bin/../lib/gcc/arm-none-eabi/7.2.1/../../../../arm-none-eabi/lib/thumb/v6-m/libcr_c.a(strlen.o)
                0x000000001b00153c                strlen
 .text._do_fflush
                0x000000001b001594       0x44 /usr/local/mcuxpresso-ide/ide/tools/bin/../lib/gcc/arm-none-eabi/7.2.1/../../../../arm-none-eabi/lib/thumb/v6-m/libcr_c.a(_do_fflush.o)
                0x000000001b001594                _do_fflush
 .text._fflush  0x000000001b0015d8       0x5c /usr/local/mcuxpresso-ide/ide/tools/bin/../lib/gcc/arm-none-eabi/7.2.1/../../../../arm-none-eabi/lib/thumb/v6-m/libcr_c.a(_fflush.o)
                0x000000001b0015d8                _fflush
 .text._Cwritebuf
                0x000000001b001634       0x68 /usr/local/mcuxpresso-ide/ide/tools/bin/../lib/gcc/arm-none-eabi/7.2.1/../../../../arm-none-eabi/lib/thumb/v6-m/libcr_c.a(_writebuf.o)
                0x000000001b001634                _Cwritebuf
 .text._deferredlazyseek
                0x000000001b00169c       0x40 /usr/local/mcuxpresso-ide/ide/tools/bin/../lib/gcc/arm-none-eabi/7.2.1/../../../../arm-none-eabi/lib/thumb/v6-m/libcr_c.a(_deferredlazyseek.o)
                0x000000001b00169c                _deferredlazyseek
 .text.__aeabi_division_idivmod
                0x000000001b0016dc       0x78 /usr/local/mcuxpresso-ide/ide/tools/bin/../lib/gcc/arm-none-eabi/7.2.1/thumb/v6-m/libcr_eabihelpers.a(division_32.o)
                0x000000001b0016dc                __aeabi_idiv
                0x000000001b0016dc                __aeabi_idivmod
                0x000000001b0016e2                __aeabi_uidiv
                0x000000001b0016e2                __aeabi_uidivmod
 .text.__aeabi_division_idiv0
                0x000000001b001754        0x2 /usr/local/mcuxpresso-ide/ide/tools/bin/../lib/gcc/arm-none-eabi/7.2.1/thumb/v6-m/libcr_eabihelpers.a(division_idiv0.o)
                0x000000001b001754                __aeabi_idiv0
 .text.__aeabi_memcpy
                0x000000001b001756       0x2c /usr/local/mcuxpresso-ide/ide/tools/bin/../lib/gcc/arm-none-eabi/7.2.1/thumb/v6-m/libcr_eabihelpers.a(memcpy.o)
                0x000000001b001756                __aeabi_memcpy
                0x000000001b001756                __aeabi_memcpy4
                0x000000001b001756                __aeabi_memcpy8
 .text.__aeabi_memset_lowlevel
                0x000000001b001782       0x2a /usr/local/mcuxpresso-ide/ide/tools/bin/../lib/gcc/arm-none-eabi/7.2.1/thumb/v6-m/libcr_eabihelpers.a(memcpy.o)
                0x000000001b001782                __aeabi_lowlevel_memset
 .text.__sys_close
                0x000000001b0017ac        0x6 /usr/local/mcuxpresso-ide/ide/tools/bin/../lib/gcc/arm-none-eabi/7.2.1/../../../../arm-none-eabi/lib/thumb/v6-m/libcr_nohost.a(__sys_close.o)
                0x000000001b0017ac                __sys_close
 .text.__sys_flen
                0x000000001b0017b2        0x6 /usr/local/mcuxpresso-ide/ide/tools/bin/../lib/gcc/arm-none-eabi/7.2.1/../../../../arm-none-eabi/lib/thumb/v6-m/libcr_nohost.a(__sys_flen.o)
                0x000000001b0017b2                __sys_flen
 .text.__sys_istty
                0x000000001b0017b8        0x6 /usr/local/mcuxpresso-ide/ide/tools/bin/../lib/gcc/arm-none-eabi/7.2.1/../../../../arm-none-eabi/lib/thumb/v6-m/libcr_nohost.a(__sys_istty.o)
                0x000000001b0017b8                __sys_istty
 .text.__sys_remove
                0x000000001b0017be        0x6 /usr/local/mcuxpresso-ide/ide/tools/bin/../lib/gcc/arm-none-eabi/7.2.1/../../../../arm-none-eabi/lib/thumb/v6-m/libcr_nohost.a(__sys_remove.o)
                0x000000001b0017be                __sys_remove
 .text.__sys_seek
                0x000000001b0017c4        0x6 /usr/local/mcuxpresso-ide/ide/tools/bin/../lib/gcc/arm-none-eabi/7.2.1/../../../../arm-none-eabi/lib/thumb/v6-m/libcr_nohost.a(__sys_seek.o)
                0x000000001b0017c4                __sys_seek
 .text.__sys_tmpnam
                0x000000001b0017ca        0x6 /usr/local/mcuxpresso-ide/ide/tools/bin/../lib/gcc/arm-none-eabi/7.2.1/../../../../arm-none-eabi/lib/thumb/v6-m/libcr_nohost.a(__sys_tmpnam.o)
                0x000000001b0017ca                __sys_tmpnam
 *(.rodata .rodata.* .constdata .constdata.*)
 .rodata.ucExpectedStackBytes.9345
                0x000000001b0017d0       0x14 ./freertos/tasks.o
 .rodata        0x000000001b0017e4       0xce ./dualcore_common/ipc_msg.o
 *fill*         0x000000001b0018b2        0x2 ff
 .rodata        0x000000001b0018b4       0x2b ./dualcore_common/main.o
 *fill*         0x000000001b0018df        0x1 ff
 .rodata.ExtRateIn
                0x000000001b0018e0        0x4 /home/shoop/Documents/MCUXpresso_10.2.0_759/workspace/lpc_board_nxp_lpcxpresso_4337_m0/Debug/liblpc_board_nxp_lpcxpresso_4337_m0.a(board.o)
                0x000000001b0018e0                ExtRateIn
 .rodata.OscRateIn
                0x000000001b0018e4        0x4 /home/shoop/Documents/MCUXpresso_10.2.0_759/workspace/lpc_board_nxp_lpcxpresso_4337_m0/Debug/liblpc_board_nxp_lpcxpresso_4337_m0.a(board.o)
                0x000000001b0018e4                OscRateIn
 .rodata.gpioLEDBits
                0x000000001b0018e8        0x6 /home/shoop/Documents/MCUXpresso_10.2.0_759/workspace/lpc_board_nxp_lpcxpresso_4337_m0/Debug/liblpc_board_nxp_lpcxpresso_4337_m0.a(board.o)
 *fill*         0x000000001b0018ee        0x2 ff
 .rodata.periph_to_base
                0x000000001b0018f0       0x6c /home/shoop/Documents/MCUXpresso_10.2.0_759/workspace/lpc_chip_43xx_m0/Debug/liblpc_chip_43xx_m0.a(clock_18xx_43xx.o)
 .rodata        0x000000001b00195c        0xa /home/shoop/Documents/MCUXpresso_10.2.0_759/workspace/lpc_chip_43xx_m0/Debug/liblpc_chip_43xx_m0.a(clock_18xx_43xx.o)
 *fill*         0x000000001b001966        0x2 ff
 .rodata.Chip_Clock_GetClockInputHz
                0x000000001b001968       0x48 /home/shoop/Documents/MCUXpresso_10.2.0_759/workspace/lpc_chip_43xx_m0/Debug/liblpc_chip_43xx_m0.a(clock_18xx_43xx.o)
 .rodata._initio.str1.1
                0x000000001b0019b0        0x4 /usr/local/mcuxpresso-ide/ide/tools/bin/../lib/gcc/arm-none-eabi/7.2.1/../../../../arm-none-eabi/lib/thumb/v6-m/libcr_c.a(initio.o)
 .rodata.__num_Ciob_streams
                0x000000001b0019b4        0x4 /usr/local/mcuxpresso-ide/ide/tools/bin/../lib/gcc/arm-none-eabi/7.2.1/../../../../arm-none-eabi/lib/thumb/v6-m/libcr_nohost.a(__ciob.o)
                0x000000001b0019b4                __num_Ciob_streams
                0x000000001b0019b8                . = ALIGN (0x4)

.glue_7         0x000000001b0019b8        0x0
 .glue_7        0x000000001b0019b8        0x0 linker stubs

.glue_7t        0x000000001b0019b8        0x0
 .glue_7t       0x000000001b0019b8        0x0 linker stubs

.vfp11_veneer   0x000000001b0019b8        0x0
 .vfp11_veneer  0x000000001b0019b8        0x0 linker stubs

.v4_bx          0x000000001b0019b8        0x0
 .v4_bx         0x000000001b0019b8        0x0 linker stubs

.iplt           0x000000001b0019b8        0x0
 .iplt          0x000000001b0019b8        0x0 ./src/cr_startup_lpc43xx-m0app.o

.rel.dyn        0x000000001b0019b8        0x0
 .rel.iplt      0x000000001b0019b8        0x0 ./src/cr_startup_lpc43xx-m0app.o

.ARM.extab
 *(.ARM.extab* .gnu.linkonce.armextab.*)
                0x000000001b0019b8                __exidx_start = .

.ARM.exidx
 *(.ARM.exidx* .gnu.linkonce.armexidx.*)
                0x000000001b0019b8                __exidx_end = .
                0x000000001b0019b8                _etext = .

.data_RAM2      0x0000000010080000        0x0 load address 0x000000001b0019b8
 FILL mask 0xff
                [!provide]                        PROVIDE (__start_data_RAM2, .)
 *(.ramfunc.$RAM2)
 *(.ramfunc.$RamLoc40)
 *(.data.$RAM2*)
 *(.data.$RamLoc40*)
                0x0000000010080000                . = ALIGN (0x4)
                [!provide]                        PROVIDE (__end_data_RAM2, .)

.data_RAM3      0x0000000020000000        0x0 load address 0x000000001b0019b8
 FILL mask 0xff
                [!provide]                        PROVIDE (__start_data_RAM3, .)
 *(.ramfunc.$RAM3)
 *(.ramfunc.$RamAHB32)
 *(.data.$RAM3*)
 *(.data.$RamAHB32*)
                0x0000000020000000                . = ALIGN (0x4)
                [!provide]                        PROVIDE (__end_data_RAM3, .)

.data_RAM4      0x0000000020008000        0x0 load address 0x000000001b0019b8
 FILL mask 0xff
                [!provide]                        PROVIDE (__start_data_RAM4, .)
 *(.ramfunc.$RAM4)
 *(.ramfunc.$RamAHB16)
 *(.data.$RAM4*)
 *(.data.$RamAHB16*)
                0x0000000020008000                . = ALIGN (0x4)
                [!provide]                        PROVIDE (__end_data_RAM4, .)

.data_RAM5      0x000000002000c000        0x0 load address 0x000000001b0019b8
 FILL mask 0xff
                [!provide]                        PROVIDE (__start_data_RAM5, .)
 *(.ramfunc.$RAM5)
 *(.ramfunc.$RamAHB_ETB16)
 *(.data.$RAM5*)
 *(.data.$RamAHB_ETB16*)
                0x000000002000c000                . = ALIGN (0x4)
                [!provide]                        PROVIDE (__end_data_RAM5, .)

.uninit_RESERVED
                0x0000000010000000        0x0
 *(.bss.$RESERVED*)
                0x0000000010000000                . = ALIGN (0x4)
                0x0000000010000000                _end_uninit_RESERVED = .

.data           0x0000000010000000        0x8 load address 0x000000001b0019b8
 FILL mask 0xff
                0x0000000010000000                _data = .
 *(vtable)
 *(.ramfunc*)
 *(.data*)
 .data.qrd      0x0000000010000000        0x4 ./dualcore_common/ipc_msg.o
 .data.qwr      0x0000000010000004        0x4 ./dualcore_common/ipc_msg.o
                0x0000000010000008                . = ALIGN (0x4)
                0x0000000010000008                _edata = .

.igot.plt       0x0000000010000008        0x0 load address 0x000000001b0019c0
 .igot.plt      0x0000000010000008        0x0 ./src/cr_startup_lpc43xx-m0app.o

.bss_RAM2       0x0000000010080000        0x0
                [!provide]                        PROVIDE (__start_bss_RAM2, .)
 *(.bss.$RAM2*)
 *(.bss.$RamLoc40*)
                0x0000000010080000                . = ALIGN ((. != 0x0)?0x4:0x1)
                [!provide]                        PROVIDE (__end_bss_RAM2, .)

.bss_RAM3       0x0000000020000000        0x0
                [!provide]                        PROVIDE (__start_bss_RAM3, .)
 *(.bss.$RAM3*)
 *(.bss.$RamAHB32*)
                0x0000000020000000                . = ALIGN ((. != 0x0)?0x4:0x1)
                [!provide]                        PROVIDE (__end_bss_RAM3, .)

.bss_RAM4       0x0000000020008000        0x0
                [!provide]                        PROVIDE (__start_bss_RAM4, .)
 *(.bss.$RAM4*)
 *(.bss.$RamAHB16*)
                0x0000000020008000                . = ALIGN ((. != 0x0)?0x4:0x1)
                [!provide]                        PROVIDE (__end_bss_RAM4, .)

.bss_RAM5       0x000000002000c000        0x0
                [!provide]                        PROVIDE (__start_bss_RAM5, .)
 *(.bss.$RAM5*)
 *(.bss.$RamAHB_ETB16*)
                0x000000002000c000                . = ALIGN ((. != 0x0)?0x4:0x1)
                [!provide]                        PROVIDE (__end_bss_RAM5, .)

.bss            0x0000000010000008      0x520
                0x0000000010000008                _bss = .
 *(.bss*)
 .bss.init.8795
                0x0000000010000008        0x4 ./src/dualcore_blinky.o
 .bss.final.8794
                0x000000001000000c        0x4 ./src/dualcore_blinky.o
 .bss.blink.8803
                0x0000000010000010        0x4 ./src/dualcore_blinky.o
 .bss.pxCurrentTCB
                0x0000000010000014        0x4 ./freertos/tasks.o
                0x0000000010000014                pxCurrentTCB
 .bss.pxReadyTasksLists
                0x0000000010000018       0xa0 ./freertos/tasks.o
 .bss.uxTopReadyPriority
                0x00000000100000b8        0x4 ./freertos/tasks.o
 .bss.xYieldPending
                0x00000000100000bc        0x4 ./freertos/tasks.o
 .bss.uxSchedulerSuspended
                0x00000000100000c0        0x4 ./freertos/tasks.o
 .bss.ipcex_callback_lookup
                0x00000000100000c4       0x50 ./dualcore_common/ipc_example.o
 .bss.ipcex_queue
                0x0000000010000114      0x200 ./dualcore_common/ipc_example.o
 .bss.gblCfg    0x0000000010000314       0x20 ./dualcore_common/ipc_example.o
 .bss.gblUpdateFn
                0x0000000010000334        0x4 ./dualcore_common/ipc_example.o
 .bss.audio_usb_pll_freq
                0x0000000010000338        0x8 /home/shoop/Documents/MCUXpresso_10.2.0_759/workspace/lpc_chip_43xx_m0/Debug/liblpc_chip_43xx_m0.a(clock_18xx_43xx.o)
 .bss.errno     0x0000000010000340        0x4 /usr/local/mcuxpresso-ide/ide/tools/bin/../lib/gcc/arm-none-eabi/7.2.1/../../../../arm-none-eabi/lib/thumb/v6-m/libcr_c.a(errno.o)
                0x0000000010000340                errno
 .bss.__Ciob    0x0000000010000344      0x1e0 /usr/local/mcuxpresso-ide/ide/tools/bin/../lib/gcc/arm-none-eabi/7.2.1/../../../../arm-none-eabi/lib/thumb/v6-m/libcr_nohost.a(__ciob.o)
                0x0000000010000344                __Ciob
 *(COMMON)
 COMMON         0x0000000010000524        0x4 /home/shoop/Documents/MCUXpresso_10.2.0_759/workspace/lpc_chip_43xx_m0/Debug/liblpc_chip_43xx_m0.a(chip_18xx_43xx.o)
                0x0000000010000524                SystemCoreClock
                0x0000000010000528                . = ALIGN (0x4)
                0x0000000010000528                _ebss = .
                [!provide]                        PROVIDE (end, .)

.noinit_RAM2    0x0000000010080000        0x0
 *(.noinit.$RAM2*)
 *(.noinit.$RamLoc40*)
                0x0000000010080000                . = ALIGN (0x4)

.noinit_RAM3    0x0000000020000000        0x0
 *(.noinit.$RAM3*)
 *(.noinit.$RamAHB32*)
                0x0000000020000000                . = ALIGN (0x4)

.noinit_RAM4    0x0000000020008000        0x0
 *(.noinit.$RAM4*)
 *(.noinit.$RamAHB16*)
                0x0000000020008000                . = ALIGN (0x4)

.noinit_RAM5    0x000000002000c000        0x0
 *(.noinit.$RAM5*)
 *(.noinit.$RamAHB_ETB16*)
                0x000000002000c000                . = ALIGN (0x4)

.noinit         0x0000000010000528        0x0
                0x0000000010000528                _noinit = .
 *(.noinit*)
                0x0000000010000528                . = ALIGN (0x4)
                0x0000000010000528                _end_noinit = .
                0x0000000010000528                PROVIDE (_pvHeapStart, DEFINED (__user_heap_base)?__user_heap_base:.)
                0x0000000010008000                PROVIDE (_vStackTop, DEFINED (__user_stack_top)?__user_stack_top:(__top_RamLoc32 - 0x0))
                0x000000001b000000                _image_start = LOADADDR (.text)
                0x000000001b0019c0                _image_end = (LOADADDR (.data) + SIZEOF (.data))
                0x00000000000019c0                _image_size = (_image_end - _image_start)
OUTPUT(dualcore_freertos_blinky_m0.axf elf32-littlearm)

.debug_info     0x0000000000000000     0x8347
 .debug_info    0x0000000000000000      0x216 ./src/cr_startup_lpc43xx-m0app.o
 .debug_info    0x0000000000000216      0x7f4 ./src/dualcore_blinky.o
 .debug_info    0x0000000000000a0a      0x2b4 ./freertos/FreeRTOSCommonHooks.o
 .debug_info    0x0000000000000cbe      0x842 ./freertos/port.o
 .debug_info    0x0000000000001500     0x1775 ./freertos/tasks.o
 .debug_info    0x0000000000002c75      0x9dc ./dualcore_common/ipc_example.o
 .debug_info    0x0000000000003651      0xf34 ./dualcore_common/ipc_msg.o
 .debug_info    0x0000000000004585      0x300 ./dualcore_common/main.o
 .debug_info    0x0000000000004885     0x1ab7 /home/shoop/Documents/MCUXpresso_10.2.0_759/workspace/lpc_board_nxp_lpcxpresso_4337_m0/Debug/liblpc_board_nxp_lpcxpresso_4337_m0.a(board.o)
 .debug_info    0x000000000000633c      0xa64 /home/shoop/Documents/MCUXpresso_10.2.0_759/workspace/lpc_chip_43xx_m0/Debug/liblpc_chip_43xx_m0.a(chip_18xx_43xx.o)
 .debug_info    0x0000000000006da0     0x15a7 /home/shoop/Documents/MCUXpresso_10.2.0_759/workspace/lpc_chip_43xx_m0/Debug/liblpc_chip_43xx_m0.a(clock_18xx_43xx.o)

.debug_abbrev   0x0000000000000000     0x1653
 .debug_abbrev  0x0000000000000000      0x105 ./src/cr_startup_lpc43xx-m0app.o
 .debug_abbrev  0x0000000000000105      0x193 ./src/dualcore_blinky.o
 .debug_abbrev  0x0000000000000298      0x146 ./freertos/FreeRTOSCommonHooks.o
 .debug_abbrev  0x00000000000003de      0x20f ./freertos/port.o
 .debug_abbrev  0x00000000000005ed      0x288 ./freertos/tasks.o
 .debug_abbrev  0x0000000000000875      0x1c7 ./dualcore_common/ipc_example.o
 .debug_abbrev  0x0000000000000a3c      0x30e ./dualcore_common/ipc_msg.o
 .debug_abbrev  0x0000000000000d4a      0x151 ./dualcore_common/main.o
 .debug_abbrev  0x0000000000000e9b      0x362 /home/shoop/Documents/MCUXpresso_10.2.0_759/workspace/lpc_board_nxp_lpcxpresso_4337_m0/Debug/liblpc_board_nxp_lpcxpresso_4337_m0.a(board.o)
 .debug_abbrev  0x00000000000011fd      0x17b /home/shoop/Documents/MCUXpresso_10.2.0_759/workspace/lpc_chip_43xx_m0/Debug/liblpc_chip_43xx_m0.a(chip_18xx_43xx.o)
 .debug_abbrev  0x0000000000001378      0x2db /home/shoop/Documents/MCUXpresso_10.2.0_759/workspace/lpc_chip_43xx_m0/Debug/liblpc_chip_43xx_m0.a(clock_18xx_43xx.o)

.debug_aranges  0x0000000000000000      0x710
 .debug_aranges
                0x0000000000000000       0x58 ./src/cr_startup_lpc43xx-m0app.o
 .debug_aranges
                0x0000000000000058       0x48 ./src/dualcore_blinky.o
 .debug_aranges
                0x00000000000000a0       0x40 ./freertos/FreeRTOSCommonHooks.o
 .debug_aranges
                0x00000000000000e0       0x88 ./freertos/port.o
 .debug_aranges
                0x0000000000000168      0x170 ./freertos/tasks.o
 .debug_aranges
                0x00000000000002d8       0x80 ./dualcore_common/ipc_example.o
 .debug_aranges
                0x0000000000000358       0x90 ./dualcore_common/ipc_msg.o
 .debug_aranges
                0x00000000000003e8       0x40 ./dualcore_common/main.o
 .debug_aranges
                0x0000000000000428      0x170 /home/shoop/Documents/MCUXpresso_10.2.0_759/workspace/lpc_board_nxp_lpcxpresso_4337_m0/Debug/liblpc_board_nxp_lpcxpresso_4337_m0.a(board.o)
 .debug_aranges
                0x0000000000000598       0x40 /home/shoop/Documents/MCUXpresso_10.2.0_759/workspace/lpc_chip_43xx_m0/Debug/liblpc_chip_43xx_m0.a(chip_18xx_43xx.o)
 .debug_aranges
                0x00000000000005d8      0x138 /home/shoop/Documents/MCUXpresso_10.2.0_759/workspace/lpc_chip_43xx_m0/Debug/liblpc_chip_43xx_m0.a(clock_18xx_43xx.o)

.debug_ranges   0x0000000000000000      0x678
 .debug_ranges  0x0000000000000000       0x48 ./src/cr_startup_lpc43xx-m0app.o
 .debug_ranges  0x0000000000000048       0x38 ./src/dualcore_blinky.o
 .debug_ranges  0x0000000000000080       0x30 ./freertos/FreeRTOSCommonHooks.o
 .debug_ranges  0x00000000000000b0       0x78 ./freertos/port.o
 .debug_ranges  0x0000000000000128      0x160 ./freertos/tasks.o
 .debug_ranges  0x0000000000000288       0x70 ./dualcore_common/ipc_example.o
 .debug_ranges  0x00000000000002f8       0x80 ./dualcore_common/ipc_msg.o
 .debug_ranges  0x0000000000000378       0x30 ./dualcore_common/main.o
 .debug_ranges  0x00000000000003a8      0x160 /home/shoop/Documents/MCUXpresso_10.2.0_759/workspace/lpc_board_nxp_lpcxpresso_4337_m0/Debug/liblpc_board_nxp_lpcxpresso_4337_m0.a(board.o)
 .debug_ranges  0x0000000000000508       0x30 /home/shoop/Documents/MCUXpresso_10.2.0_759/workspace/lpc_chip_43xx_m0/Debug/liblpc_chip_43xx_m0.a(chip_18xx_43xx.o)
 .debug_ranges  0x0000000000000538      0x140 /home/shoop/Documents/MCUXpresso_10.2.0_759/workspace/lpc_chip_43xx_m0/Debug/liblpc_chip_43xx_m0.a(clock_18xx_43xx.o)

.debug_macro    0x0000000000000000     0x76ee
 .debug_macro   0x0000000000000000       0x1d ./src/cr_startup_lpc43xx-m0app.o
 .debug_macro   0x000000000000001d      0xa66 ./src/cr_startup_lpc43xx-m0app.o
 .debug_macro   0x0000000000000a83      0x32e ./src/dualcore_blinky.o
 .debug_macro   0x0000000000000db1       0x10 ./src/dualcore_blinky.o
 .debug_macro   0x0000000000000dc1       0x16 ./src/dualcore_blinky.o
 .debug_macro   0x0000000000000dd7       0x10 ./src/dualcore_blinky.o
 .debug_macro   0x0000000000000de7      0x12d ./src/dualcore_blinky.o
 .debug_macro   0x0000000000000f14      0x5b2 ./src/dualcore_blinky.o
 .debug_macro   0x00000000000014c6       0x22 ./src/dualcore_blinky.o
 .debug_macro   0x00000000000014e8       0x88 ./src/dualcore_blinky.o
 .debug_macro   0x0000000000001570       0x22 ./src/dualcore_blinky.o
 .debug_macro   0x0000000000001592       0x3a ./src/dualcore_blinky.o
 .debug_macro   0x00000000000015cc       0x1f ./src/dualcore_blinky.o
 .debug_macro   0x00000000000015eb      0x242 ./src/dualcore_blinky.o
 .debug_macro   0x000000000000182d      0x2c3 ./src/dualcore_blinky.o
 .debug_macro   0x0000000000001af0      0x112 ./src/dualcore_blinky.o
 .debug_macro   0x0000000000001c02       0x11 ./src/dualcore_blinky.o
 .debug_macro   0x0000000000001c13       0x2a ./src/dualcore_blinky.o
 .debug_macro   0x0000000000001c3d       0x16 ./src/dualcore_blinky.o
 .debug_macro   0x0000000000001c53      0x2e6 ./src/dualcore_blinky.o
 .debug_macro   0x0000000000001f39       0x82 ./src/dualcore_blinky.o
 .debug_macro   0x0000000000001fbb      0x13d ./src/dualcore_blinky.o
 .debug_macro   0x00000000000020f8      0x198 ./src/dualcore_blinky.o
 .debug_macro   0x0000000000002290       0x34 ./src/dualcore_blinky.o
 .debug_macro   0x00000000000022c4       0x58 ./src/dualcore_blinky.o
 .debug_macro   0x000000000000231c      0x236 ./src/dualcore_blinky.o
 .debug_macro   0x0000000000002552      0x572 ./src/dualcore_blinky.o
 .debug_macro   0x0000000000002ac4       0x16 ./src/dualcore_blinky.o
 .debug_macro   0x0000000000002ada      0x18a ./src/dualcore_blinky.o
 .debug_macro   0x0000000000002c64       0x88 ./src/dualcore_blinky.o
 .debug_macro   0x0000000000002cec      0x1b9 ./src/dualcore_blinky.o
 .debug_macro   0x0000000000002ea5      0x1da ./src/dualcore_blinky.o
 .debug_macro   0x000000000000307f       0x40 ./src/dualcore_blinky.o
 .debug_macro   0x00000000000030bf       0x1c ./src/dualcore_blinky.o
 .debug_macro   0x00000000000030db       0x2e ./src/dualcore_blinky.o
 .debug_macro   0x0000000000003109       0x2e ./src/dualcore_blinky.o
 .debug_macro   0x0000000000003137       0x22 ./src/dualcore_blinky.o
 .debug_macro   0x0000000000003159      0x201 ./src/dualcore_blinky.o
 .debug_macro   0x000000000000335a       0xe0 ./src/dualcore_blinky.o
 .debug_macro   0x000000000000343a      0x34c ./src/dualcore_blinky.o
 .debug_macro   0x0000000000003786       0xdc ./src/dualcore_blinky.o
 .debug_macro   0x0000000000003862       0xc4 ./src/dualcore_blinky.o
 .debug_macro   0x0000000000003926       0x8f ./src/dualcore_blinky.o
 .debug_macro   0x00000000000039b5       0x94 ./src/dualcore_blinky.o
 .debug_macro   0x0000000000003a49       0xb8 ./src/dualcore_blinky.o
 .debug_macro   0x0000000000003b01       0x4c ./src/dualcore_blinky.o
 .debug_macro   0x0000000000003b4d       0x16 ./src/dualcore_blinky.o
 .debug_macro   0x0000000000003b63      0x328 ./src/dualcore_blinky.o
 .debug_macro   0x0000000000003e8b       0x3a ./src/dualcore_blinky.o
 .debug_macro   0x0000000000003ec5       0xd0 ./src/dualcore_blinky.o
 .debug_macro   0x0000000000003f95       0x18 ./src/dualcore_blinky.o
 .debug_macro   0x0000000000003fad       0x22 ./src/dualcore_blinky.o
 .debug_macro   0x0000000000003fcf       0x40 ./src/dualcore_blinky.o
 .debug_macro   0x000000000000400f       0xf6 ./src/dualcore_blinky.o
 .debug_macro   0x0000000000004105       0x9a ./src/dualcore_blinky.o
 .debug_macro   0x000000000000419f       0x20 ./src/dualcore_blinky.o
 .debug_macro   0x00000000000041bf       0x99 ./src/dualcore_blinky.o
 .debug_macro   0x0000000000004258       0x4d ./src/dualcore_blinky.o
 .debug_macro   0x00000000000042a5       0x3a ./src/dualcore_blinky.o
 .debug_macro   0x00000000000042df      0x38f ./freertos/FreeRTOSCommonHooks.o
 .debug_macro   0x000000000000466e       0x16 ./freertos/FreeRTOSCommonHooks.o
 .debug_macro   0x0000000000004684       0x40 ./freertos/FreeRTOSCommonHooks.o
 .debug_macro   0x00000000000046c4       0x81 ./freertos/FreeRTOSCommonHooks.o
 .debug_macro   0x0000000000004745       0x11 ./freertos/FreeRTOSCommonHooks.o
 .debug_macro   0x0000000000004756      0x10e ./freertos/FreeRTOSCommonHooks.o
 .debug_macro   0x0000000000004864       0xa9 ./freertos/FreeRTOSCommonHooks.o
 .debug_macro   0x000000000000490d       0x12 ./freertos/FreeRTOSCommonHooks.o
 .debug_macro   0x000000000000491f       0x1f ./freertos/FreeRTOSCommonHooks.o
 .debug_macro   0x000000000000493e      0x353 ./freertos/FreeRTOSCommonHooks.o
 .debug_macro   0x0000000000004c91       0x79 ./freertos/FreeRTOSCommonHooks.o
 .debug_macro   0x0000000000004d0a       0x69 ./freertos/FreeRTOSCommonHooks.o
 .debug_macro   0x0000000000004d73      0x3cd ./freertos/port.o
 .debug_macro   0x0000000000005140      0x430 ./freertos/tasks.o
 .debug_macro   0x0000000000005570       0x91 ./freertos/tasks.o
 .debug_macro   0x0000000000005601       0x17 ./freertos/tasks.o
 .debug_macro   0x0000000000005618      0x341 ./dualcore_common/ipc_example.o
 .debug_macro   0x0000000000005959      0x35f ./dualcore_common/ipc_msg.o
 .debug_macro   0x0000000000005cb8      0x325 ./dualcore_common/main.o
 .debug_macro   0x0000000000005fdd       0xa0 ./dualcore_common/main.o
 .debug_macro   0x000000000000607d      0x32a /home/shoop/Documents/MCUXpresso_10.2.0_759/workspace/lpc_board_nxp_lpcxpresso_4337_m0/Debug/liblpc_board_nxp_lpcxpresso_4337_m0.a(board.o)
 .debug_macro   0x00000000000063a7      0xa5a /home/shoop/Documents/MCUXpresso_10.2.0_759/workspace/lpc_board_nxp_lpcxpresso_4337_m0/Debug/liblpc_board_nxp_lpcxpresso_4337_m0.a(board.o)
 .debug_macro   0x0000000000006e01       0x12 /home/shoop/Documents/MCUXpresso_10.2.0_759/workspace/lpc_board_nxp_lpcxpresso_4337_m0/Debug/liblpc_board_nxp_lpcxpresso_4337_m0.a(board.o)
 .debug_macro   0x0000000000006e13      0x339 /home/shoop/Documents/MCUXpresso_10.2.0_759/workspace/lpc_board_nxp_lpcxpresso_4337_m0/Debug/liblpc_board_nxp_lpcxpresso_4337_m0.a(board.o)
 .debug_macro   0x000000000000714c      0x2ce /home/shoop/Documents/MCUXpresso_10.2.0_759/workspace/lpc_chip_43xx_m0/Debug/liblpc_chip_43xx_m0.a(chip_18xx_43xx.o)
 .debug_macro   0x000000000000741a      0x2d4 /home/shoop/Documents/MCUXpresso_10.2.0_759/workspace/lpc_chip_43xx_m0/Debug/liblpc_chip_43xx_m0.a(clock_18xx_43xx.o)

.debug_line     0x0000000000000000     0x5f81
 .debug_line    0x0000000000000000       0xcd ./src/cr_startup_lpc43xx-m0app.o
 .debug_line    0x00000000000000cd      0x7f0 ./src/dualcore_blinky.o
 .debug_line    0x00000000000008bd      0x8e9 ./freertos/FreeRTOSCommonHooks.o
 .debug_line    0x00000000000011a6      0x93c ./freertos/port.o
 .debug_line    0x0000000000001ae2     0x107f ./freertos/tasks.o
 .debug_line    0x0000000000002b61      0x823 ./dualcore_common/ipc_example.o
 .debug_line    0x0000000000003384      0x8c0 ./dualcore_common/ipc_msg.o
 .debug_line    0x0000000000003c44      0x782 ./dualcore_common/main.o
 .debug_line    0x00000000000043c6      0xa8a /home/shoop/Documents/MCUXpresso_10.2.0_759/workspace/lpc_board_nxp_lpcxpresso_4337_m0/Debug/liblpc_board_nxp_lpcxpresso_4337_m0.a(board.o)
 .debug_line    0x0000000000004e50      0x696 /home/shoop/Documents/MCUXpresso_10.2.0_759/workspace/lpc_chip_43xx_m0/Debug/liblpc_chip_43xx_m0.a(chip_18xx_43xx.o)
 .debug_line    0x00000000000054e6      0xa9b /home/shoop/Documents/MCUXpresso_10.2.0_759/workspace/lpc_chip_43xx_m0/Debug/liblpc_chip_43xx_m0.a(clock_18xx_43xx.o)

.debug_str      0x0000000000000000    0x19744
 .debug_str     0x0000000000000000     0x2dff ./src/cr_startup_lpc43xx-m0app.o
                                       0x2e2d (size before relaxing)
 .debug_str     0x0000000000002dff     0xf86c ./src/dualcore_blinky.o
                                      0x12618 (size before relaxing)
 .debug_str     0x000000000001266b     0x2994 ./freertos/FreeRTOSCommonHooks.o
                                      0x14073 (size before relaxing)
 .debug_str     0x0000000000014fff      0x39c ./freertos/port.o
                                      0x14d6b (size before relaxing)
 .debug_str     0x000000000001539b     0x1aaa ./freertos/tasks.o
                                      0x16528 (size before relaxing)
 .debug_str     0x0000000000016e45      0x169 ./dualcore_common/ipc_example.o
                                      0x1273f (size before relaxing)
 .debug_str     0x0000000000016fae      0x624 ./dualcore_common/ipc_msg.o
                                      0x12bbd (size before relaxing)
 .debug_str     0x00000000000175d2       0x5f ./dualcore_common/main.o
                                      0x11b50 (size before relaxing)
 .debug_str     0x0000000000017631     0x1a0d /home/shoop/Documents/MCUXpresso_10.2.0_759/workspace/lpc_board_nxp_lpcxpresso_4337_m0/Debug/liblpc_board_nxp_lpcxpresso_4337_m0.a(board.o)
                                      0x13b99 (size before relaxing)
 .debug_str     0x000000000001903e       0xee /home/shoop/Documents/MCUXpresso_10.2.0_759/workspace/lpc_chip_43xx_m0/Debug/liblpc_chip_43xx_m0.a(chip_18xx_43xx.o)
                                      0x11d26 (size before relaxing)
 .debug_str     0x000000000001912c      0x618 /home/shoop/Documents/MCUXpresso_10.2.0_759/workspace/lpc_chip_43xx_m0/Debug/liblpc_chip_43xx_m0.a(clock_18xx_43xx.o)
                                      0x122a5 (size before relaxing)

.comment        0x0000000000000000       0x7e
 .comment       0x0000000000000000       0x7e ./src/cr_startup_lpc43xx-m0app.o
                                         0x7f (size before relaxing)
 .comment       0x000000000000007e       0x7f ./src/dualcore_blinky.o
 .comment       0x000000000000007e       0x7f ./freertos/FreeRTOSCommonHooks.o
 .comment       0x000000000000007e       0x7f ./freertos/port.o
 .comment       0x000000000000007e       0x7f ./freertos/tasks.o
 .comment       0x000000000000007e       0x7f ./dualcore_common/ipc_example.o
 .comment       0x000000000000007e       0x7f ./dualcore_common/ipc_msg.o
 .comment       0x000000000000007e       0x7f ./dualcore_common/main.o
 .comment       0x000000000000007e       0x7f /home/shoop/Documents/MCUXpresso_10.2.0_759/workspace/lpc_board_nxp_lpcxpresso_4337_m0/Debug/liblpc_board_nxp_lpcxpresso_4337_m0.a(board.o)
 .comment       0x000000000000007e       0x7f /home/shoop/Documents/MCUXpresso_10.2.0_759/workspace/lpc_chip_43xx_m0/Debug/liblpc_chip_43xx_m0.a(chip_18xx_43xx.o)
 .comment       0x000000000000007e       0x7f /home/shoop/Documents/MCUXpresso_10.2.0_759/workspace/lpc_chip_43xx_m0/Debug/liblpc_chip_43xx_m0.a(clock_18xx_43xx.o)
 .comment       0x000000000000007e       0x7f /usr/local/mcuxpresso-ide/ide/tools/bin/../lib/gcc/arm-none-eabi/7.2.1/../../../../arm-none-eabi/lib/thumb/v6-m/libcr_nohost.a(_cr__main.o)
 .comment       0x000000000000007e       0x7f /usr/local/mcuxpresso-ide/ide/tools/bin/../lib/gcc/arm-none-eabi/7.2.1/../../../../arm-none-eabi/lib/thumb/v6-m/libcr_c.a(memcpy.o)
 .comment       0x000000000000007e       0x7f /usr/local/mcuxpresso-ide/ide/tools/bin/../lib/gcc/arm-none-eabi/7.2.1/../../../../arm-none-eabi/lib/thumb/v6-m/libcr_c.a(memset.o)
 .comment       0x000000000000007e       0x7f /usr/local/mcuxpresso-ide/ide/tools/bin/../lib/gcc/arm-none-eabi/7.2.1/../../../../arm-none-eabi/lib/thumb/v6-m/libcr_c.a(alloc.o)
 .comment       0x000000000000007e       0x7f /usr/local/mcuxpresso-ide/ide/tools/bin/../lib/gcc/arm-none-eabi/7.2.1/../../../../arm-none-eabi/lib/thumb/v6-m/libcr_c.a(initio.o)
 .comment       0x000000000000007e       0x7f /usr/local/mcuxpresso-ide/ide/tools/bin/../lib/gcc/arm-none-eabi/7.2.1/../../../../arm-none-eabi/lib/thumb/v6-m/libcr_c.a(memcmp.o)
 .comment       0x000000000000007e       0x7f /usr/local/mcuxpresso-ide/ide/tools/bin/../lib/gcc/arm-none-eabi/7.2.1/../../../../arm-none-eabi/lib/thumb/v6-m/libcr_c.a(setvbuf.o)
 .comment       0x000000000000007e       0x7f /usr/local/mcuxpresso-ide/ide/tools/bin/../lib/gcc/arm-none-eabi/7.2.1/../../../../arm-none-eabi/lib/thumb/v6-m/libcr_c.a(_fdopen.o)
 .comment       0x000000000000007e       0x7f /usr/local/mcuxpresso-ide/ide/tools/bin/../lib/gcc/arm-none-eabi/7.2.1/../../../../arm-none-eabi/lib/thumb/v6-m/libcr_c.a(errno.o)
 .comment       0x000000000000007e       0x7f /usr/local/mcuxpresso-ide/ide/tools/bin/../lib/gcc/arm-none-eabi/7.2.1/../../../../arm-none-eabi/lib/thumb/v6-m/libcr_c.a(fclose.o)
 .comment       0x000000000000007e       0x7f /usr/local/mcuxpresso-ide/ide/tools/bin/../lib/gcc/arm-none-eabi/7.2.1/../../../../arm-none-eabi/lib/thumb/v6-m/libcr_c.a(fflush.o)
 .comment       0x000000000000007e       0x7f /usr/local/mcuxpresso-ide/ide/tools/bin/../lib/gcc/arm-none-eabi/7.2.1/../../../../arm-none-eabi/lib/thumb/v6-m/libcr_c.a(fseek.o)
 .comment       0x000000000000007e       0x7f /usr/local/mcuxpresso-ide/ide/tools/bin/../lib/gcc/arm-none-eabi/7.2.1/../../../../arm-none-eabi/lib/thumb/v6-m/libcr_c.a(ftell.o)
 .comment       0x000000000000007e       0x7f /usr/local/mcuxpresso-ide/ide/tools/bin/../lib/gcc/arm-none-eabi/7.2.1/../../../../arm-none-eabi/lib/thumb/v6-m/libcr_c.a(remove.o)
 .comment       0x000000000000007e       0x7f /usr/local/mcuxpresso-ide/ide/tools/bin/../lib/gcc/arm-none-eabi/7.2.1/../../../../arm-none-eabi/lib/thumb/v6-m/libcr_c.a(strlen.o)
 .comment       0x000000000000007e       0x7f /usr/local/mcuxpresso-ide/ide/tools/bin/../lib/gcc/arm-none-eabi/7.2.1/../../../../arm-none-eabi/lib/thumb/v6-m/libcr_c.a(_do_fflush.o)
 .comment       0x000000000000007e       0x7f /usr/local/mcuxpresso-ide/ide/tools/bin/../lib/gcc/arm-none-eabi/7.2.1/../../../../arm-none-eabi/lib/thumb/v6-m/libcr_c.a(_fflush.o)
 .comment       0x000000000000007e       0x7f /usr/local/mcuxpresso-ide/ide/tools/bin/../lib/gcc/arm-none-eabi/7.2.1/../../../../arm-none-eabi/lib/thumb/v6-m/libcr_c.a(_writebuf.o)
 .comment       0x000000000000007e       0x7f /usr/local/mcuxpresso-ide/ide/tools/bin/../lib/gcc/arm-none-eabi/7.2.1/../../../../arm-none-eabi/lib/thumb/v6-m/libcr_c.a(_deferredlazyseek.o)
 .comment       0x000000000000007e       0x7f /usr/local/mcuxpresso-ide/ide/tools/bin/../lib/gcc/arm-none-eabi/7.2.1/../../../../arm-none-eabi/lib/thumb/v6-m/libcr_nohost.a(__ciob.o)
 .comment       0x000000000000007e       0x7f /usr/local/mcuxpresso-ide/ide/tools/bin/../lib/gcc/arm-none-eabi/7.2.1/../../../../arm-none-eabi/lib/thumb/v6-m/libcr_nohost.a(__sys_close.o)
 .comment       0x000000000000007e       0x7f /usr/local/mcuxpresso-ide/ide/tools/bin/../lib/gcc/arm-none-eabi/7.2.1/../../../../arm-none-eabi/lib/thumb/v6-m/libcr_nohost.a(__sys_flen.o)
 .comment       0x000000000000007e       0x7f /usr/local/mcuxpresso-ide/ide/tools/bin/../lib/gcc/arm-none-eabi/7.2.1/../../../../arm-none-eabi/lib/thumb/v6-m/libcr_nohost.a(__sys_istty.o)
 .comment       0x000000000000007e       0x7f /usr/local/mcuxpresso-ide/ide/tools/bin/../lib/gcc/arm-none-eabi/7.2.1/../../../../arm-none-eabi/lib/thumb/v6-m/libcr_nohost.a(__sys_remove.o)
 .comment       0x000000000000007e       0x7f /usr/local/mcuxpresso-ide/ide/tools/bin/../lib/gcc/arm-none-eabi/7.2.1/../../../../arm-none-eabi/lib/thumb/v6-m/libcr_nohost.a(__sys_seek.o)
 .comment       0x000000000000007e       0x7f /usr/local/mcuxpresso-ide/ide/tools/bin/../lib/gcc/arm-none-eabi/7.2.1/../../../../arm-none-eabi/lib/thumb/v6-m/libcr_nohost.a(__sys_tmpnam.o)

.ARM.attributes
                0x0000000000000000       0x2f
 .ARM.attributes
                0x0000000000000000       0x31 ./src/cr_startup_lpc43xx-m0app.o
 .ARM.attributes
                0x0000000000000031       0x31 ./src/dualcore_blinky.o
 .ARM.attributes
                0x0000000000000062       0x31 ./freertos/FreeRTOSCommonHooks.o
 .ARM.attributes
                0x0000000000000093       0x31 ./freertos/port.o
 .ARM.attributes
                0x00000000000000c4       0x31 ./freertos/tasks.o
 .ARM.attributes
                0x00000000000000f5       0x31 ./dualcore_common/ipc_example.o
 .ARM.attributes
                0x0000000000000126       0x31 ./dualcore_common/ipc_msg.o
 .ARM.attributes
                0x0000000000000157       0x31 ./dualcore_common/main.o
 .ARM.attributes
                0x0000000000000188       0x31 /home/shoop/Documents/MCUXpresso_10.2.0_759/workspace/lpc_board_nxp_lpcxpresso_4337_m0/Debug/liblpc_board_nxp_lpcxpresso_4337_m0.a(board.o)
 .ARM.attributes
                0x00000000000001b9       0x31 /home/shoop/Documents/MCUXpresso_10.2.0_759/workspace/lpc_chip_43xx_m0/Debug/liblpc_chip_43xx_m0.a(chip_18xx_43xx.o)
 .ARM.attributes
                0x00000000000001ea       0x31 /home/shoop/Documents/MCUXpresso_10.2.0_759/workspace/lpc_chip_43xx_m0/Debug/liblpc_chip_43xx_m0.a(clock_18xx_43xx.o)
 .ARM.attributes
                0x000000000000021b       0x31 /usr/local/mcuxpresso-ide/ide/tools/bin/../lib/gcc/arm-none-eabi/7.2.1/../../../../arm-none-eabi/lib/thumb/v6-m/libcr_nohost.a(_cr__main.o)
 .ARM.attributes
                0x000000000000024c       0x31 /usr/local/mcuxpresso-ide/ide/tools/bin/../lib/gcc/arm-none-eabi/7.2.1/../../../../arm-none-eabi/lib/thumb/v6-m/libcr_c.a(memcpy.o)
 .ARM.attributes
                0x000000000000027d       0x31 /usr/local/mcuxpresso-ide/ide/tools/bin/../lib/gcc/arm-none-eabi/7.2.1/../../../../arm-none-eabi/lib/thumb/v6-m/libcr_c.a(memset.o)
 .ARM.attributes
                0x00000000000002ae       0x31 /usr/local/mcuxpresso-ide/ide/tools/bin/../lib/gcc/arm-none-eabi/7.2.1/../../../../arm-none-eabi/lib/thumb/v6-m/libcr_c.a(alloc.o)
 .ARM.attributes
                0x00000000000002df       0x31 /usr/local/mcuxpresso-ide/ide/tools/bin/../lib/gcc/arm-none-eabi/7.2.1/../../../../arm-none-eabi/lib/thumb/v6-m/libcr_c.a(initio.o)
 .ARM.attributes
                0x0000000000000310       0x31 /usr/local/mcuxpresso-ide/ide/tools/bin/../lib/gcc/arm-none-eabi/7.2.1/../../../../arm-none-eabi/lib/thumb/v6-m/libcr_c.a(memcmp.o)
 .ARM.attributes
                0x0000000000000341       0x31 /usr/local/mcuxpresso-ide/ide/tools/bin/../lib/gcc/arm-none-eabi/7.2.1/../../../../arm-none-eabi/lib/thumb/v6-m/libcr_c.a(setvbuf.o)
 .ARM.attributes
                0x0000000000000372       0x31 /usr/local/mcuxpresso-ide/ide/tools/bin/../lib/gcc/arm-none-eabi/7.2.1/../../../../arm-none-eabi/lib/thumb/v6-m/libcr_c.a(_fdopen.o)
 .ARM.attributes
                0x00000000000003a3       0x31 /usr/local/mcuxpresso-ide/ide/tools/bin/../lib/gcc/arm-none-eabi/7.2.1/../../../../arm-none-eabi/lib/thumb/v6-m/libcr_c.a(errno.o)
 .ARM.attributes
                0x00000000000003d4       0x31 /usr/local/mcuxpresso-ide/ide/tools/bin/../lib/gcc/arm-none-eabi/7.2.1/../../../../arm-none-eabi/lib/thumb/v6-m/libcr_c.a(fclose.o)
 .ARM.attributes
                0x0000000000000405       0x31 /usr/local/mcuxpresso-ide/ide/tools/bin/../lib/gcc/arm-none-eabi/7.2.1/../../../../arm-none-eabi/lib/thumb/v6-m/libcr_c.a(fflush.o)
 .ARM.attributes
                0x0000000000000436       0x31 /usr/local/mcuxpresso-ide/ide/tools/bin/../lib/gcc/arm-none-eabi/7.2.1/../../../../arm-none-eabi/lib/thumb/v6-m/libcr_c.a(fseek.o)
 .ARM.attributes
                0x0000000000000467       0x31 /usr/local/mcuxpresso-ide/ide/tools/bin/../lib/gcc/arm-none-eabi/7.2.1/../../../../arm-none-eabi/lib/thumb/v6-m/libcr_c.a(ftell.o)
 .ARM.attributes
                0x0000000000000498       0x31 /usr/local/mcuxpresso-ide/ide/tools/bin/../lib/gcc/arm-none-eabi/7.2.1/../../../../arm-none-eabi/lib/thumb/v6-m/libcr_c.a(remove.o)
 .ARM.attributes
                0x00000000000004c9       0x31 /usr/local/mcuxpresso-ide/ide/tools/bin/../lib/gcc/arm-none-eabi/7.2.1/../../../../arm-none-eabi/lib/thumb/v6-m/libcr_c.a(strlen.o)
 .ARM.attributes
                0x00000000000004fa       0x31 /usr/local/mcuxpresso-ide/ide/tools/bin/../lib/gcc/arm-none-eabi/7.2.1/../../../../arm-none-eabi/lib/thumb/v6-m/libcr_c.a(_do_fflush.o)
 .ARM.attributes
                0x000000000000052b       0x31 /usr/local/mcuxpresso-ide/ide/tools/bin/../lib/gcc/arm-none-eabi/7.2.1/../../../../arm-none-eabi/lib/thumb/v6-m/libcr_c.a(_fflush.o)
 .ARM.attributes
                0x000000000000055c       0x31 /usr/local/mcuxpresso-ide/ide/tools/bin/../lib/gcc/arm-none-eabi/7.2.1/../../../../arm-none-eabi/lib/thumb/v6-m/libcr_c.a(_writebuf.o)
 .ARM.attributes
                0x000000000000058d       0x31 /usr/local/mcuxpresso-ide/ide/tools/bin/../lib/gcc/arm-none-eabi/7.2.1/../../../../arm-none-eabi/lib/thumb/v6-m/libcr_c.a(_deferredlazyseek.o)
 .ARM.attributes
                0x00000000000005be       0x21 /usr/local/mcuxpresso-ide/ide/tools/bin/../lib/gcc/arm-none-eabi/7.2.1/thumb/v6-m/libcr_eabihelpers.a(division_32.o)
 .ARM.attributes
                0x00000000000005df       0x21 /usr/local/mcuxpresso-ide/ide/tools/bin/../lib/gcc/arm-none-eabi/7.2.1/thumb/v6-m/libcr_eabihelpers.a(division_idiv0.o)
 .ARM.attributes
                0x0000000000000600       0x21 /usr/local/mcuxpresso-ide/ide/tools/bin/../lib/gcc/arm-none-eabi/7.2.1/thumb/v6-m/libcr_eabihelpers.a(memcpy.o)
 .ARM.attributes
                0x0000000000000621       0x31 /usr/local/mcuxpresso-ide/ide/tools/bin/../lib/gcc/arm-none-eabi/7.2.1/../../../../arm-none-eabi/lib/thumb/v6-m/libcr_nohost.a(__ciob.o)
 .ARM.attributes
                0x0000000000000652       0x31 /usr/local/mcuxpresso-ide/ide/tools/bin/../lib/gcc/arm-none-eabi/7.2.1/../../../../arm-none-eabi/lib/thumb/v6-m/libcr_nohost.a(__sys_close.o)
 .ARM.attributes
                0x0000000000000683       0x31 /usr/local/mcuxpresso-ide/ide/tools/bin/../lib/gcc/arm-none-eabi/7.2.1/../../../../arm-none-eabi/lib/thumb/v6-m/libcr_nohost.a(__sys_flen.o)
 .ARM.attributes
                0x00000000000006b4       0x31 /usr/local/mcuxpresso-ide/ide/tools/bin/../lib/gcc/arm-none-eabi/7.2.1/../../../../arm-none-eabi/lib/thumb/v6-m/libcr_nohost.a(__sys_istty.o)
 .ARM.attributes
                0x00000000000006e5       0x31 /usr/local/mcuxpresso-ide/ide/tools/bin/../lib/gcc/arm-none-eabi/7.2.1/../../../../arm-none-eabi/lib/thumb/v6-m/libcr_nohost.a(__sys_remove.o)
 .ARM.attributes
                0x0000000000000716       0x31 /usr/local/mcuxpresso-ide/ide/tools/bin/../lib/gcc/arm-none-eabi/7.2.1/../../../../arm-none-eabi/lib/thumb/v6-m/libcr_nohost.a(__sys_seek.o)
 .ARM.attributes
                0x0000000000000747       0x31 /usr/local/mcuxpresso-ide/ide/tools/bin/../lib/gcc/arm-none-eabi/7.2.1/../../../../arm-none-eabi/lib/thumb/v6-m/libcr_nohost.a(__sys_tmpnam.o)

.debug_frame    0x0000000000000000     0x17d0
 .debug_frame   0x0000000000000000       0xfc ./src/cr_startup_lpc43xx-m0app.o
 .debug_frame   0x00000000000000fc       0xc8 ./src/dualcore_blinky.o
 .debug_frame   0x00000000000001c4       0xa4 ./freertos/FreeRTOSCommonHooks.o
 .debug_frame   0x0000000000000268      0x170 ./freertos/port.o
 .debug_frame   0x00000000000003d8      0x560 ./freertos/tasks.o
 .debug_frame   0x0000000000000938      0x1a8 ./dualcore_common/ipc_example.o
 .debug_frame   0x0000000000000ae0      0x1d4 ./dualcore_common/ipc_msg.o
 .debug_frame   0x0000000000000cb4       0xa8 ./dualcore_common/main.o
 .debug_frame   0x0000000000000d5c      0x550 /home/shoop/Documents/MCUXpresso_10.2.0_759/workspace/lpc_board_nxp_lpcxpresso_4337_m0/Debug/liblpc_board_nxp_lpcxpresso_4337_m0.a(board.o)
 .debug_frame   0x00000000000012ac       0x9c /home/shoop/Documents/MCUXpresso_10.2.0_759/workspace/lpc_chip_43xx_m0/Debug/liblpc_chip_43xx_m0.a(chip_18xx_43xx.o)
 .debug_frame   0x0000000000001348      0x488 /home/shoop/Documents/MCUXpresso_10.2.0_759/workspace/lpc_chip_43xx_m0/Debug/liblpc_chip_43xx_m0.a(clock_18xx_43xx.o)
